Archive member included to satisfy reference by file (symbol)

f:/program files (x86)/atmel/studio/7.0/toolchain/avr8/avr8-gnu-toolchain/bin/../lib/gcc/avr/5.4.0/../../../../avr/lib/avrxmega3\libm.a(addsf3.o)
                              src/i2c_master.o (__subsf3)
f:/program files (x86)/atmel/studio/7.0/toolchain/avr8/avr8-gnu-toolchain/bin/../lib/gcc/avr/5.4.0/../../../../avr/lib/avrxmega3\libm.a(addsf3x.o)
                              f:/program files (x86)/atmel/studio/7.0/toolchain/avr8/avr8-gnu-toolchain/bin/../lib/gcc/avr/5.4.0/../../../../avr/lib/avrxmega3\libm.a(addsf3.o) (__addsf3x)
f:/program files (x86)/atmel/studio/7.0/toolchain/avr8/avr8-gnu-toolchain/bin/../lib/gcc/avr/5.4.0/../../../../avr/lib/avrxmega3\libm.a(divsf3.o)
                              drivers/tempandhum.o (__divsf3)
f:/program files (x86)/atmel/studio/7.0/toolchain/avr8/avr8-gnu-toolchain/bin/../lib/gcc/avr/5.4.0/../../../../avr/lib/avrxmega3\libm.a(divsf3x.o)
                              f:/program files (x86)/atmel/studio/7.0/toolchain/avr8/avr8-gnu-toolchain/bin/../lib/gcc/avr/5.4.0/../../../../avr/lib/avrxmega3\libm.a(divsf3.o) (__divsf3x)
f:/program files (x86)/atmel/studio/7.0/toolchain/avr8/avr8-gnu-toolchain/bin/../lib/gcc/avr/5.4.0/../../../../avr/lib/avrxmega3\libm.a(fixsfsi.o)
                              drivers/tempandhum.o (__fixsfsi)
f:/program files (x86)/atmel/studio/7.0/toolchain/avr8/avr8-gnu-toolchain/bin/../lib/gcc/avr/5.4.0/../../../../avr/lib/avrxmega3\libm.a(fixunssfsi.o)
                              src/i2c_master.o (__fixunssfsi)
f:/program files (x86)/atmel/studio/7.0/toolchain/avr8/avr8-gnu-toolchain/bin/../lib/gcc/avr/5.4.0/../../../../avr/lib/avrxmega3\libm.a(floatsisf.o)
                              src/i2c_master.o (__floatunsisf)
f:/program files (x86)/atmel/studio/7.0/toolchain/avr8/avr8-gnu-toolchain/bin/../lib/gcc/avr/5.4.0/../../../../avr/lib/avrxmega3\libm.a(fp_inf.o)
                              f:/program files (x86)/atmel/studio/7.0/toolchain/avr8/avr8-gnu-toolchain/bin/../lib/gcc/avr/5.4.0/../../../../avr/lib/avrxmega3\libm.a(addsf3x.o) (__fp_inf)
f:/program files (x86)/atmel/studio/7.0/toolchain/avr8/avr8-gnu-toolchain/bin/../lib/gcc/avr/5.4.0/../../../../avr/lib/avrxmega3\libm.a(fp_nan.o)
                              f:/program files (x86)/atmel/studio/7.0/toolchain/avr8/avr8-gnu-toolchain/bin/../lib/gcc/avr/5.4.0/../../../../avr/lib/avrxmega3\libm.a(addsf3x.o) (__fp_nan)
f:/program files (x86)/atmel/studio/7.0/toolchain/avr8/avr8-gnu-toolchain/bin/../lib/gcc/avr/5.4.0/../../../../avr/lib/avrxmega3\libm.a(fp_pscA.o)
                              f:/program files (x86)/atmel/studio/7.0/toolchain/avr8/avr8-gnu-toolchain/bin/../lib/gcc/avr/5.4.0/../../../../avr/lib/avrxmega3\libm.a(addsf3x.o) (__fp_pscA)
f:/program files (x86)/atmel/studio/7.0/toolchain/avr8/avr8-gnu-toolchain/bin/../lib/gcc/avr/5.4.0/../../../../avr/lib/avrxmega3\libm.a(fp_pscB.o)
                              f:/program files (x86)/atmel/studio/7.0/toolchain/avr8/avr8-gnu-toolchain/bin/../lib/gcc/avr/5.4.0/../../../../avr/lib/avrxmega3\libm.a(addsf3x.o) (__fp_pscB)
f:/program files (x86)/atmel/studio/7.0/toolchain/avr8/avr8-gnu-toolchain/bin/../lib/gcc/avr/5.4.0/../../../../avr/lib/avrxmega3\libm.a(fp_round.o)
                              f:/program files (x86)/atmel/studio/7.0/toolchain/avr8/avr8-gnu-toolchain/bin/../lib/gcc/avr/5.4.0/../../../../avr/lib/avrxmega3\libm.a(addsf3.o) (__fp_round)
f:/program files (x86)/atmel/studio/7.0/toolchain/avr8/avr8-gnu-toolchain/bin/../lib/gcc/avr/5.4.0/../../../../avr/lib/avrxmega3\libm.a(fp_split3.o)
                              f:/program files (x86)/atmel/studio/7.0/toolchain/avr8/avr8-gnu-toolchain/bin/../lib/gcc/avr/5.4.0/../../../../avr/lib/avrxmega3\libm.a(addsf3x.o) (__fp_split3)
f:/program files (x86)/atmel/studio/7.0/toolchain/avr8/avr8-gnu-toolchain/bin/../lib/gcc/avr/5.4.0/../../../../avr/lib/avrxmega3\libm.a(fp_zero.o)
                              f:/program files (x86)/atmel/studio/7.0/toolchain/avr8/avr8-gnu-toolchain/bin/../lib/gcc/avr/5.4.0/../../../../avr/lib/avrxmega3\libm.a(addsf3x.o) (__fp_zero)
f:/program files (x86)/atmel/studio/7.0/toolchain/avr8/avr8-gnu-toolchain/bin/../lib/gcc/avr/5.4.0/../../../../avr/lib/avrxmega3\libm.a(mulsf3.o)
                              drivers/tempandhum.o (__mulsf3)
f:/program files (x86)/atmel/studio/7.0/toolchain/avr8/avr8-gnu-toolchain/bin/../lib/gcc/avr/5.4.0/../../../../avr/lib/avrxmega3\libm.a(mulsf3x.o)
                              f:/program files (x86)/atmel/studio/7.0/toolchain/avr8/avr8-gnu-toolchain/bin/../lib/gcc/avr/5.4.0/../../../../avr/lib/avrxmega3\libm.a(mulsf3.o) (__mulsf3x)
f:/program files (x86)/atmel/studio/7.0/toolchain/avr8/avr8-gnu-toolchain/bin/../lib/gcc/avr/5.4.0/avrxmega3\libgcc.a(_exit.o)
                              F:/Program Files (x86)/Atmel/Studio/7.0/Packs/Atmel/ATmega_DFP/1.6.364/gcc/dev/atmega3208/avrxmega3/crtatmega3208.o (exit)
[...]
Memory Configuration

Name             Origin             Length             Attributes
text             0x00000000         0x00008000         xr
data             0x00803000         0x00001000         rw !x
eeprom           0x00810000         0x00000100         rw !x
fuse             0x00820000         0x0000000a         rw !x
lock             0x00830000         0x00000400         rw !x
signature        0x00840000         0x00000400         rw !x
user_signatures  0x00850000         0x00000400         rw !x
*default*        0x00000000         0xffffffff

Linker script and memory map

Address of section .data set to 0x803000
                0x00004000                __RODATA_PM_OFFSET__ = 0x4000
LOAD F:/Program Files (x86)/Atmel/Studio/7.0/Packs/Atmel/ATmega_DFP/1.6.364/gcc/dev/atmega3208/avrxmega3/crtatmega3208.o
LOAD atmel_start.o
LOAD drivers/bluetooth/rn487x/rn487x.o
LOAD drivers/bma253.o
LOAD drivers/mcp9844.o
LOAD drivers/tempandhum.o
LOAD driver_isr.o
LOAD examples/src/i2c_master_example.o
LOAD examples/src/usart_basic_example.o
LOAD main.o
LOAD src/bod.o
LOAD src/clkctrl.o
LOAD src/cpuint.o
LOAD src/driver_init.o
LOAD src/i2c_master.o
LOAD src/i2c_simple_master.o
LOAD src/i2c_types.o
LOAD src/protected_io.o
LOAD src/slpctrl.o
LOAD src/tca.o
LOAD src/usart_basic.o
START GROUP
LOAD f:/program files (x86)/atmel/studio/7.0/toolchain/avr8/avr8-gnu-toolchain/bin/../lib/gcc/avr/5.4.0/../../../../avr/lib/avrxmega3\libm.a
END GROUP
START GROUP
LOAD f:/program files (x86)/atmel/studio/7.0/toolchain/avr8/avr8-gnu-toolchain/bin/../lib/gcc/avr/5.4.0/avrxmega3\libgcc.a
LOAD f:/program files (x86)/atmel/studio/7.0/toolchain/avr8/avr8-gnu-toolchain/bin/../lib/gcc/avr/5.4.0/../../../../avr/lib/avrxmega3\libm.a
LOAD f:/program files (x86)/atmel/studio/7.0/toolchain/avr8/avr8-gnu-toolchain/bin/../lib/gcc/avr/5.4.0/../../../../avr/lib/avrxmega3\libc.a
LOAD F:/Program Files (x86)/Atmel/Studio/7.0/Packs/Atmel/ATmega_DFP/1.6.364/gcc/dev/atmega3208/avrxmega3\libatmega3208.a
END GROUP
                [0x00000000]                __TEXT_REGION_ORIGIN__ = DEFINED (__TEXT_REGION_ORIGIN__)?__TEXT_REGION_ORIGIN__:0x0
                [0x00803000]                __DATA_REGION_ORIGIN__ = DEFINED (__DATA_REGION_ORIGIN__)?__DATA_REGION_ORIGIN__:0x802000
                [0x00008000]                __TEXT_REGION_LENGTH__ = DEFINED (__TEXT_REGION_LENGTH__)?__TEXT_REGION_LENGTH__:0x100000
                [0x00001000]                __DATA_REGION_LENGTH__ = DEFINED (__DATA_REGION_LENGTH__)?__DATA_REGION_LENGTH__:0xffa0
                [0x00000100]                __EEPROM_REGION_LENGTH__ = DEFINED (__EEPROM_REGION_LENGTH__)?__EEPROM_REGION_LENGTH__:0x10000
                [0x0000000a]                __FUSE_REGION_LENGTH__ = DEFINED (__FUSE_REGION_LENGTH__)?__FUSE_REGION_LENGTH__:0x400
                0x00000400                __LOCK_REGION_LENGTH__ = DEFINED (__LOCK_REGION_LENGTH__)?__LOCK_REGION_LENGTH__:0x400
                0x00000400                __SIGNATURE_REGION_LENGTH__ = DEFINED (__SIGNATURE_REGION_LENGTH__)?__SIGNATURE_REGION_LENGTH__:0x400
                0x00000400                __USER_SIGNATURE_REGION_LENGTH__ = DEFINED (__USER_SIGNATURE_REGION_LENGTH__)?__USER_SIGNATURE_REGION_LENGTH__:0x400
                0x00008000                __RODATA_PM_OFFSET__ = DEFINED (__RODATA_PM_OFFSET__)?__RODATA_PM_OFFSET__:0x8000

.hash
 *(.hash)

.dynsym
 *(.dynsym)

.dynstr
 *(.dynstr)

.gnu.version
 *(.gnu.version)

.gnu.version_d
 *(.gnu.version_d)

.gnu.version_r
 *(.gnu.version_r)

.rel.init
 *(.rel.init)

.rela.init
 *(.rela.init)

.rel.text
 *(.rel.text)
 *(.rel.text.*)
 *(.rel.gnu.linkonce.t*)

.rela.text
 *(.rela.text)
 *(.rela.text.*)
 *(.rela.gnu.linkonce.t*)

.rel.fini
 *(.rel.fini)

.rela.fini
 *(.rela.fini)

.rel.rodata
 *(.rel.rodata)
 *(.rel.rodata.*)
 *(.rel.gnu.linkonce.r*)

.rela.rodata
 *(.rela.rodata)
 *(.rela.rodata.*)
 *(.rela.gnu.linkonce.r*)

.rel.data
 *(.rel.data)
 *(.rel.data.*)
 *(.rel.gnu.linkonce.d*)

.rela.data
 *(.rela.data)
 *(.rela.data.*)
 *(.rela.gnu.linkonce.d*)

.rel.ctors
 *(.rel.ctors)

.rela.ctors
 *(.rela.ctors)

.rel.dtors
 *(.rel.dtors)

.rela.dtors
 *(.rela.dtors)

.rel.got
 *(.rel.got)

.rela.got
 *(.rela.got)

.rel.bss
 *(.rel.bss)

.rela.bss
 *(.rela.bss)

.rel.plt
 *(.rel.plt)

.rela.plt
 *(.rela.plt)

.text           0x00000000     0x2420
 *(.vectors)
 .vectors       0x00000000       0x90 F:/Program Files (x86)/Atmel/Studio/7.0/Packs/Atmel/ATmega_DFP/1.6.364/gcc/dev/atmega3208/avrxmega3/crtatmega3208.o
                0x00000000                __vector_default
                0x00000000                __vectors
 *(.vectors)
 *(.progmem.gcc*)
                0x00000090                . = ALIGN (0x2)
                0x00000090                __trampolines_start = .
 *(.trampolines)
 .trampolines   0x00000090        0x0 linker stubs
 *(.trampolines*)
                0x00000090                __trampolines_end = .
 *libprintf_flt.a:*(.progmem.data)
 *libc.a:*(.progmem.data)
 .progmem.data  0x00000090        0xc f:/program files (x86)/atmel/studio/7.0/toolchain/avr8/avr8-gnu-toolchain/bin/../lib/gcc/avr/5.4.0/../../../../avr/lib/avrxmega3\libc.a(vfscanf_std.o)
 *(.progmem*)
                0x0000009c                . = ALIGN (0x2)
 *(.jumptables)
 *(.jumptables*)
 *(.lowtext)
 *(.lowtext*)
                0x0000009c                __ctors_start = .
 *(.ctors)
                0x0000009c                __ctors_end = .
                0x0000009c                __dtors_start = .
 *(.dtors)
                0x0000009c                __dtors_end = .
 SORT(*)(.ctors)
 SORT(*)(.dtors)
 *(.init0)
 .init0         0x0000009c        0x0 F:/Program Files (x86)/Atmel/Studio/7.0/Packs/Atmel/ATmega_DFP/1.6.364/gcc/dev/atmega3208/avrxmega3/crtatmega3208.o
                0x0000009c                __init
 *(.init0)
 *(.init1)
 *(.init1)
 *(.init2)
 .init2         0x0000009c        0xc F:/Program Files (x86)/Atmel/Studio/7.0/Packs/Atmel/ATmega_DFP/1.6.364/gcc/dev/atmega3208/avrxmega3/crtatmega3208.o
 *(.init2)
 *(.init3)
 *(.init3)
 *(.init4)
 .init4         0x000000a8       0x16 f:/program files (x86)/atmel/studio/7.0/toolchain/avr8/avr8-gnu-toolchain/bin/../lib/gcc/avr/5.4.0/avrxmega3\libgcc.a(_copy_data.o)
                0x000000a8                __do_copy_data
 .init4         0x000000be       0x10 f:/program files (x86)/atmel/studio/7.0/toolchain/avr8/avr8-gnu-toolchain/bin/../lib/gcc/avr/5.4.0/avrxmega3\libgcc.a(_clear_bss.o)
                0x000000be                __do_clear_bss
 *(.init4)
 *(.init5)
 *(.init5)
 *(.init6)
 *(.init6)
 *(.init7)
 *(.init7)
 *(.init8)
 *(.init8)
 *(.init9)
 .init9         0x000000ce        0x8 F:/Program Files (x86)/Atmel/Studio/7.0/Packs/Atmel/ATmega_DFP/1.6.364/gcc/dev/atmega3208/avrxmega3/crtatmega3208.o
 *(.init9)
 *(.text)
 .text          0x000000d6        0x4 F:/Program Files (x86)/Atmel/Studio/7.0/Packs/Atmel/ATmega_DFP/1.6.364/gcc/dev/atmega3208/avrxmega3/crtatmega3208.o
                0x000000d6                __vector_22
                0x000000d6                __vector_28
                0x000000d6                __vector_1
                0x000000d6                __vector_34
                0x000000d6                __vector_24
                0x000000d6                __vector_12
                0x000000d6                __bad_interrupt
                0x000000d6                __vector_6
                0x000000d6                __vector_35
                0x000000d6                __vector_3
                0x000000d6                __vector_23
                0x000000d6                __vector_30
                0x000000d6                __vector_25
                0x000000d6                __vector_11
                0x000000d6                __vector_13
                0x000000d6                __vector_19
                0x000000d6                __vector_7
                0x000000d6                __vector_27
                0x000000d6                __vector_5
                0x000000d6                __vector_33
                0x000000d6                __vector_4
                0x000000d6                __vector_9
                0x000000d6                __vector_2
                0x000000d6                __vector_21
                0x000000d6                __vector_29
                0x000000d6                __vector_8
                0x000000d6                __vector_26
                0x000000d6                __vector_14
                0x000000d6                __vector_10
                0x000000d6                __vector_16
                0x000000d6                __vector_20
                0x000000da                . = ALIGN (0x2)
 *(.text.*)
 .text.atmel_start_init
                0x000000da        0x6 atmel_start.o
                0x000000da                atmel_start_init
 .text.rx487x_shutdown
                0x000000e0        0xa drivers/bluetooth/rn487x/rn487x.o
 .text.rn487x_clear_rx_buff
                0x000000ea       0x1e drivers/bluetooth/rn487x/rn487x.o
 .text.rn487x_get_err_from_response
                0x00000108       0x18 drivers/bluetooth/rn487x/rn487x.o
 .text.rx487x_reboot
                0x00000120       0x32 drivers/bluetooth/rn487x/rn487x.o
 .text.rn487x_usb_cdc_isr
                0x00000152       0x56 drivers/bluetooth/rn487x/rn487x.o
 .text.rn487x_cb_isr
                0x000001a8       0x30 drivers/bluetooth/rn487x/rn487x.o
 .text.rn487x_send_ascii_command
                0x000001d8       0xc8 drivers/bluetooth/rn487x/rn487x.o
                0x000001d8                rn487x_send_ascii_command
 .text.rx487x_factory_reset
                0x000002a0        0xe drivers/bluetooth/rn487x/rn487x.o
 .text.rn487x_start_advertising
                0x000002ae        0xa drivers/bluetooth/rn487x/rn487x.o
                0x000002ae                rn487x_start_advertising
 .text.rn487x_stop_advertising
                0x000002b8        0xa drivers/bluetooth/rn487x/rn487x.o
                0x000002b8                rn487x_stop_advertising
 .text.rn487x_kill_connection
                0x000002c2        0xa drivers/bluetooth/rn487x/rn487x.o
                0x000002c2                rn487x_kill_connection
 .text.rn487x_clear_bonding_info
                0x000002cc        0xa drivers/bluetooth/rn487x/rn487x.o
                0x000002cc                rn487x_clear_bonding_info
 .text.rn487x_register_service
                0x000002d6       0x38 drivers/bluetooth/rn487x/rn487x.o
                0x000002d6                rn487x_register_service
 .text.rn487x_register_characteristic
                0x0000030e       0x44 drivers/bluetooth/rn487x/rn487x.o
                0x0000030e                rn487x_register_characteristic
 .text.rn487x_gatt_init
                0x00000352      0x170 drivers/bluetooth/rn487x/rn487x.o
                0x00000352                rn487x_gatt_init
 .text.rn487x_set_address
                0x000004c2       0x8a drivers/bluetooth/rn487x/rn487x.o
                0x000004c2                rn487x_set_address
 .text.rn487x_set_device_name
                0x0000054c       0x2e drivers/bluetooth/rn487x/rn487x.o
                0x0000054c                rn487x_set_device_name
 .text.rn487x_set_appearance
                0x0000057a       0x2e drivers/bluetooth/rn487x/rn487x.o
                0x0000057a                rn487x_set_appearance
 .text.rn487x_set_connection_params
                0x000005a8       0x40 drivers/bluetooth/rn487x/rn487x.o
                0x000005a8                rn487x_set_connection_params
 .text.rn487x_set_security
                0x000005e8       0x58 drivers/bluetooth/rn487x/rn487x.o
                0x000005e8                rn487x_set_security
 .text.rn487x_gap_init
                0x00000640       0x80 drivers/bluetooth/rn487x/rn487x.o
                0x00000640                rn487x_gap_init
 .text.rn487x_init
                0x000006c0       0x64 drivers/bluetooth/rn487x/rn487x.o
 .text.rn487x_read_handle
                0x00000724       0xb0 drivers/bluetooth/rn487x/rn487x.o
                0x00000724                rn487x_read_handle
 .text.rn487x_read_value
                0x000007d4        0xe drivers/bluetooth/rn487x/rn487x.o
                0x000007d4                rn487x_read_value
 .text.rn487x_read_notification
                0x000007e2       0x10 drivers/bluetooth/rn487x/rn487x.o
                0x000007e2                rn487x_read_notification
 .text.rn487x_write_handle
                0x000007f2       0x9c drivers/bluetooth/rn487x/rn487x.o
                0x000007f2                rn487x_write_handle
 .text.rn487x_write_value
                0x0000088e        0xe drivers/bluetooth/rn487x/rn487x.o
                0x0000088e                rn487x_write_value
 .text.rn487x_send_notification
                0x0000089c       0x10 drivers/bluetooth/rn487x/rn487x.o
                0x0000089c                rn487x_send_notification
 .text.rn487x_get_response
                0x000008ac        0x6 drivers/bluetooth/rn487x/rn487x.o
                0x000008ac                rn487x_get_response
 .text.rn487x_parse_responses
                0x000008b2      0x10a drivers/bluetooth/rn487x/rn487x.o
 .text.rn487x_main_loop
                0x000009bc       0x98 drivers/bluetooth/rn487x/rn487x.o
 .text.on_connect
                0x00000a54       0x12 main.o
                0x00000a54                on_connect
 .text.on_disconnect
                0x00000a66       0x12 main.o
                0x00000a66                on_disconnect
 .text.on_connection_secured
                0x00000a78       0x12 main.o
                0x00000a78                on_connection_secured
 .text.on_recieve_notification
                0x00000a8a       0x12 main.o
                0x00000a8a                on_recieve_notification
 .text.on_uart_response
                0x00000a9c       0x12 main.o
                0x00000a9c                on_uart_response
 .text.main     0x00000aae       0xf2 main.o
                0x00000aae                main
 .text.BOD_init
                0x00000ba0        0x4 src/bod.o
                0x00000ba0                BOD_init
 .text.CLKCTRL_init
                0x00000ba4        0x4 src/clkctrl.o
                0x00000ba4                CLKCTRL_init
 .text.CPUINT_init
                0x00000ba8        0x4 src/cpuint.o
                0x00000ba8                CPUINT_init
 .text.mcu_init
                0x00000bac       0x92 src/driver_init.o
                0x00000bac                mcu_init
 .text.rx487x_initialization
                0x00000c3e       0x22 src/driver_init.o
                0x00000c3e                rx487x_initialization
 .text.usb_cdc_initialization
                0x00000c60       0x22 src/driver_init.o
                0x00000c60                usb_cdc_initialization
 .text.system_timer_initialization
                0x00000c82        0x6 src/driver_init.o
                0x00000c82                system_timer_initialization
 .text.i2c_initialization
                0x00000c88       0x4a src/driver_init.o
                0x00000c88                i2c_initialization
 .text.system_init
                0x00000cd2       0x54 src/driver_init.o
                0x00000cd2                system_init
 .text.i2c_do_I2C_RESET
                0x00000d26       0x20 src/i2c_master.o
 .text.i2c_do_I2C_IDLE
                0x00000d46       0x10 src/i2c_master.o
 .text.i2c_do_I2C_SEND_STOP
                0x00000d56       0x10 src/i2c_master.o
 .text.i2c_do_I2C_SEND_ADR_READ
                0x00000d66       0x1c src/i2c_master.o
 .text.i2c_do_I2C_SEND_RESTART
                0x00000d82        0x6 src/i2c_master.o
 .text.i2c_do_I2C_SEND_RESTART_READ
                0x00000d88        0x6 src/i2c_master.o
 .text.i2c_do_I2C_SEND_ADR_WRITE
                0x00000d8e       0x16 src/i2c_master.o
 .text.i2c_do_I2C_SEND_RESTART_WRITE
                0x00000da4        0x6 src/i2c_master.o
 .text.i2c_do_I2C_DO_ADDRESS_NACK
                0x00000daa       0x40 src/i2c_master.o
 .text.i2c_do_I2C_RX_DO_ACK
                0x00000dea        0xe src/i2c_master.o
 .text.i2c_do_I2C_TX_DO_ACK
                0x00000df8        0xe src/i2c_master.o
 .text.i2c_do_I2C_DO_NACK_STOP
                0x00000e06       0x16 src/i2c_master.o
 .text.i2c_do_I2C_DO_NACK_RESTART
                0x00000e1c        0xe src/i2c_master.o
 .text.i2c_do_I2C_TX
                0x00000e2a       0x6c src/i2c_master.o
 .text.i2c_do_I2C_RX
                0x00000e96       0xba src/i2c_master.o
 .text.i2c_do_I2C_TX_EMPTY
                0x00000f50       0x7a src/i2c_master.o
 .text.i2c_do_I2C_BUS_COLLISION
                0x00000fca       0x44 src/i2c_master.o
 .text.i2c_do_I2C_BUS_ERROR
                0x0000100e       0x22 src/i2c_master.o
 .text.i2c_master_isr
                0x00001030       0x60 src/i2c_master.o
 .text.i2c_init
                0x00001090        0xe src/i2c_master.o
                0x00001090                i2c_init
 .text.__vector_15
                0x0000109e       0x48 src/i2c_master.o
                0x0000109e                __vector_15
 .text.SLPCTRL_init
                0x000010e6        0x4 src/slpctrl.o
                0x000010e6                SLPCTRL_init
 .text.system_timer_init
                0x000010ea        0x4 src/tca.o
                0x000010ea                system_timer_init
 .text.rx487x_default_rx_isr_cb
                0x000010ee       0x2a src/usart_basic.o
                0x000010ee                rx487x_default_rx_isr_cb
 .text.rx487x_default_udre_isr_cb
                0x00001118       0x3c src/usart_basic.o
                0x00001118                rx487x_default_udre_isr_cb
 .text.usb_cdc_default_rx_isr_cb
                0x00001154       0x2a src/usart_basic.o
                0x00001154                usb_cdc_default_rx_isr_cb
 .text.usb_cdc_default_udre_isr_cb
                0x0000117e       0x3c src/usart_basic.o
                0x0000117e                usb_cdc_default_udre_isr_cb
 .text.rx487x_set_ISR_cb
                0x000011ba       0x1e src/usart_basic.o
                0x000011ba                rx487x_set_ISR_cb
 .text.__vector_17
                0x000011d8       0x52 src/usart_basic.o
                0x000011d8                __vector_17
 .text.__vector_18
                0x0000122a       0x52 src/usart_basic.o
                0x0000122a                __vector_18
 .text.rx487x_is_tx_ready
                0x0000127c        0x8 src/usart_basic.o
                0x0000127c                rx487x_is_tx_ready
 .text.rx487x_write
                0x00001284       0x38 src/usart_basic.o
                0x00001284                rx487x_write
 .text.rx487x_init
                0x000012bc       0x30 src/usart_basic.o
                0x000012bc                rx487x_init
 .text.rx487x_get_data
                0x000012ec        0x6 src/usart_basic.o
                0x000012ec                rx487x_get_data
 .text.usb_cdc_set_ISR_cb
                0x000012f2       0x1e src/usart_basic.o
                0x000012f2                usb_cdc_set_ISR_cb
 .text.__vector_31
                0x00001310       0x52 src/usart_basic.o
                0x00001310                __vector_31
 .text.__vector_32
                0x00001362       0x52 src/usart_basic.o
                0x00001362                __vector_32
 .text.usb_cdc_write
                0x000013b4       0x38 src/usart_basic.o
                0x000013b4                usb_cdc_write
 .text.usb_cdc_printCHAR
                0x000013ec        0xa src/usart_basic.o
                0x000013ec                usb_cdc_printCHAR
 .text.usb_cdc_init
                0x000013f6       0x40 src/usart_basic.o
                0x000013f6                usb_cdc_init
 .text.usb_cdc_get_data
                0x00001436        0x6 src/usart_basic.o
                0x00001436                usb_cdc_get_data
 .text.libgcc.mul
                0x0000143c       0x16 f:/program files (x86)/atmel/studio/7.0/toolchain/avr8/avr8-gnu-toolchain/bin/../lib/gcc/avr/5.4.0/avrxmega3\libgcc.a(_muluhisi3.o)
                0x0000143c                __muluhisi3
 .text.libgcc.mul
                0x00001452       0x1e f:/program files (x86)/atmel/studio/7.0/toolchain/avr8/avr8-gnu-toolchain/bin/../lib/gcc/avr/5.4.0/avrxmega3\libgcc.a(_umulhisi3.o)
                0x00001452                __umulhisi3
 .text.avr-libc
                0x00001470      0x22c f:/program files (x86)/atmel/studio/7.0/toolchain/avr8/avr8-gnu-toolchain/bin/../lib/gcc/avr/5.4.0/../../../../avr/lib/avrxmega3\libc.a(strtol.o)
                0x00001470                strtol
 .text.avr-libc
                0x0000169c       0x12 f:/program files (x86)/atmel/studio/7.0/toolchain/avr8/avr8-gnu-toolchain/bin/../lib/gcc/avr/5.4.0/../../../../avr/lib/avrxmega3\libc.a(isspace.o)
                0x0000169c                isspace
 .text.avr-libc
                0x000016ae       0x1e f:/program files (x86)/atmel/studio/7.0/toolchain/avr8/avr8-gnu-toolchain/bin/../lib/gcc/avr/5.4.0/../../../../avr/lib/avrxmega3\libc.a(strncpy.o)
                0x000016ae                strncpy
 .text.avr-libc
                0x000016cc       0x34 f:/program files (x86)/atmel/studio/7.0/toolchain/avr8/avr8-gnu-toolchain/bin/../lib/gcc/avr/5.4.0/../../../../avr/lib/avrxmega3\libc.a(strstr.o)
                0x000016cc                strstr
 .text.avr-libc
                0x00001700       0x2c f:/program files (x86)/atmel/studio/7.0/toolchain/avr8/avr8-gnu-toolchain/bin/../lib/gcc/avr/5.4.0/../../../../avr/lib/avrxmega3\libc.a(printf.o)
                0x00001700                printf
 .text.avr-libc
                0x0000172c        0xe f:/program files (x86)/atmel/studio/7.0/toolchain/avr8/avr8-gnu-toolchain/bin/../lib/gcc/avr/5.4.0/../../../../avr/lib/avrxmega3\libc.a(putchar.o)
                0x0000172c                putchar
 .text.avr-libc
                0x0000173a       0x60 f:/program files (x86)/atmel/studio/7.0/toolchain/avr8/avr8-gnu-toolchain/bin/../lib/gcc/avr/5.4.0/../../../../avr/lib/avrxmega3\libc.a(puts.o)
                0x0000173a                puts
 .text.avr-libc
                0x0000179a       0x44 f:/program files (x86)/atmel/studio/7.0/toolchain/avr8/avr8-gnu-toolchain/bin/../lib/gcc/avr/5.4.0/../../../../avr/lib/avrxmega3\libc.a(sprintf.o)
                0x0000179a                sprintf
 .text.avr-libc
                0x000017de       0x32 f:/program files (x86)/atmel/studio/7.0/toolchain/avr8/avr8-gnu-toolchain/bin/../lib/gcc/avr/5.4.0/../../../../avr/lib/avrxmega3\libc.a(sscanf.o)
                0x000017de                sscanf
 .text.avr-libc
                0x00001810      0x3c2 f:/program files (x86)/atmel/studio/7.0/toolchain/avr8/avr8-gnu-toolchain/bin/../lib/gcc/avr/5.4.0/../../../../avr/lib/avrxmega3\libc.a(vfprintf_std.o)
                0x00001810                vfprintf
 .text.avr-libc
                0x00001bd2      0x55a f:/program files (x86)/atmel/studio/7.0/toolchain/avr8/avr8-gnu-toolchain/bin/../lib/gcc/avr/5.4.0/../../../../avr/lib/avrxmega3\libc.a(vfscanf_std.o)
                0x00001f0a                vfscanf
 .text.avr-libc
                0x0000212c        0x6 f:/program files (x86)/atmel/studio/7.0/toolchain/avr8/avr8-gnu-toolchain/bin/../lib/gcc/avr/5.4.0/../../../../avr/lib/avrxmega3\libc.a(cty_isfalse.o)
                0x0000212c                __ctype_isfalse
                0x00002130                __ctype_istrue
 .text.avr-libc
                0x00002132       0x16 f:/program files (x86)/atmel/studio/7.0/toolchain/avr8/avr8-gnu-toolchain/bin/../lib/gcc/avr/5.4.0/../../../../avr/lib/avrxmega3\libc.a(strchr_P.o)
                0x00002132                strchr_P
 .text.avr-libc
                0x00002148       0x16 f:/program files (x86)/atmel/studio/7.0/toolchain/avr8/avr8-gnu-toolchain/bin/../lib/gcc/avr/5.4.0/../../../../avr/lib/avrxmega3\libc.a(strnlen_P.o)
                0x00002148                strnlen_P
 .text.avr-libc
                0x0000215e       0x16 f:/program files (x86)/atmel/studio/7.0/toolchain/avr8/avr8-gnu-toolchain/bin/../lib/gcc/avr/5.4.0/../../../../avr/lib/avrxmega3\libc.a(strnlen.o)
                0x0000215e                strnlen
 .text.avr-libc
                0x00002174       0x7c f:/program files (x86)/atmel/studio/7.0/toolchain/avr8/avr8-gnu-toolchain/bin/../lib/gcc/avr/5.4.0/../../../../avr/lib/avrxmega3\libc.a(fgetc.o)
                0x00002174                fgetc
 .text.avr-libc
                0x000021f0       0x78 f:/program files (x86)/atmel/studio/7.0/toolchain/avr8/avr8-gnu-toolchain/bin/../lib/gcc/avr/5.4.0/../../../../avr/lib/avrxmega3\libc.a(fputc.o)
                0x000021f0                fputc
 .text.avr-libc
                0x00002268       0x32 f:/program files (x86)/atmel/studio/7.0/toolchain/avr8/avr8-gnu-toolchain/bin/../lib/gcc/avr/5.4.0/../../../../avr/lib/avrxmega3\libc.a(ungetc.o)
                0x00002268                ungetc
 .text.avr-libc
                0x0000229a       0xbc f:/program files (x86)/atmel/studio/7.0/toolchain/avr8/avr8-gnu-toolchain/bin/../lib/gcc/avr/5.4.0/../../../../avr/lib/avrxmega3\libc.a(ultoa_invert.o)
                0x0000229a                __ultoa_invert
 .text.libgcc.mul
                0x00002356       0x20 f:/program files (x86)/atmel/studio/7.0/toolchain/avr8/avr8-gnu-toolchain/bin/../lib/gcc/avr/5.4.0/avrxmega3\libgcc.a(_mulsi3.o)
                0x00002356                __mulsi3
 .text.libgcc.div
                0x00002376       0x44 f:/program files (x86)/atmel/studio/7.0/toolchain/avr8/avr8-gnu-toolchain/bin/../lib/gcc/avr/5.4.0/avrxmega3\libgcc.a(_udivmodsi4.o)
                0x00002376                __udivmodsi4
 .text.libgcc.prologue
                0x000023ba       0x32 f:/program files (x86)/atmel/studio/7.0/toolchain/avr8/avr8-gnu-toolchain/bin/../lib/gcc/avr/5.4.0/avrxmega3\libgcc.a(_prologue.o)
                0x000023ba                __prologue_saves__
 .text.libgcc.prologue
                0x000023ec       0x30 f:/program files (x86)/atmel/studio/7.0/toolchain/avr8/avr8-gnu-toolchain/bin/../lib/gcc/avr/5.4.0/avrxmega3\libgcc.a(_epilogue.o)
                0x000023ec                __epilogue_restores__
                0x0000241c                . = ALIGN (0x2)
 *(.fini9)
 .fini9         0x0000241c        0x0 f:/program files (x86)/atmel/studio/7.0/toolchain/avr8/avr8-gnu-toolchain/bin/../lib/gcc/avr/5.4.0/avrxmega3\libgcc.a(_exit.o)
                0x0000241c                _exit
                0x0000241c                exit
 *(.fini9)
 *(.fini8)
 *(.fini8)
 *(.fini7)
 *(.fini7)
 *(.fini6)
 *(.fini6)
 *(.fini5)
 *(.fini5)
 *(.fini4)
 *(.fini4)
 *(.fini3)
 *(.fini3)
 *(.fini2)
 *(.fini2)
 *(.fini1)
 *(.fini1)
 *(.fini0)
 .fini0         0x0000241c        0x4 f:/program files (x86)/atmel/studio/7.0/toolchain/avr8/avr8-gnu-toolchain/bin/../lib/gcc/avr/5.4.0/avrxmega3\libgcc.a(_exit.o)
 *(.fini0)
                0x00002420                _etext = .

.rodata         0x00006420      0x1fc load address 0x00002420
 *(.rodata)
 .rodata        0x00006420        0xa main.o
 *(.rodata*)
 .rodata.str1.1
                0x0000642a      0x19d drivers/bluetooth/rn487x/rn487x.o
 .rodata.str1.1
                0x000065c7       0x55 main.o
 *(.gnu.linkonce.r*)

.data           0x00803000       0x8e load address 0x0000261c
                0x00803000                PROVIDE (__data_start, .)
 *(.data)
 *(.data*)
 .data.temp_and_hum_characteristics
                0x00803000        0x4 drivers/bluetooth/rn487x/rn487x.o
 .data.rn487x_services
                0x00803004        0x2 drivers/bluetooth/rn487x/rn487x.o
 .data.rn487x_gap_ops
                0x00803006        0x8 drivers/bluetooth/rn487x/rn487x.o
 .data.rn487x_gatt_ops
                0x0080300e        0x8 drivers/bluetooth/rn487x/rn487x.o
 .data.rn487x_sys_ops
                0x00803016        0x6 drivers/bluetooth/rn487x/rn487x.o
 .data.temp_and_hum_service
                0x0080301c        0x8 drivers/bluetooth/rn487x/rn487x.o
                0x0080301c                temp_and_hum_service
 .data.humidity_read_characteristic
                0x00803024        0x6 drivers/bluetooth/rn487x/rn487x.o
                0x00803024                humidity_read_characteristic
 .data.temp_read_characteristic
                0x0080302a        0x6 drivers/bluetooth/rn487x/rn487x.o
                0x0080302a                temp_read_characteristic
 .data.rn487x   0x00803030       0x10 drivers/bluetooth/rn487x/rn487x.o
                0x00803030                rn487x
 .data.rn487x_config
                0x00803040       0x14 drivers/bluetooth/rn487x/rn487x.o
                0x00803040                rn487x_config
 .data.i2c_fsmStateTable
                0x00803054       0x24 src/i2c_master.o
                0x00803054                i2c_fsmStateTable
 .data.usb_cdc_udre_isr_cb
                0x00803078        0x2 src/usart_basic.o
                0x00803078                usb_cdc_udre_isr_cb
 .data.usb_cdc_rx_isr_cb
                0x0080307a        0x2 src/usart_basic.o
                0x0080307a                usb_cdc_rx_isr_cb
 .data.usb_cdc_stream
                0x0080307c        0xe src/usart_basic.o
                0x0080307c                usb_cdc_stream
 .data.rx487x_udre_isr_cb
                0x0080308a        0x2 src/usart_basic.o
                0x0080308a                rx487x_udre_isr_cb
 .data.rx487x_rx_isr_cb
                0x0080308c        0x2 src/usart_basic.o
                0x0080308c                rx487x_rx_isr_cb
 *(.gnu.linkonce.d*)
                0x0080308e                . = ALIGN (0x2)
                0x0080308e                _edata = .
                0x0080308e                PROVIDE (__data_end, .)

.bss            0x0080308e      0x7ca
                0x0080308e                PROVIDE (__bss_start, .)
 *(.bss)
 *(.bss*)
 .bss.rn487x_events
                0x0080308e        0xe drivers/bluetooth/rn487x/rn487x.o
 .bss.rn487x_cmd_buff_b
                0x0080309c      0x100 drivers/bluetooth/rn487x/rn487x.o
 .bss.rn487x_cmd_buff_a
                0x0080319c      0x100 drivers/bluetooth/rn487x/rn487x.o
 .bss.usb_rx_wptr
                0x0080329c        0x2 drivers/bluetooth/rn487x/rn487x.o
 .bss.rn487x_usb_rx_buff
                0x0080329e       0x80 drivers/bluetooth/rn487x/rn487x.o
 .bss.rx_wptr   0x0080331e        0x2 drivers/bluetooth/rn487x/rn487x.o
 .bss.rn487x_rx_buff
                0x00803320      0x100 drivers/bluetooth/rn487x/rn487x.o
 .bss.i2c_status
                0x00803420       0x24 src/i2c_master.o
                0x00803420                i2c_status
 .bss.usb_cdc_tx_elements
                0x00803444        0x1 src/usart_basic.o
 .bss.usb_cdc_tx_tail
                0x00803445        0x1 src/usart_basic.o
 .bss.usb_cdc_tx_head
                0x00803446        0x1 src/usart_basic.o
 .bss.usb_cdc_txbuf
                0x00803447      0x100 src/usart_basic.o
 .bss.usb_cdc_rx_elements
                0x00803547        0x1 src/usart_basic.o
 .bss.usb_cdc_rx_tail
                0x00803548        0x1 src/usart_basic.o
 .bss.usb_cdc_rx_head
                0x00803549        0x1 src/usart_basic.o
 .bss.usb_cdc_rxbuf
                0x0080354a      0x100 src/usart_basic.o
 .bss.rx487x_tx_elements
                0x0080364a        0x1 src/usart_basic.o
 .bss.rx487x_tx_tail
                0x0080364b        0x1 src/usart_basic.o
 .bss.rx487x_tx_head
                0x0080364c        0x1 src/usart_basic.o
 .bss.rx487x_txbuf
                0x0080364d      0x100 src/usart_basic.o
 .bss.rx487x_rx_elements
                0x0080374d        0x1 src/usart_basic.o
 .bss.rx487x_rx_tail
                0x0080374e        0x1 src/usart_basic.o
 .bss.rx487x_rx_head
                0x0080374f        0x1 src/usart_basic.o
 .bss.rx487x_rxbuf
                0x00803750      0x100 src/usart_basic.o
 *(COMMON)
 COMMON         0x00803850        0x6 f:/program files (x86)/atmel/studio/7.0/toolchain/avr8/avr8-gnu-toolchain/bin/../lib/gcc/avr/5.4.0/../../../../avr/lib/avrxmega3\libc.a(iob.o)
                0x00803850                __iob
 COMMON         0x00803856        0x2 f:/program files (x86)/atmel/studio/7.0/toolchain/avr8/avr8-gnu-toolchain/bin/../lib/gcc/avr/5.4.0/../../../../avr/lib/avrxmega3\libc.a(errno.o)
                0x00803856                errno
                0x00803858                PROVIDE (__bss_end, .)
                0x0000261c                __data_load_start = LOADADDR (.data)
                0x000026aa                __data_load_end = (__data_load_start + SIZEOF (.data))

.noinit         0x00803858        0x0
                [!provide]                PROVIDE (__noinit_start, .)
 *(.noinit*)
                [!provide]                PROVIDE (__noinit_end, .)
                0x00803858                _end = .
                [!provide]                PROVIDE (__heap_start, .)

.eeprom         0x00810000        0x0
 *(.eeprom*)
                0x00810000                __eeprom_end = .

.fuse
 *(.fuse)
 *(.lfuse)
 *(.hfuse)
 *(.efuse)

.lock
 *(.lock*)

.signature
 *(.signature*)

.user_signatures
 *(.user_signatures*)

.stab
 *(.stab)

.stabstr
 *(.stabstr)

.stab.excl
 *(.stab.excl)

.stab.exclstr
 *(.stab.exclstr)

.stab.index
 *(.stab.index)

.stab.indexstr
 *(.stab.indexstr)

.comment        0x00000000       0x5c
 *(.comment)
 .comment       0x00000000       0x30 atmel_start.o
                                 0x31 (size before relaxing)
 .comment       0x00000030       0x31 drivers/bluetooth/rn487x/rn487x.o
 .comment       0x00000030       0x31 main.o
 .comment       0x00000030       0x31 src/bod.o
 .comment       0x00000030       0x31 src/clkctrl.o
 .comment       0x00000030       0x31 src/cpuint.o
 .comment       0x00000030       0x31 src/driver_init.o
 .comment       0x00000030       0x31 src/i2c_master.o
 .comment       0x00000030       0x31 src/slpctrl.o
 .comment       0x00000030       0x31 src/tca.o
 .comment       0x00000030       0x31 src/usart_basic.o
 .comment       0x00000030       0x31 f:/program files (x86)/atmel/studio/7.0/toolchain/avr8/avr8-gnu-toolchain/bin/../lib/gcc/avr/5.4.0/../../../../avr/lib/avrxmega3\libc.a(strtol.o)
 .comment       0x00000030       0x31 f:/program files (x86)/atmel/studio/7.0/toolchain/avr8/avr8-gnu-toolchain/bin/../lib/gcc/avr/5.4.0/../../../../avr/lib/avrxmega3\libc.a(iob.o)
 .comment       0x00000030       0x31 f:/program files (x86)/atmel/studio/7.0/toolchain/avr8/avr8-gnu-toolchain/bin/../lib/gcc/avr/5.4.0/../../../../avr/lib/avrxmega3\libc.a(printf.o)
 .comment       0x00000030       0x31 f:/program files (x86)/atmel/studio/7.0/toolchain/avr8/avr8-gnu-toolchain/bin/../lib/gcc/avr/5.4.0/../../../../avr/lib/avrxmega3\libc.a(putchar.o)
 .comment       0x00000030       0x31 f:/program files (x86)/atmel/studio/7.0/toolchain/avr8/avr8-gnu-toolchain/bin/../lib/gcc/avr/5.4.0/../../../../avr/lib/avrxmega3\libc.a(puts.o)
 .comment       0x00000030       0x31 f:/program files (x86)/atmel/studio/7.0/toolchain/avr8/avr8-gnu-toolchain/bin/../lib/gcc/avr/5.4.0/../../../../avr/lib/avrxmega3\libc.a(sprintf.o)
 .comment       0x00000030       0x31 f:/program files (x86)/atmel/studio/7.0/toolchain/avr8/avr8-gnu-toolchain/bin/../lib/gcc/avr/5.4.0/../../../../avr/lib/avrxmega3\libc.a(sscanf.o)
 .comment       0x00000030       0x2c f:/program files (x86)/atmel/studio/7.0/toolchain/avr8/avr8-gnu-toolchain/bin/../lib/gcc/avr/5.4.0/../../../../avr/lib/avrxmega3\libc.a(vfprintf_std.o)
                                 0x2d (size before relaxing)
 .comment       0x0000005c       0x2d f:/program files (x86)/atmel/studio/7.0/toolchain/avr8/avr8-gnu-toolchain/bin/../lib/gcc/avr/5.4.0/../../../../avr/lib/avrxmega3\libc.a(vfscanf_std.o)
 .comment       0x0000005c       0x2d f:/program files (x86)/atmel/studio/7.0/toolchain/avr8/avr8-gnu-toolchain/bin/../lib/gcc/avr/5.4.0/../../../../avr/lib/avrxmega3\libc.a(errno.o)
 .comment       0x0000005c       0x31 f:/program files (x86)/atmel/studio/7.0/toolchain/avr8/avr8-gnu-toolchain/bin/../lib/gcc/avr/5.4.0/../../../../avr/lib/avrxmega3\libc.a(fgetc.o)
 .comment       0x0000005c       0x31 f:/program files (x86)/atmel/studio/7.0/toolchain/avr8/avr8-gnu-toolchain/bin/../lib/gcc/avr/5.4.0/../../../../avr/lib/avrxmega3\libc.a(fputc.o)
 .comment       0x0000005c       0x31 f:/program files (x86)/atmel/studio/7.0/toolchain/avr8/avr8-gnu-toolchain/bin/../lib/gcc/avr/5.4.0/../../../../avr/lib/avrxmega3\libc.a(ungetc.o)

.note.gnu.avr.deviceinfo
                0x00000000       0x40
 .note.gnu.avr.deviceinfo
                0x00000000       0x40 F:/Program Files (x86)/Atmel/Studio/7.0/Packs/Atmel/ATmega_DFP/1.6.364/gcc/dev/atmega3208/avrxmega3/crtatmega3208.o

.note.gnu.build-id
 *(.note.gnu.build-id)

.debug
 *(.debug)

.line
 *(.line)

.debug_srcinfo
 *(.debug_srcinfo)

.debug_sfnames
 *(.debug_sfnames)

.debug_aranges  0x00000000      0x4d0
 *(.debug_aranges)
 .debug_aranges
                0x00000000       0x20 atmel_start.o
 .debug_aranges
                0x00000020      0x110 drivers/bluetooth/rn487x/rn487x.o
 .debug_aranges
                0x00000130       0x48 main.o
 .debug_aranges
                0x00000178       0x20 src/bod.o
 .debug_aranges
                0x00000198       0x20 src/clkctrl.o
 .debug_aranges
                0x000001b8       0x20 src/cpuint.o
 .debug_aranges
                0x000001d8       0x48 src/driver_init.o
 .debug_aranges
                0x00000220      0x148 src/i2c_master.o
 .debug_aranges
                0x00000368       0x28 src/slpctrl.o
 .debug_aranges
                0x00000390       0x20 src/tca.o
 .debug_aranges
                0x000003b0      0x120 src/usart_basic.o

.debug_pubnames
 *(.debug_pubnames)

.debug_info     0x00000000     0x7218
 *(.debug_info .gnu.linkonce.wi.*)
 .debug_info    0x00000000     0x229c F:/Program Files (x86)/Atmel/Studio/7.0/Packs/Atmel/ATmega_DFP/1.6.364/gcc/dev/atmega3208/avrxmega3/crtatmega3208.o
 .debug_info    0x0000229c       0xa1 atmel_start.o
 .debug_info    0x0000233d     0x1be2 drivers/bluetooth/rn487x/rn487x.o
 .debug_info    0x00003f1f      0x8b9 main.o
 .debug_info    0x000047d8       0x8d src/bod.o
 .debug_info    0x00004865       0x8d src/clkctrl.o
 .debug_info    0x000048f2       0x8d src/cpuint.o
 .debug_info    0x0000497f     0x10c8 src/driver_init.o
 .debug_info    0x00005a47      0xc75 src/i2c_master.o
 .debug_info    0x000066bc      0x14b src/slpctrl.o
 .debug_info    0x00006807       0x8d src/tca.o
 .debug_info    0x00006894      0x984 src/usart_basic.o

.debug_abbrev   0x00000000     0x3165
 *(.debug_abbrev)
 .debug_abbrev  0x00000000     0x20c2 F:/Program Files (x86)/Atmel/Studio/7.0/Packs/Atmel/ATmega_DFP/1.6.364/gcc/dev/atmega3208/avrxmega3/crtatmega3208.o
 .debug_abbrev  0x000020c2       0x63 atmel_start.o
 .debug_abbrev  0x00002125      0x431 drivers/bluetooth/rn487x/rn487x.o
 .debug_abbrev  0x00002556      0x1a8 main.o
 .debug_abbrev  0x000026fe       0x51 src/bod.o
 .debug_abbrev  0x0000274f       0x51 src/clkctrl.o
 .debug_abbrev  0x000027a0       0x51 src/cpuint.o
 .debug_abbrev  0x000027f1      0x1e1 src/driver_init.o
 .debug_abbrev  0x000029d2      0x30a src/i2c_master.o
 .debug_abbrev  0x00002cdc       0xd6 src/slpctrl.o
 .debug_abbrev  0x00002db2       0x51 src/tca.o
 .debug_abbrev  0x00002e03      0x362 src/usart_basic.o

.debug_line     0x00000000     0x23a4
 *(.debug_line .debug_line.* .debug_line_end)
 .debug_line    0x00000000      0x16f F:/Program Files (x86)/Atmel/Studio/7.0/Packs/Atmel/ATmega_DFP/1.6.364/gcc/dev/atmega3208/avrxmega3/crtatmega3208.o
 .debug_line    0x0000016f       0x60 atmel_start.o
 .debug_line    0x000001cf      0x9b4 drivers/bluetooth/rn487x/rn487x.o
 .debug_line    0x00000b83      0x255 main.o
 .debug_line    0x00000dd8       0xa2 src/bod.o
 .debug_line    0x00000e7a       0xa6 src/clkctrl.o
 .debug_line    0x00000f20       0xa5 src/cpuint.o
 .debug_line    0x00000fc5      0x3c3 src/driver_init.o
 .debug_line    0x00001388      0x817 src/i2c_master.o
 .debug_line    0x00001b9f      0x11c src/slpctrl.o
 .debug_line    0x00001cbb       0xa2 src/tca.o
 .debug_line    0x00001d5d      0x647 src/usart_basic.o

.debug_frame    0x00000000      0xd14
 *(.debug_frame)
 .debug_frame   0x00000000       0x24 atmel_start.o
 .debug_frame   0x00000024      0x4e0 drivers/bluetooth/rn487x/rn487x.o
 .debug_frame   0x00000504       0xc0 main.o
 .debug_frame   0x000005c4       0x24 src/bod.o
 .debug_frame   0x000005e8       0x24 src/clkctrl.o
 .debug_frame   0x0000060c       0x24 src/cpuint.o
 .debug_frame   0x00000630       0x74 src/driver_init.o
 .debug_frame   0x000006a4      0x2d4 src/i2c_master.o
 .debug_frame   0x00000978       0x34 src/slpctrl.o
 .debug_frame   0x000009ac       0x24 src/tca.o
 .debug_frame   0x000009d0      0x344 src/usart_basic.o

.debug_str      0x00000000     0x3165
 *(.debug_str)
 .debug_str     0x00000000      0xecd F:/Program Files (x86)/Atmel/Studio/7.0/Packs/Atmel/ATmega_DFP/1.6.364/gcc/dev/atmega3208/avrxmega3/crtatmega3208.o
 .debug_str     0x00000ecd      0x143 atmel_start.o
                                0x17c (size before relaxing)
 .debug_str     0x00001010      0xfaa drivers/bluetooth/rn487x/rn487x.o
                               0x125e (size before relaxing)
 .debug_str     0x00001fba       0x70 main.o
                                0xcfd (size before relaxing)
 .debug_str     0x0000202a       0x16 src/bod.o
                                0x164 (size before relaxing)
 .debug_str     0x00002040       0x1e src/clkctrl.o
                                0x16c (size before relaxing)
 .debug_str     0x0000205e       0x1c src/cpuint.o
                                0x16a (size before relaxing)
 .debug_str     0x0000207a      0x48a src/driver_init.o
                                0x691 (size before relaxing)
 .debug_str     0x00002504      0x6f7 src/i2c_master.o
                                0x98c (size before relaxing)
 .debug_str     0x00002bfb       0xb0 src/slpctrl.o
                                0x230 (size before relaxing)
 .debug_str     0x00002cab        0xd src/tca.o
                                0x16d (size before relaxing)
 .debug_str     0x00002cb8      0x4ad src/usart_basic.o
                                0x6ec (size before relaxing)

.debug_loc      0x00000000     0x26f6
 *(.debug_loc)
 .debug_loc     0x00000000     0x1692 drivers/bluetooth/rn487x/rn487x.o
 .debug_loc     0x00001692      0x173 main.o
 .debug_loc     0x00001805      0x51d src/driver_init.o
 .debug_loc     0x00001d22      0x538 src/i2c_master.o
 .debug_loc     0x0000225a       0x21 src/slpctrl.o
 .debug_loc     0x0000227b      0x47b src/usart_basic.o

.debug_macinfo
 *(.debug_macinfo)

.debug_weaknames
 *(.debug_weaknames)

.debug_funcnames
 *(.debug_funcnames)

.debug_typenames
 *(.debug_typenames)

.debug_varnames
 *(.debug_varnames)

.debug_pubtypes
 *(.debug_pubtypes)

.debug_ranges   0x00000000      0x438
 *(.debug_ranges)
 .debug_ranges  0x00000000       0x10 atmel_start.o
 .debug_ranges  0x00000010      0x118 drivers/bluetooth/rn487x/rn487x.o
 .debug_ranges  0x00000128       0x38 main.o
 .debug_ranges  0x00000160       0x10 src/bod.o
 .debug_ranges  0x00000170       0x10 src/clkctrl.o
 .debug_ranges  0x00000180       0x10 src/cpuint.o
 .debug_ranges  0x00000190       0x38 src/driver_init.o
 .debug_ranges  0x000001c8      0x138 src/i2c_master.o
 .debug_ranges  0x00000300       0x18 src/slpctrl.o
 .debug_ranges  0x00000318       0x10 src/tca.o
 .debug_ranges  0x00000328      0x110 src/usart_basic.o

.debug_macro
 *(.debug_macro)
OUTPUT(ble_sensor.elf elf32-avr)
LOAD linker stubs
