Archive member included to satisfy reference by file (symbol)

f:/program files (x86)/atmel/studio/7.0/toolchain/avr8/avr8-gnu-toolchain/bin/../lib/gcc/avr/5.4.0/../../../../avr/lib/avrxmega3\libm.a(addsf3.o)
                              src/i2c_master.o (__subsf3)
f:/program files (x86)/atmel/studio/7.0/toolchain/avr8/avr8-gnu-toolchain/bin/../lib/gcc/avr/5.4.0/../../../../avr/lib/avrxmega3\libm.a(addsf3x.o)
                              f:/program files (x86)/atmel/studio/7.0/toolchain/avr8/avr8-gnu-toolchain/bin/../lib/gcc/avr/5.4.0/../../../../avr/lib/avrxmega3\libm.a(addsf3.o) (__addsf3x)
f:/program files (x86)/atmel/studio/7.0/toolchain/avr8/avr8-gnu-toolchain/bin/../lib/gcc/avr/5.4.0/../../../../avr/lib/avrxmega3\libm.a(divsf3.o)
                              drivers/tempandhum.o (__divsf3)
f:/program files (x86)/atmel/studio/7.0/toolchain/avr8/avr8-gnu-toolchain/bin/../lib/gcc/avr/5.4.0/../../../../avr/lib/avrxmega3\libm.a(divsf3x.o)
                              f:/program files (x86)/atmel/studio/7.0/toolchain/avr8/avr8-gnu-toolchain/bin/../lib/gcc/avr/5.4.0/../../../../avr/lib/avrxmega3\libm.a(divsf3.o) (__divsf3x)
f:/program files (x86)/atmel/studio/7.0/toolchain/avr8/avr8-gnu-toolchain/bin/../lib/gcc/avr/5.4.0/../../../../avr/lib/avrxmega3\libm.a(fixunssfsi.o)
                              src/i2c_master.o (__fixunssfsi)
f:/program files (x86)/atmel/studio/7.0/toolchain/avr8/avr8-gnu-toolchain/bin/../lib/gcc/avr/5.4.0/../../../../avr/lib/avrxmega3\libm.a(floatsisf.o)
                              src/i2c_master.o (__floatunsisf)
f:/program files (x86)/atmel/studio/7.0/toolchain/avr8/avr8-gnu-toolchain/bin/../lib/gcc/avr/5.4.0/../../../../avr/lib/avrxmega3\libm.a(fp_inf.o)
                              f:/program files (x86)/atmel/studio/7.0/toolchain/avr8/avr8-gnu-toolchain/bin/../lib/gcc/avr/5.4.0/../../../../avr/lib/avrxmega3\libm.a(addsf3x.o) (__fp_inf)
f:/program files (x86)/atmel/studio/7.0/toolchain/avr8/avr8-gnu-toolchain/bin/../lib/gcc/avr/5.4.0/../../../../avr/lib/avrxmega3\libm.a(fp_nan.o)
                              f:/program files (x86)/atmel/studio/7.0/toolchain/avr8/avr8-gnu-toolchain/bin/../lib/gcc/avr/5.4.0/../../../../avr/lib/avrxmega3\libm.a(addsf3x.o) (__fp_nan)
f:/program files (x86)/atmel/studio/7.0/toolchain/avr8/avr8-gnu-toolchain/bin/../lib/gcc/avr/5.4.0/../../../../avr/lib/avrxmega3\libm.a(fp_pscA.o)
                              f:/program files (x86)/atmel/studio/7.0/toolchain/avr8/avr8-gnu-toolchain/bin/../lib/gcc/avr/5.4.0/../../../../avr/lib/avrxmega3\libm.a(addsf3x.o) (__fp_pscA)
f:/program files (x86)/atmel/studio/7.0/toolchain/avr8/avr8-gnu-toolchain/bin/../lib/gcc/avr/5.4.0/../../../../avr/lib/avrxmega3\libm.a(fp_pscB.o)
                              f:/program files (x86)/atmel/studio/7.0/toolchain/avr8/avr8-gnu-toolchain/bin/../lib/gcc/avr/5.4.0/../../../../avr/lib/avrxmega3\libm.a(addsf3x.o) (__fp_pscB)
f:/program files (x86)/atmel/studio/7.0/toolchain/avr8/avr8-gnu-toolchain/bin/../lib/gcc/avr/5.4.0/../../../../avr/lib/avrxmega3\libm.a(fp_round.o)
                              f:/program files (x86)/atmel/studio/7.0/toolchain/avr8/avr8-gnu-toolchain/bin/../lib/gcc/avr/5.4.0/../../../../avr/lib/avrxmega3\libm.a(addsf3.o) (__fp_round)
f:/program files (x86)/atmel/studio/7.0/toolchain/avr8/avr8-gnu-toolchain/bin/../lib/gcc/avr/5.4.0/../../../../avr/lib/avrxmega3\libm.a(fp_split3.o)
                              f:/program files (x86)/atmel/studio/7.0/toolchain/avr8/avr8-gnu-toolchain/bin/../lib/gcc/avr/5.4.0/../../../../avr/lib/avrxmega3\libm.a(addsf3x.o) (__fp_split3)
f:/program files (x86)/atmel/studio/7.0/toolchain/avr8/avr8-gnu-toolchain/bin/../lib/gcc/avr/5.4.0/../../../../avr/lib/avrxmega3\libm.a(fp_zero.o)
                              f:/program files (x86)/atmel/studio/7.0/toolchain/avr8/avr8-gnu-toolchain/bin/../lib/gcc/avr/5.4.0/../../../../avr/lib/avrxmega3\libm.a(addsf3x.o) (__fp_zero)
f:/program files (x86)/atmel/studio/7.0/toolchain/avr8/avr8-gnu-toolchain/bin/../lib/gcc/avr/5.4.0/../../../../avr/lib/avrxmega3\libm.a(mulsf3.o)
                              drivers/tempandhum.o (__mulsf3)
f:/program files (x86)/atmel/studio/7.0/toolchain/avr8/avr8-gnu-toolchain/bin/../lib/gcc/avr/5.4.0/../../../../avr/lib/avrxmega3\libm.a(mulsf3x.o)
                              f:/program files (x86)/atmel/studio/7.0/toolchain/avr8/avr8-gnu-toolchain/bin/../lib/gcc/avr/5.4.0/../../../../avr/lib/avrxmega3\libm.a(mulsf3.o) (__mulsf3x)
f:/program files (x86)/atmel/studio/7.0/toolchain/avr8/avr8-gnu-toolchain/bin/../lib/gcc/avr/5.4.0/../../../../avr/lib/avrxmega3\libprintf_flt.a(vfprintf_flt.o)
                              (vfprintf)
f:/program files (x86)/atmel/studio/7.0/toolchain/avr8/avr8-gnu-toolchain/bin/../lib/gcc/avr/5.4.0/avrxmega3\libgcc.a(_exit.o)
                              F:/Program Files (x86)/Atmel/Studio/7.0/Packs/Atmel/ATmega_DFP/1.6.364/gcc/dev/atmega3208/avrxmega3/crtatmega3208.o (exit)
[...]
Memory Configuration

Name             Origin             Length             Attributes
text             0x00000000         0x00008000         xr
data             0x00803000         0x00001000         rw !x
eeprom           0x00810000         0x00000100         rw !x
fuse             0x00820000         0x0000000a         rw !x
lock             0x00830000         0x00000400         rw !x
signature        0x00840000         0x00000400         rw !x
user_signatures  0x00850000         0x00000400         rw !x
*default*        0x00000000         0xffffffff

Linker script and memory map

Address of section .data set to 0x803000
                0x00004000                __RODATA_PM_OFFSET__ = 0x4000
LOAD F:/Program Files (x86)/Atmel/Studio/7.0/Packs/Atmel/ATmega_DFP/1.6.364/gcc/dev/atmega3208/avrxmega3/crtatmega3208.o
LOAD atmel_start.o
LOAD drivers/bluetooth/rn487x/rn487x.o
LOAD drivers/bma253.o
LOAD drivers/mcp9844.o
LOAD drivers/tempandhum.o
LOAD driver_isr.o
LOAD examples/src/i2c_master_example.o
LOAD examples/src/usart_basic_example.o
LOAD main.o
LOAD src/bod.o
LOAD src/clkctrl.o
LOAD src/cpuint.o
LOAD src/driver_init.o
LOAD src/i2c_master.o
LOAD src/i2c_simple_master.o
LOAD src/i2c_types.o
LOAD src/protected_io.o
LOAD src/slpctrl.o
LOAD src/tca.o
LOAD src/usart_basic.o
START GROUP
LOAD f:/program files (x86)/atmel/studio/7.0/toolchain/avr8/avr8-gnu-toolchain/bin/../lib/gcc/avr/5.4.0/../../../../avr/lib/avrxmega3\libm.a
END GROUP
LOAD f:/program files (x86)/atmel/studio/7.0/toolchain/avr8/avr8-gnu-toolchain/bin/../lib/gcc/avr/5.4.0/../../../../avr/lib/avrxmega3\libprintf_flt.a
START GROUP
LOAD f:/program files (x86)/atmel/studio/7.0/toolchain/avr8/avr8-gnu-toolchain/bin/../lib/gcc/avr/5.4.0/avrxmega3\libgcc.a
LOAD f:/program files (x86)/atmel/studio/7.0/toolchain/avr8/avr8-gnu-toolchain/bin/../lib/gcc/avr/5.4.0/../../../../avr/lib/avrxmega3\libm.a
LOAD f:/program files (x86)/atmel/studio/7.0/toolchain/avr8/avr8-gnu-toolchain/bin/../lib/gcc/avr/5.4.0/../../../../avr/lib/avrxmega3\libc.a
LOAD F:/Program Files (x86)/Atmel/Studio/7.0/Packs/Atmel/ATmega_DFP/1.6.364/gcc/dev/atmega3208/avrxmega3\libatmega3208.a
END GROUP
                [0x00000000]                __TEXT_REGION_ORIGIN__ = DEFINED (__TEXT_REGION_ORIGIN__)?__TEXT_REGION_ORIGIN__:0x0
                [0x00803000]                __DATA_REGION_ORIGIN__ = DEFINED (__DATA_REGION_ORIGIN__)?__DATA_REGION_ORIGIN__:0x802000
                [0x00008000]                __TEXT_REGION_LENGTH__ = DEFINED (__TEXT_REGION_LENGTH__)?__TEXT_REGION_LENGTH__:0x100000
                [0x00001000]                __DATA_REGION_LENGTH__ = DEFINED (__DATA_REGION_LENGTH__)?__DATA_REGION_LENGTH__:0xffa0
                [0x00000100]                __EEPROM_REGION_LENGTH__ = DEFINED (__EEPROM_REGION_LENGTH__)?__EEPROM_REGION_LENGTH__:0x10000
                [0x0000000a]                __FUSE_REGION_LENGTH__ = DEFINED (__FUSE_REGION_LENGTH__)?__FUSE_REGION_LENGTH__:0x400
                0x00000400                __LOCK_REGION_LENGTH__ = DEFINED (__LOCK_REGION_LENGTH__)?__LOCK_REGION_LENGTH__:0x400
                0x00000400                __SIGNATURE_REGION_LENGTH__ = DEFINED (__SIGNATURE_REGION_LENGTH__)?__SIGNATURE_REGION_LENGTH__:0x400
                0x00000400                __USER_SIGNATURE_REGION_LENGTH__ = DEFINED (__USER_SIGNATURE_REGION_LENGTH__)?__USER_SIGNATURE_REGION_LENGTH__:0x400
                0x00008000                __RODATA_PM_OFFSET__ = DEFINED (__RODATA_PM_OFFSET__)?__RODATA_PM_OFFSET__:0x8000

.hash
 *(.hash)

.dynsym
 *(.dynsym)

.dynstr
 *(.dynstr)

.gnu.version
 *(.gnu.version)

.gnu.version_d
 *(.gnu.version_d)

.gnu.version_r
 *(.gnu.version_r)

.rel.init
 *(.rel.init)

.rela.init
 *(.rela.init)

.rel.text
 *(.rel.text)
 *(.rel.text.*)
 *(.rel.gnu.linkonce.t*)

.rela.text
 *(.rela.text)
 *(.rela.text.*)
 *(.rela.gnu.linkonce.t*)

.rel.fini
 *(.rel.fini)

.rela.fini
 *(.rela.fini)

.rel.rodata
 *(.rel.rodata)
 *(.rel.rodata.*)
 *(.rel.gnu.linkonce.r*)

.rela.rodata
 *(.rela.rodata)
 *(.rela.rodata.*)
 *(.rela.gnu.linkonce.r*)

.rel.data
 *(.rel.data)
 *(.rel.data.*)
 *(.rel.gnu.linkonce.d*)

.rela.data
 *(.rela.data)
 *(.rela.data.*)
 *(.rela.gnu.linkonce.d*)

.rel.ctors
 *(.rel.ctors)

.rela.ctors
 *(.rela.ctors)

.rel.dtors
 *(.rel.dtors)

.rela.dtors
 *(.rela.dtors)

.rel.got
 *(.rel.got)

.rela.got
 *(.rela.got)

.rel.bss
 *(.rel.bss)

.rela.bss
 *(.rela.bss)

.rel.plt
 *(.rel.plt)

.rela.plt
 *(.rela.plt)

.text           0x00000000     0x353a
 *(.vectors)
 .vectors       0x00000000       0x90 F:/Program Files (x86)/Atmel/Studio/7.0/Packs/Atmel/ATmega_DFP/1.6.364/gcc/dev/atmega3208/avrxmega3/crtatmega3208.o
                0x00000000                __vector_default
                0x00000000                __vectors
 *(.vectors)
 *(.progmem.gcc*)
                0x00000090                . = ALIGN (0x2)
                0x00000090                __trampolines_start = .
 *(.trampolines)
 .trampolines   0x00000090        0x0 linker stubs
 *(.trampolines*)
                0x00000090                __trampolines_end = .
 *libprintf_flt.a:*(.progmem.data)
 .progmem.data  0x00000090        0x8 f:/program files (x86)/atmel/studio/7.0/toolchain/avr8/avr8-gnu-toolchain/bin/../lib/gcc/avr/5.4.0/../../../../avr/lib/avrxmega3\libprintf_flt.a(vfprintf_flt.o)
 *libc.a:*(.progmem.data)
 .progmem.data  0x00000098       0xfa f:/program files (x86)/atmel/studio/7.0/toolchain/avr8/avr8-gnu-toolchain/bin/../lib/gcc/avr/5.4.0/../../../../avr/lib/avrxmega3\libc.a(ftoa_engine.o)
 .progmem.data  0x00000192        0xc f:/program files (x86)/atmel/studio/7.0/toolchain/avr8/avr8-gnu-toolchain/bin/../lib/gcc/avr/5.4.0/../../../../avr/lib/avrxmega3\libc.a(vfscanf_std.o)
 *(.progmem*)
                0x0000019e                . = ALIGN (0x2)
 *(.jumptables)
 *(.jumptables*)
 *(.lowtext)
 *(.lowtext*)
                0x0000019e                __ctors_start = .
 *(.ctors)
                0x0000019e                __ctors_end = .
                0x0000019e                __dtors_start = .
 *(.dtors)
                0x0000019e                __dtors_end = .
 SORT(*)(.ctors)
 SORT(*)(.dtors)
 *(.init0)
 .init0         0x0000019e        0x0 F:/Program Files (x86)/Atmel/Studio/7.0/Packs/Atmel/ATmega_DFP/1.6.364/gcc/dev/atmega3208/avrxmega3/crtatmega3208.o
                0x0000019e                __init
 *(.init0)
 *(.init1)
 *(.init1)
 *(.init2)
 .init2         0x0000019e        0xc F:/Program Files (x86)/Atmel/Studio/7.0/Packs/Atmel/ATmega_DFP/1.6.364/gcc/dev/atmega3208/avrxmega3/crtatmega3208.o
 *(.init2)
 *(.init3)
 *(.init3)
 *(.init4)
 .init4         0x000001aa       0x16 f:/program files (x86)/atmel/studio/7.0/toolchain/avr8/avr8-gnu-toolchain/bin/../lib/gcc/avr/5.4.0/avrxmega3\libgcc.a(_copy_data.o)
                0x000001aa                __do_copy_data
 .init4         0x000001c0       0x10 f:/program files (x86)/atmel/studio/7.0/toolchain/avr8/avr8-gnu-toolchain/bin/../lib/gcc/avr/5.4.0/avrxmega3\libgcc.a(_clear_bss.o)
                0x000001c0                __do_clear_bss
 *(.init4)
 *(.init5)
 *(.init5)
 *(.init6)
 *(.init6)
 *(.init7)
 *(.init7)
 *(.init8)
 *(.init8)
 *(.init9)
 .init9         0x000001d0        0x8 F:/Program Files (x86)/Atmel/Studio/7.0/Packs/Atmel/ATmega_DFP/1.6.364/gcc/dev/atmega3208/avrxmega3/crtatmega3208.o
 *(.init9)
 *(.text)
 .text          0x000001d8        0x4 F:/Program Files (x86)/Atmel/Studio/7.0/Packs/Atmel/ATmega_DFP/1.6.364/gcc/dev/atmega3208/avrxmega3/crtatmega3208.o
                0x000001d8                __vector_22
                0x000001d8                __vector_28
                0x000001d8                __vector_1
                0x000001d8                __vector_34
                0x000001d8                __vector_24
                0x000001d8                __vector_12
                0x000001d8                __bad_interrupt
                0x000001d8                __vector_6
                0x000001d8                __vector_35
                0x000001d8                __vector_3
                0x000001d8                __vector_23
                0x000001d8                __vector_30
                0x000001d8                __vector_25
                0x000001d8                __vector_11
                0x000001d8                __vector_13
                0x000001d8                __vector_19
                0x000001d8                __vector_7
                0x000001d8                __vector_27
                0x000001d8                __vector_5
                0x000001d8                __vector_33
                0x000001d8                __vector_4
                0x000001d8                __vector_9
                0x000001d8                __vector_2
                0x000001d8                __vector_21
                0x000001d8                __vector_29
                0x000001d8                __vector_8
                0x000001d8                __vector_26
                0x000001d8                __vector_14
                0x000001d8                __vector_10
                0x000001d8                __vector_16
                0x000001d8                __vector_20
                0x000001dc                . = ALIGN (0x2)
 *(.text.*)
 .text.atmel_start_init
                0x000001dc        0x6 atmel_start.o
                0x000001dc                atmel_start_init
 .text.rx487x_shutdown
                0x000001e2        0xa drivers/bluetooth/rn487x/rn487x.o
 .text.rn487x_clear_rx_buff
                0x000001ec       0x1e drivers/bluetooth/rn487x/rn487x.o
 .text.rn487x_get_err_from_response
                0x0000020a       0x18 drivers/bluetooth/rn487x/rn487x.o
 .text.rx487x_reboot
                0x00000222       0x44 drivers/bluetooth/rn487x/rn487x.o
 .text.rn487x_usb_cdc_isr
                0x00000266       0x56 drivers/bluetooth/rn487x/rn487x.o
 .text.rn487x_cb_isr
                0x000002bc       0x30 drivers/bluetooth/rn487x/rn487x.o
 .text.rn487x_send_ascii_command
                0x000002ec       0xc8 drivers/bluetooth/rn487x/rn487x.o
                0x000002ec                rn487x_send_ascii_command
 .text.rx487x_factory_reset
                0x000003b4        0xe drivers/bluetooth/rn487x/rn487x.o
 .text.rn487x_start_advertising
                0x000003c2        0xa drivers/bluetooth/rn487x/rn487x.o
                0x000003c2                rn487x_start_advertising
 .text.rn487x_stop_advertising
                0x000003cc        0xa drivers/bluetooth/rn487x/rn487x.o
                0x000003cc                rn487x_stop_advertising
 .text.rn487x_kill_connection
                0x000003d6        0xa drivers/bluetooth/rn487x/rn487x.o
                0x000003d6                rn487x_kill_connection
 .text.rn487x_clear_bonding_info
                0x000003e0        0xa drivers/bluetooth/rn487x/rn487x.o
                0x000003e0                rn487x_clear_bonding_info
 .text.rn487x_register_service
                0x000003ea       0x38 drivers/bluetooth/rn487x/rn487x.o
                0x000003ea                rn487x_register_service
 .text.rn487x_register_characteristic
                0x00000422       0x44 drivers/bluetooth/rn487x/rn487x.o
                0x00000422                rn487x_register_characteristic
 .text.rn487x_gatt_init
                0x00000466      0x170 drivers/bluetooth/rn487x/rn487x.o
                0x00000466                rn487x_gatt_init
 .text.rn487x_set_address
                0x000005d6       0x8a drivers/bluetooth/rn487x/rn487x.o
                0x000005d6                rn487x_set_address
 .text.rn487x_set_device_name
                0x00000660       0x2e drivers/bluetooth/rn487x/rn487x.o
                0x00000660                rn487x_set_device_name
 .text.rn487x_set_appearance
                0x0000068e       0x2e drivers/bluetooth/rn487x/rn487x.o
                0x0000068e                rn487x_set_appearance
 .text.rn487x_set_connection_params
                0x000006bc       0x40 drivers/bluetooth/rn487x/rn487x.o
                0x000006bc                rn487x_set_connection_params
 .text.rn487x_set_security
                0x000006fc       0x58 drivers/bluetooth/rn487x/rn487x.o
                0x000006fc                rn487x_set_security
 .text.rn487x_gap_init
                0x00000754       0x80 drivers/bluetooth/rn487x/rn487x.o
                0x00000754                rn487x_gap_init
 .text.rn487x_init
                0x000007d4       0x64 drivers/bluetooth/rn487x/rn487x.o
                0x000007d4                rn487x_init
 .text.rn487x_read_handle
                0x00000838       0xb0 drivers/bluetooth/rn487x/rn487x.o
                0x00000838                rn487x_read_handle
 .text.rn487x_read_value
                0x000008e8        0xe drivers/bluetooth/rn487x/rn487x.o
                0x000008e8                rn487x_read_value
 .text.rn487x_read_notification
                0x000008f6       0x10 drivers/bluetooth/rn487x/rn487x.o
                0x000008f6                rn487x_read_notification
 .text.rn487x_write_handle
                0x00000906       0x9c drivers/bluetooth/rn487x/rn487x.o
                0x00000906                rn487x_write_handle
 .text.rn487x_write_value
                0x000009a2        0xe drivers/bluetooth/rn487x/rn487x.o
                0x000009a2                rn487x_write_value
 .text.rn487x_send_notification
                0x000009b0       0x10 drivers/bluetooth/rn487x/rn487x.o
                0x000009b0                rn487x_send_notification
 .text.rn487x_get_response
                0x000009c0        0x6 drivers/bluetooth/rn487x/rn487x.o
                0x000009c0                rn487x_get_response
 .text.rn487x_parse_responses
                0x000009c6      0x10a drivers/bluetooth/rn487x/rn487x.o
 .text.rn487x_main_loop
                0x00000ad0       0x9a drivers/bluetooth/rn487x/rn487x.o
 .text.calibrate
                0x00000b6a      0x164 drivers/tempandhum.o
                0x00000b6a                calibrate
 .text.tempandhum_init
                0x00000cce       0x50 drivers/tempandhum.o
                0x00000cce                tempandhum_init
 .text.temphum_get_humidity
                0x00000d1e      0x132 drivers/tempandhum.o
                0x00000d1e                temphum_get_humidity
 .text.temphum_get_temp
                0x00000e50      0x132 drivers/tempandhum.o
                0x00000e50                temphum_get_temp
 .text.on_disconnect
                0x00000f82        0x2 main.o
                0x00000f82                on_disconnect
 .text.on_connection_secured
                0x00000f84        0x2 main.o
                0x00000f84                on_connection_secured
 .text.on_recieve_notification
                0x00000f86        0x2 main.o
                0x00000f86                on_recieve_notification
 .text.on_uart_response
                0x00000f88        0x2 main.o
                0x00000f88                on_uart_response
 .text.on_connect
                0x00000f8a       0x32 main.o
                0x00000f8a                on_connect
 .text.main     0x00000fbc      0x186 main.o
                0x00000fbc                main
 .text.BOD_init
                0x00001142        0x4 src/bod.o
                0x00001142                BOD_init
 .text.CLKCTRL_init
                0x00001146        0x4 src/clkctrl.o
                0x00001146                CLKCTRL_init
 .text.CPUINT_init
                0x0000114a        0x4 src/cpuint.o
                0x0000114a                CPUINT_init
 .text.mcu_init
                0x0000114e       0x92 src/driver_init.o
                0x0000114e                mcu_init
 .text.rx487x_initialization
                0x000011e0       0x22 src/driver_init.o
                0x000011e0                rx487x_initialization
 .text.usb_cdc_initialization
                0x00001202       0x22 src/driver_init.o
                0x00001202                usb_cdc_initialization
 .text.system_timer_initialization
                0x00001224        0x6 src/driver_init.o
                0x00001224                system_timer_initialization
 .text.i2c_initialization
                0x0000122a       0x4a src/driver_init.o
                0x0000122a                i2c_initialization
 .text.system_init
                0x00001274       0x54 src/driver_init.o
                0x00001274                system_init
 .text.i2c_do_I2C_RESET
                0x000012c8       0x20 src/i2c_master.o
 .text.i2c_do_I2C_IDLE
                0x000012e8       0x10 src/i2c_master.o
 .text.i2c_do_I2C_SEND_STOP
                0x000012f8       0x10 src/i2c_master.o
 .text.i2c_do_I2C_SEND_ADR_READ
                0x00001308       0x1c src/i2c_master.o
 .text.i2c_do_I2C_SEND_RESTART
                0x00001324        0x6 src/i2c_master.o
 .text.i2c_do_I2C_SEND_RESTART_READ
                0x0000132a        0x6 src/i2c_master.o
 .text.i2c_do_I2C_SEND_ADR_WRITE
                0x00001330       0x16 src/i2c_master.o
 .text.i2c_do_I2C_SEND_RESTART_WRITE
                0x00001346        0x6 src/i2c_master.o
 .text.i2c_do_I2C_DO_ADDRESS_NACK
                0x0000134c       0x40 src/i2c_master.o
 .text.i2c_do_I2C_RX_DO_ACK
                0x0000138c        0xe src/i2c_master.o
 .text.i2c_do_I2C_TX_DO_ACK
                0x0000139a        0xe src/i2c_master.o
 .text.i2c_do_I2C_DO_NACK_STOP
                0x000013a8       0x16 src/i2c_master.o
 .text.i2c_do_I2C_DO_NACK_RESTART
                0x000013be        0xe src/i2c_master.o
 .text.i2c_do_I2C_TX
                0x000013cc       0x6c src/i2c_master.o
 .text.i2c_do_I2C_RX
                0x00001438       0xba src/i2c_master.o
 .text.i2c_do_I2C_TX_EMPTY
                0x000014f2       0x7a src/i2c_master.o
 .text.i2c_do_I2C_BUS_COLLISION
                0x0000156c       0x44 src/i2c_master.o
 .text.i2c_do_I2C_BUS_ERROR
                0x000015b0       0x22 src/i2c_master.o
 .text.i2c_master_isr
                0x000015d2       0x60 src/i2c_master.o
 .text.i2c_return_stop
                0x00001632        0x4 src/i2c_master.o
 .text.i2c_return_reset
                0x00001636        0x4 src/i2c_master.o
 .text.i2c_set_callback
                0x0000163a       0x52 src/i2c_master.o
 .text.i2c_set_data_complete_callback
                0x0000168c        0xc src/i2c_master.o
                0x0000168c                i2c_set_data_complete_callback
 .text.i2c_set_address_nack_callback
                0x00001698        0xc src/i2c_master.o
                0x00001698                i2c_set_address_nack_callback
 .text.i2c_init
                0x000016a4        0xe src/i2c_master.o
                0x000016a4                i2c_init
 .text.i2c_open
                0x000016b2       0x7a src/i2c_master.o
                0x000016b2                i2c_open
 .text.i2c_close
                0x0000172c       0x50 src/i2c_master.o
                0x0000172c                i2c_close
 .text.i2c_set_buffer
                0x0000177c       0x1e src/i2c_master.o
                0x0000177c                i2c_set_buffer
 .text.i2c_master_operation
                0x0000179a       0x2e src/i2c_master.o
                0x0000179a                i2c_master_operation
 .text.i2c_master_write
                0x000017c8        0x8 src/i2c_master.o
                0x000017c8                i2c_master_write
 .text.__vector_15
                0x000017d0       0x48 src/i2c_master.o
                0x000017d0                __vector_15
 .text.i2c_wr1RegCompleteHandler
                0x00001818       0x18 src/i2c_simple_master.o
 .text.i2c_rd1RegCompleteHandler
                0x00001830       0x18 src/i2c_simple_master.o
 .text.i2c_write1ByteRegister
                0x00001848       0x88 src/i2c_simple_master.o
                0x00001848                i2c_write1ByteRegister
 .text.i2c_read1ByteRegister
                0x000018d0       0x80 src/i2c_simple_master.o
                0x000018d0                i2c_read1ByteRegister
 .text.i2c_cb_restart_write
                0x00001950        0x4 src/i2c_types.o
                0x00001950                i2c_cb_restart_write
 .text.SLPCTRL_init
                0x00001954        0x4 src/slpctrl.o
                0x00001954                SLPCTRL_init
 .text.system_timer_init
                0x00001958        0x4 src/tca.o
                0x00001958                system_timer_init
 .text.rx487x_default_rx_isr_cb
                0x0000195c       0x2a src/usart_basic.o
                0x0000195c                rx487x_default_rx_isr_cb
 .text.rx487x_default_udre_isr_cb
                0x00001986       0x3c src/usart_basic.o
                0x00001986                rx487x_default_udre_isr_cb
 .text.usb_cdc_default_rx_isr_cb
                0x000019c2       0x2a src/usart_basic.o
                0x000019c2                usb_cdc_default_rx_isr_cb
 .text.usb_cdc_default_udre_isr_cb
                0x000019ec       0x3c src/usart_basic.o
                0x000019ec                usb_cdc_default_udre_isr_cb
 .text.rx487x_set_ISR_cb
                0x00001a28       0x1e src/usart_basic.o
                0x00001a28                rx487x_set_ISR_cb
 .text.__vector_17
                0x00001a46       0x52 src/usart_basic.o
                0x00001a46                __vector_17
 .text.__vector_18
                0x00001a98       0x52 src/usart_basic.o
                0x00001a98                __vector_18
 .text.rx487x_is_tx_ready
                0x00001aea        0x8 src/usart_basic.o
                0x00001aea                rx487x_is_tx_ready
 .text.rx487x_write
                0x00001af2       0x38 src/usart_basic.o
                0x00001af2                rx487x_write
 .text.rx487x_init
                0x00001b2a       0x30 src/usart_basic.o
                0x00001b2a                rx487x_init
 .text.rx487x_get_data
                0x00001b5a        0x6 src/usart_basic.o
                0x00001b5a                rx487x_get_data
 .text.usb_cdc_set_ISR_cb
                0x00001b60       0x1e src/usart_basic.o
                0x00001b60                usb_cdc_set_ISR_cb
 .text.__vector_31
                0x00001b7e       0x52 src/usart_basic.o
                0x00001b7e                __vector_31
 .text.__vector_32
                0x00001bd0       0x52 src/usart_basic.o
                0x00001bd0                __vector_32
 .text.usb_cdc_write
                0x00001c22       0x38 src/usart_basic.o
                0x00001c22                usb_cdc_write
 .text.usb_cdc_printCHAR
                0x00001c5a        0xa src/usart_basic.o
                0x00001c5a                usb_cdc_printCHAR
 .text.usb_cdc_init
                0x00001c64       0x40 src/usart_basic.o
                0x00001c64                usb_cdc_init
 .text.usb_cdc_get_data
                0x00001ca4        0x6 src/usart_basic.o
                0x00001ca4                usb_cdc_get_data
 .text.avr-libc.fplib
                0x00001caa        0xe f:/program files (x86)/atmel/studio/7.0/toolchain/avr8/avr8-gnu-toolchain/bin/../lib/gcc/avr/5.4.0/../../../../avr/lib/avrxmega3\libm.a(addsf3.o)
                0x00001caa                __subsf3
                0x00001cac                __addsf3
 .text.avr-libc.fplib
                0x00001cb8       0xcc f:/program files (x86)/atmel/studio/7.0/toolchain/avr8/avr8-gnu-toolchain/bin/../lib/gcc/avr/5.4.0/../../../../avr/lib/avrxmega3\libm.a(addsf3x.o)
                0x00001cda                __addsf3x
 .text.avr-libc.fplib
                0x00001d84        0x8 f:/program files (x86)/atmel/studio/7.0/toolchain/avr8/avr8-gnu-toolchain/bin/../lib/gcc/avr/5.4.0/../../../../avr/lib/avrxmega3\libm.a(divsf3.o)
                0x00001d84                __divsf3
 .text.avr-libc.fplib
                0x00001d8c       0xdc f:/program files (x86)/atmel/studio/7.0/toolchain/avr8/avr8-gnu-toolchain/bin/../lib/gcc/avr/5.4.0/../../../../avr/lib/avrxmega3\libm.a(divsf3x.o)
                0x00001dac                __divsf3x
                0x00001db2                __divsf3_pse
 .text.avr-libc.fplib
                0x00001e68       0x7a f:/program files (x86)/atmel/studio/7.0/toolchain/avr8/avr8-gnu-toolchain/bin/../lib/gcc/avr/5.4.0/../../../../avr/lib/avrxmega3\libm.a(floatsisf.o)
                0x00001e68                __floatunsisf
                0x00001e6c                __floatsisf
 .text.avr-libc.fplib
                0x00001ee2        0xc f:/program files (x86)/atmel/studio/7.0/toolchain/avr8/avr8-gnu-toolchain/bin/../lib/gcc/avr/5.4.0/../../../../avr/lib/avrxmega3\libm.a(fp_inf.o)
                0x00001ee2                __fp_inf
 .text.avr-libc.fplib
                0x00001eee        0x6 f:/program files (x86)/atmel/studio/7.0/toolchain/avr8/avr8-gnu-toolchain/bin/../lib/gcc/avr/5.4.0/../../../../avr/lib/avrxmega3\libm.a(fp_nan.o)
                0x00001eee                __fp_nan
 .text.avr-libc.fplib
                0x00001ef4        0xe f:/program files (x86)/atmel/studio/7.0/toolchain/avr8/avr8-gnu-toolchain/bin/../lib/gcc/avr/5.4.0/../../../../avr/lib/avrxmega3\libm.a(fp_pscA.o)
                0x00001ef4                __fp_pscA
 .text.avr-libc.fplib
                0x00001f02        0xe f:/program files (x86)/atmel/studio/7.0/toolchain/avr8/avr8-gnu-toolchain/bin/../lib/gcc/avr/5.4.0/../../../../avr/lib/avrxmega3\libm.a(fp_pscB.o)
                0x00001f02                __fp_pscB
 .text.avr-libc.fplib
                0x00001f10       0x22 f:/program files (x86)/atmel/studio/7.0/toolchain/avr8/avr8-gnu-toolchain/bin/../lib/gcc/avr/5.4.0/../../../../avr/lib/avrxmega3\libm.a(fp_round.o)
                0x00001f10                __fp_round
 .text.avr-libc.fplib
                0x00001f32       0x44 f:/program files (x86)/atmel/studio/7.0/toolchain/avr8/avr8-gnu-toolchain/bin/../lib/gcc/avr/5.4.0/../../../../avr/lib/avrxmega3\libm.a(fp_split3.o)
                0x00001f32                __fp_split3
                0x00001f42                __fp_splitA
 .text.avr-libc.fplib
                0x00001f76        0xe f:/program files (x86)/atmel/studio/7.0/toolchain/avr8/avr8-gnu-toolchain/bin/../lib/gcc/avr/5.4.0/../../../../avr/lib/avrxmega3\libm.a(fp_zero.o)
                0x00001f76                __fp_zero
                0x00001f78                __fp_szero
 .text.avr-libc.fplib
                0x00001f84        0x8 f:/program files (x86)/atmel/studio/7.0/toolchain/avr8/avr8-gnu-toolchain/bin/../lib/gcc/avr/5.4.0/../../../../avr/lib/avrxmega3\libm.a(mulsf3.o)
                0x00001f84                __mulsf3
 .text.avr-libc.fplib
                0x00001f8c       0xd2 f:/program files (x86)/atmel/studio/7.0/toolchain/avr8/avr8-gnu-toolchain/bin/../lib/gcc/avr/5.4.0/../../../../avr/lib/avrxmega3\libm.a(mulsf3x.o)
                0x00001faa                __mulsf3x
                0x00001fb0                __mulsf3_pse
 .text.avr-libc
                0x0000205e      0x6fa f:/program files (x86)/atmel/studio/7.0/toolchain/avr8/avr8-gnu-toolchain/bin/../lib/gcc/avr/5.4.0/../../../../avr/lib/avrxmega3\libprintf_flt.a(vfprintf_flt.o)
                0x0000205e                vfprintf
 .text.libgcc.mul
                0x00002758       0x10 f:/program files (x86)/atmel/studio/7.0/toolchain/avr8/avr8-gnu-toolchain/bin/../lib/gcc/avr/5.4.0/avrxmega3\libgcc.a(_mulshisi3.o)
                0x00002758                __mulshisi3
                0x0000275e                __mulohisi3
 .text.libgcc.prologue
                0x00002768       0x32 f:/program files (x86)/atmel/studio/7.0/toolchain/avr8/avr8-gnu-toolchain/bin/../lib/gcc/avr/5.4.0/avrxmega3\libgcc.a(_prologue.o)
                0x00002768                __prologue_saves__
 .text.libgcc.prologue
                0x0000279a       0x30 f:/program files (x86)/atmel/studio/7.0/toolchain/avr8/avr8-gnu-toolchain/bin/../lib/gcc/avr/5.4.0/avrxmega3\libgcc.a(_epilogue.o)
                0x0000279a                __epilogue_restores__
 .text.libgcc.mul
                0x000027ca       0x16 f:/program files (x86)/atmel/studio/7.0/toolchain/avr8/avr8-gnu-toolchain/bin/../lib/gcc/avr/5.4.0/avrxmega3\libgcc.a(_muluhisi3.o)
                0x000027ca                __muluhisi3
 .text.libgcc.mul
                0x000027e0       0x1e f:/program files (x86)/atmel/studio/7.0/toolchain/avr8/avr8-gnu-toolchain/bin/../lib/gcc/avr/5.4.0/avrxmega3\libgcc.a(_umulhisi3.o)
                0x000027e0                __umulhisi3
 .text.avr-libc
                0x000027fe      0x22c f:/program files (x86)/atmel/studio/7.0/toolchain/avr8/avr8-gnu-toolchain/bin/../lib/gcc/avr/5.4.0/../../../../avr/lib/avrxmega3\libc.a(strtol.o)
                0x000027fe                strtol
 .text.avr-libc
                0x00002a2a      0x1b0 f:/program files (x86)/atmel/studio/7.0/toolchain/avr8/avr8-gnu-toolchain/bin/../lib/gcc/avr/5.4.0/../../../../avr/lib/avrxmega3\libc.a(ftoa_engine.o)
                0x00002a2a                __ftoa_engine
 .text.avr-libc
                0x00002bda       0x12 f:/program files (x86)/atmel/studio/7.0/toolchain/avr8/avr8-gnu-toolchain/bin/../lib/gcc/avr/5.4.0/../../../../avr/lib/avrxmega3\libc.a(isspace.o)
                0x00002bda                isspace
 .text.avr-libc
                0x00002bec       0x16 f:/program files (x86)/atmel/studio/7.0/toolchain/avr8/avr8-gnu-toolchain/bin/../lib/gcc/avr/5.4.0/../../../../avr/lib/avrxmega3\libc.a(strnlen_P.o)
                0x00002bec                strnlen_P
 .text.avr-libc
                0x00002c02       0x1e f:/program files (x86)/atmel/studio/7.0/toolchain/avr8/avr8-gnu-toolchain/bin/../lib/gcc/avr/5.4.0/../../../../avr/lib/avrxmega3\libc.a(strncpy.o)
                0x00002c02                strncpy
 .text.avr-libc
                0x00002c20       0x16 f:/program files (x86)/atmel/studio/7.0/toolchain/avr8/avr8-gnu-toolchain/bin/../lib/gcc/avr/5.4.0/../../../../avr/lib/avrxmega3\libc.a(strnlen.o)
                0x00002c20                strnlen
 .text.avr-libc
                0x00002c36       0x34 f:/program files (x86)/atmel/studio/7.0/toolchain/avr8/avr8-gnu-toolchain/bin/../lib/gcc/avr/5.4.0/../../../../avr/lib/avrxmega3\libc.a(strstr.o)
                0x00002c36                strstr
 .text.avr-libc
                0x00002c6a       0x78 f:/program files (x86)/atmel/studio/7.0/toolchain/avr8/avr8-gnu-toolchain/bin/../lib/gcc/avr/5.4.0/../../../../avr/lib/avrxmega3\libc.a(fputc.o)
                0x00002c6a                fputc
 .text.avr-libc
                0x00002ce2       0x2c f:/program files (x86)/atmel/studio/7.0/toolchain/avr8/avr8-gnu-toolchain/bin/../lib/gcc/avr/5.4.0/../../../../avr/lib/avrxmega3\libc.a(printf.o)
                0x00002ce2                printf
 .text.avr-libc
                0x00002d0e        0xe f:/program files (x86)/atmel/studio/7.0/toolchain/avr8/avr8-gnu-toolchain/bin/../lib/gcc/avr/5.4.0/../../../../avr/lib/avrxmega3\libc.a(putchar.o)
                0x00002d0e                putchar
 .text.avr-libc
                0x00002d1c       0x60 f:/program files (x86)/atmel/studio/7.0/toolchain/avr8/avr8-gnu-toolchain/bin/../lib/gcc/avr/5.4.0/../../../../avr/lib/avrxmega3\libc.a(puts.o)
                0x00002d1c                puts
 .text.avr-libc
                0x00002d7c       0x44 f:/program files (x86)/atmel/studio/7.0/toolchain/avr8/avr8-gnu-toolchain/bin/../lib/gcc/avr/5.4.0/../../../../avr/lib/avrxmega3\libc.a(sprintf.o)
                0x00002d7c                sprintf
 .text.avr-libc
                0x00002dc0       0x32 f:/program files (x86)/atmel/studio/7.0/toolchain/avr8/avr8-gnu-toolchain/bin/../lib/gcc/avr/5.4.0/../../../../avr/lib/avrxmega3\libc.a(sscanf.o)
                0x00002dc0                sscanf
 .text.avr-libc
                0x00002df2       0xbc f:/program files (x86)/atmel/studio/7.0/toolchain/avr8/avr8-gnu-toolchain/bin/../lib/gcc/avr/5.4.0/../../../../avr/lib/avrxmega3\libc.a(ultoa_invert.o)
                0x00002df2                __ultoa_invert
 .text.avr-libc
                0x00002eae      0x55a f:/program files (x86)/atmel/studio/7.0/toolchain/avr8/avr8-gnu-toolchain/bin/../lib/gcc/avr/5.4.0/../../../../avr/lib/avrxmega3\libc.a(vfscanf_std.o)
                0x000031e6                vfscanf
 .text.avr-libc
                0x00003408        0x6 f:/program files (x86)/atmel/studio/7.0/toolchain/avr8/avr8-gnu-toolchain/bin/../lib/gcc/avr/5.4.0/../../../../avr/lib/avrxmega3\libc.a(cty_isfalse.o)
                0x00003408                __ctype_isfalse
                0x0000340c                __ctype_istrue
 .text.avr-libc
                0x0000340e       0x16 f:/program files (x86)/atmel/studio/7.0/toolchain/avr8/avr8-gnu-toolchain/bin/../lib/gcc/avr/5.4.0/../../../../avr/lib/avrxmega3\libc.a(strchr_P.o)
                0x0000340e                strchr_P
 .text.avr-libc
                0x00003424       0x7c f:/program files (x86)/atmel/studio/7.0/toolchain/avr8/avr8-gnu-toolchain/bin/../lib/gcc/avr/5.4.0/../../../../avr/lib/avrxmega3\libc.a(fgetc.o)
                0x00003424                fgetc
 .text.avr-libc
                0x000034a0       0x32 f:/program files (x86)/atmel/studio/7.0/toolchain/avr8/avr8-gnu-toolchain/bin/../lib/gcc/avr/5.4.0/../../../../avr/lib/avrxmega3\libc.a(ungetc.o)
                0x000034a0                ungetc
 .text.libgcc.mul
                0x000034d2       0x20 f:/program files (x86)/atmel/studio/7.0/toolchain/avr8/avr8-gnu-toolchain/bin/../lib/gcc/avr/5.4.0/avrxmega3\libgcc.a(_mulsi3.o)
                0x000034d2                __mulsi3
 .text.libgcc.div
                0x000034f2       0x44 f:/program files (x86)/atmel/studio/7.0/toolchain/avr8/avr8-gnu-toolchain/bin/../lib/gcc/avr/5.4.0/avrxmega3\libgcc.a(_udivmodsi4.o)
                0x000034f2                __udivmodsi4
                0x00003536                . = ALIGN (0x2)
 *(.fini9)
 .fini9         0x00003536        0x0 f:/program files (x86)/atmel/studio/7.0/toolchain/avr8/avr8-gnu-toolchain/bin/../lib/gcc/avr/5.4.0/avrxmega3\libgcc.a(_exit.o)
                0x00003536                _exit
                0x00003536                exit
 *(.fini9)
 *(.fini8)
 *(.fini8)
 *(.fini7)
 *(.fini7)
 *(.fini6)
 *(.fini6)
 *(.fini5)
 *(.fini5)
 *(.fini4)
 *(.fini4)
 *(.fini3)
 *(.fini3)
 *(.fini2)
 *(.fini2)
 *(.fini1)
 *(.fini1)
 *(.fini0)
 .fini0         0x00003536        0x4 f:/program files (x86)/atmel/studio/7.0/toolchain/avr8/avr8-gnu-toolchain/bin/../lib/gcc/avr/5.4.0/avrxmega3\libgcc.a(_exit.o)
 *(.fini0)
                0x0000353a                _etext = .

.rodata         0x0000753a      0x1f9 load address 0x0000353a
 *(.rodata)
 .rodata        0x0000753a        0xa main.o
 *(.rodata*)
 .rodata.str1.1
                0x00007544      0x1a6 drivers/bluetooth/rn487x/rn487x.o
 .rodata.str1.1
                0x000076ea       0x49 main.o
 *(.gnu.linkonce.r*)

.data           0x00803000       0x8e load address 0x00003733
                0x00803000                PROVIDE (__data_start, .)
 *(.data)
 *(.data*)
 .data.temp_and_hum_characteristics
                0x00803000        0x4 drivers/bluetooth/rn487x/rn487x.o
 .data.rn487x_services
                0x00803004        0x2 drivers/bluetooth/rn487x/rn487x.o
 .data.rn487x_gap_ops
                0x00803006        0x8 drivers/bluetooth/rn487x/rn487x.o
 .data.rn487x_gatt_ops
                0x0080300e        0x8 drivers/bluetooth/rn487x/rn487x.o
 .data.rn487x_sys_ops
                0x00803016        0x6 drivers/bluetooth/rn487x/rn487x.o
 .data.temp_and_hum_service
                0x0080301c        0x8 drivers/bluetooth/rn487x/rn487x.o
                0x0080301c                temp_and_hum_service
 .data.humidity_read_characteristic
                0x00803024        0x6 drivers/bluetooth/rn487x/rn487x.o
                0x00803024                humidity_read_characteristic
 .data.temp_read_characteristic
                0x0080302a        0x6 drivers/bluetooth/rn487x/rn487x.o
                0x0080302a                temp_read_characteristic
 .data.rn487x   0x00803030       0x10 drivers/bluetooth/rn487x/rn487x.o
                0x00803030                rn487x
 .data.rn487x_config
                0x00803040       0x14 drivers/bluetooth/rn487x/rn487x.o
                0x00803040                rn487x_config
 .data.i2c_fsmStateTable
                0x00803054       0x24 src/i2c_master.o
                0x00803054                i2c_fsmStateTable
 .data.usb_cdc_udre_isr_cb
                0x00803078        0x2 src/usart_basic.o
                0x00803078                usb_cdc_udre_isr_cb
 .data.usb_cdc_rx_isr_cb
                0x0080307a        0x2 src/usart_basic.o
                0x0080307a                usb_cdc_rx_isr_cb
 .data.usb_cdc_stream
                0x0080307c        0xe src/usart_basic.o
                0x0080307c                usb_cdc_stream
 .data.rx487x_udre_isr_cb
                0x0080308a        0x2 src/usart_basic.o
                0x0080308a                rx487x_udre_isr_cb
 .data.rx487x_rx_isr_cb
                0x0080308c        0x2 src/usart_basic.o
                0x0080308c                rx487x_rx_isr_cb
 *(.gnu.linkonce.d*)
                0x0080308e                . = ALIGN (0x2)
                0x0080308e                _edata = .
                0x0080308e                PROVIDE (__data_end, .)

.bss            0x0080308e      0x80f
                0x0080308e                PROVIDE (__bss_start, .)
 *(.bss)
 *(.bss*)
 .bss.rn487x_events
                0x0080308e        0xe drivers/bluetooth/rn487x/rn487x.o
 .bss.rn487x_cmd_buff_b
                0x0080309c      0x100 drivers/bluetooth/rn487x/rn487x.o
 .bss.rn487x_cmd_buff_a
                0x0080319c      0x100 drivers/bluetooth/rn487x/rn487x.o
 .bss.usb_rx_wptr
                0x0080329c        0x2 drivers/bluetooth/rn487x/rn487x.o
 .bss.rn487x_usb_rx_buff
                0x0080329e       0x80 drivers/bluetooth/rn487x/rn487x.o
 .bss.rx_wptr   0x0080331e        0x2 drivers/bluetooth/rn487x/rn487x.o
 .bss.rn487x_rx_buff
                0x00803320      0x100 drivers/bluetooth/rn487x/rn487x.o
 .bss.i2c_status
                0x00803420       0x24 src/i2c_master.o
                0x00803420                i2c_status
 .bss.usb_cdc_tx_elements
                0x00803444        0x1 src/usart_basic.o
 .bss.usb_cdc_tx_tail
                0x00803445        0x1 src/usart_basic.o
 .bss.usb_cdc_tx_head
                0x00803446        0x1 src/usart_basic.o
 .bss.usb_cdc_txbuf
                0x00803447      0x100 src/usart_basic.o
 .bss.usb_cdc_rx_elements
                0x00803547        0x1 src/usart_basic.o
 .bss.usb_cdc_rx_tail
                0x00803548        0x1 src/usart_basic.o
 .bss.usb_cdc_rx_head
                0x00803549        0x1 src/usart_basic.o
 .bss.usb_cdc_rxbuf
                0x0080354a      0x100 src/usart_basic.o
 .bss.rx487x_tx_elements
                0x0080364a        0x1 src/usart_basic.o
 .bss.rx487x_tx_tail
                0x0080364b        0x1 src/usart_basic.o
 .bss.rx487x_tx_head
                0x0080364c        0x1 src/usart_basic.o
 .bss.rx487x_txbuf
                0x0080364d      0x100 src/usart_basic.o
 .bss.rx487x_rx_elements
                0x0080374d        0x1 src/usart_basic.o
 .bss.rx487x_rx_tail
                0x0080374e        0x1 src/usart_basic.o
 .bss.rx487x_rx_head
                0x0080374f        0x1 src/usart_basic.o
 .bss.rx487x_rxbuf
                0x00803750      0x100 src/usart_basic.o
 *(COMMON)
 COMMON         0x00803850       0x13 drivers/tempandhum.o
                0x00803850                H1_RH_X2
                0x00803852                H0_RH_X2
                0x00803854                T0_OUT
                0x00803856                T1_DEGC_X8
                0x00803858                err
                0x00803859                H0_T0
                0x0080385b                T1_OUT
                0x0080385d                T1_T0_MSB
                0x0080385f                T0_DEGC_X8
                0x00803861                H1_T0
 COMMON         0x00803863       0x32 main.o
                0x00803863                write_buff
 COMMON         0x00803895        0x6 f:/program files (x86)/atmel/studio/7.0/toolchain/avr8/avr8-gnu-toolchain/bin/../lib/gcc/avr/5.4.0/../../../../avr/lib/avrxmega3\libc.a(iob.o)
                0x00803895                __iob
 COMMON         0x0080389b        0x2 f:/program files (x86)/atmel/studio/7.0/toolchain/avr8/avr8-gnu-toolchain/bin/../lib/gcc/avr/5.4.0/../../../../avr/lib/avrxmega3\libc.a(errno.o)
                0x0080389b                errno
                0x0080389d                PROVIDE (__bss_end, .)
                0x00003733                __data_load_start = LOADADDR (.data)
                0x000037c1                __data_load_end = (__data_load_start + SIZEOF (.data))

.noinit         0x0080389d        0x0
                [!provide]                PROVIDE (__noinit_start, .)
 *(.noinit*)
                [!provide]                PROVIDE (__noinit_end, .)
                0x0080389d                _end = .
                [!provide]                PROVIDE (__heap_start, .)

.eeprom         0x00810000        0x0
 *(.eeprom*)
                0x00810000                __eeprom_end = .

.fuse
 *(.fuse)
 *(.lfuse)
 *(.hfuse)
 *(.efuse)

.lock
 *(.lock*)

.signature
 *(.signature*)

.user_signatures
 *(.user_signatures*)

.stab
 *(.stab)

.stabstr
 *(.stabstr)

.stab.excl
 *(.stab.excl)

.stab.exclstr
 *(.stab.exclstr)

.stab.index
 *(.stab.index)

.stab.indexstr
 *(.stab.indexstr)

.comment        0x00000000       0x5c
 *(.comment)
 .comment       0x00000000       0x30 atmel_start.o
                                 0x31 (size before relaxing)
 .comment       0x00000030       0x31 drivers/bluetooth/rn487x/rn487x.o
 .comment       0x00000030       0x31 drivers/tempandhum.o
 .comment       0x00000030       0x31 main.o
 .comment       0x00000030       0x31 src/bod.o
 .comment       0x00000030       0x31 src/clkctrl.o
 .comment       0x00000030       0x31 src/cpuint.o
 .comment       0x00000030       0x31 src/driver_init.o
 .comment       0x00000030       0x31 src/i2c_master.o
 .comment       0x00000030       0x31 src/i2c_simple_master.o
 .comment       0x00000030       0x31 src/i2c_types.o
 .comment       0x00000030       0x31 src/slpctrl.o
 .comment       0x00000030       0x31 src/tca.o
 .comment       0x00000030       0x31 src/usart_basic.o
 .comment       0x00000030       0x2c f:/program files (x86)/atmel/studio/7.0/toolchain/avr8/avr8-gnu-toolchain/bin/../lib/gcc/avr/5.4.0/../../../../avr/lib/avrxmega3\libprintf_flt.a(vfprintf_flt.o)
                                 0x2d (size before relaxing)
 .comment       0x0000005c       0x31 f:/program files (x86)/atmel/studio/7.0/toolchain/avr8/avr8-gnu-toolchain/bin/../lib/gcc/avr/5.4.0/../../../../avr/lib/avrxmega3\libc.a(strtol.o)
 .comment       0x0000005c       0x31 f:/program files (x86)/atmel/studio/7.0/toolchain/avr8/avr8-gnu-toolchain/bin/../lib/gcc/avr/5.4.0/../../../../avr/lib/avrxmega3\libc.a(fputc.o)
 .comment       0x0000005c       0x31 f:/program files (x86)/atmel/studio/7.0/toolchain/avr8/avr8-gnu-toolchain/bin/../lib/gcc/avr/5.4.0/../../../../avr/lib/avrxmega3\libc.a(iob.o)
 .comment       0x0000005c       0x31 f:/program files (x86)/atmel/studio/7.0/toolchain/avr8/avr8-gnu-toolchain/bin/../lib/gcc/avr/5.4.0/../../../../avr/lib/avrxmega3\libc.a(printf.o)
 .comment       0x0000005c       0x31 f:/program files (x86)/atmel/studio/7.0/toolchain/avr8/avr8-gnu-toolchain/bin/../lib/gcc/avr/5.4.0/../../../../avr/lib/avrxmega3\libc.a(putchar.o)
 .comment       0x0000005c       0x31 f:/program files (x86)/atmel/studio/7.0/toolchain/avr8/avr8-gnu-toolchain/bin/../lib/gcc/avr/5.4.0/../../../../avr/lib/avrxmega3\libc.a(puts.o)
 .comment       0x0000005c       0x31 f:/program files (x86)/atmel/studio/7.0/toolchain/avr8/avr8-gnu-toolchain/bin/../lib/gcc/avr/5.4.0/../../../../avr/lib/avrxmega3\libc.a(sprintf.o)
 .comment       0x0000005c       0x31 f:/program files (x86)/atmel/studio/7.0/toolchain/avr8/avr8-gnu-toolchain/bin/../lib/gcc/avr/5.4.0/../../../../avr/lib/avrxmega3\libc.a(sscanf.o)
 .comment       0x0000005c       0x2d f:/program files (x86)/atmel/studio/7.0/toolchain/avr8/avr8-gnu-toolchain/bin/../lib/gcc/avr/5.4.0/../../../../avr/lib/avrxmega3\libc.a(vfscanf_std.o)
 .comment       0x0000005c       0x2d f:/program files (x86)/atmel/studio/7.0/toolchain/avr8/avr8-gnu-toolchain/bin/../lib/gcc/avr/5.4.0/../../../../avr/lib/avrxmega3\libc.a(errno.o)
 .comment       0x0000005c       0x31 f:/program files (x86)/atmel/studio/7.0/toolchain/avr8/avr8-gnu-toolchain/bin/../lib/gcc/avr/5.4.0/../../../../avr/lib/avrxmega3\libc.a(fgetc.o)
 .comment       0x0000005c       0x31 f:/program files (x86)/atmel/studio/7.0/toolchain/avr8/avr8-gnu-toolchain/bin/../lib/gcc/avr/5.4.0/../../../../avr/lib/avrxmega3\libc.a(ungetc.o)

.note.gnu.avr.deviceinfo
                0x00000000       0x40
 .note.gnu.avr.deviceinfo
                0x00000000       0x40 F:/Program Files (x86)/Atmel/Studio/7.0/Packs/Atmel/ATmega_DFP/1.6.364/gcc/dev/atmega3208/avrxmega3/crtatmega3208.o

.note.gnu.build-id
 *(.note.gnu.build-id)

.debug
 *(.debug)

.line
 *(.line)

.debug_srcinfo
 *(.debug_srcinfo)

.debug_sfnames
 *(.debug_sfnames)

.debug_aranges  0x00000000      0x5b8
 *(.debug_aranges)
 .debug_aranges
                0x00000000       0x20 atmel_start.o
 .debug_aranges
                0x00000020      0x110 drivers/bluetooth/rn487x/rn487x.o
 .debug_aranges
                0x00000130       0x38 drivers/tempandhum.o
 .debug_aranges
                0x00000168       0x48 main.o
 .debug_aranges
                0x000001b0       0x20 src/bod.o
 .debug_aranges
                0x000001d0       0x20 src/clkctrl.o
 .debug_aranges
                0x000001f0       0x20 src/cpuint.o
 .debug_aranges
                0x00000210       0x48 src/driver_init.o
 .debug_aranges
                0x00000258      0x148 src/i2c_master.o
 .debug_aranges
                0x000003a0       0x78 src/i2c_simple_master.o
 .debug_aranges
                0x00000418       0x38 src/i2c_types.o
 .debug_aranges
                0x00000450       0x28 src/slpctrl.o
 .debug_aranges
                0x00000478       0x20 src/tca.o
 .debug_aranges
                0x00000498      0x120 src/usart_basic.o

.debug_pubnames
 *(.debug_pubnames)

.debug_info     0x00000000     0x82cf
 *(.debug_info .gnu.linkonce.wi.*)
 .debug_info    0x00000000     0x229c F:/Program Files (x86)/Atmel/Studio/7.0/Packs/Atmel/ATmega_DFP/1.6.364/gcc/dev/atmega3208/avrxmega3/crtatmega3208.o
 .debug_info    0x0000229c       0xa1 atmel_start.o
 .debug_info    0x0000233d     0x1c38 drivers/bluetooth/rn487x/rn487x.o
 .debug_info    0x00003f75      0x579 drivers/tempandhum.o
 .debug_info    0x000044ee      0x8e8 main.o
 .debug_info    0x00004dd6       0x8d src/bod.o
 .debug_info    0x00004e63       0x8d src/clkctrl.o
 .debug_info    0x00004ef0       0x8d src/cpuint.o
 .debug_info    0x00004f7d     0x10c8 src/driver_init.o
 .debug_info    0x00006045      0xc75 src/i2c_master.o
 .debug_info    0x00006cba      0x973 src/i2c_simple_master.o
 .debug_info    0x0000762d      0x146 src/i2c_types.o
 .debug_info    0x00007773      0x14b src/slpctrl.o
 .debug_info    0x000078be       0x8d src/tca.o
 .debug_info    0x0000794b      0x984 src/usart_basic.o

.debug_abbrev   0x00000000     0x354b
 *(.debug_abbrev)
 .debug_abbrev  0x00000000     0x20c2 F:/Program Files (x86)/Atmel/Studio/7.0/Packs/Atmel/ATmega_DFP/1.6.364/gcc/dev/atmega3208/avrxmega3/crtatmega3208.o
 .debug_abbrev  0x000020c2       0x63 atmel_start.o
 .debug_abbrev  0x00002125      0x467 drivers/bluetooth/rn487x/rn487x.o
 .debug_abbrev  0x0000258c      0x191 drivers/tempandhum.o
 .debug_abbrev  0x0000271d      0x1cd main.o
 .debug_abbrev  0x000028ea       0x51 src/bod.o
 .debug_abbrev  0x0000293b       0x51 src/clkctrl.o
 .debug_abbrev  0x0000298c       0x51 src/cpuint.o
 .debug_abbrev  0x000029dd      0x1e1 src/driver_init.o
 .debug_abbrev  0x00002bbe      0x30a src/i2c_master.o
 .debug_abbrev  0x00002ec8      0x15d src/i2c_simple_master.o
 .debug_abbrev  0x00003025       0x9d src/i2c_types.o
 .debug_abbrev  0x000030c2       0xd6 src/slpctrl.o
 .debug_abbrev  0x00003198       0x51 src/tca.o
 .debug_abbrev  0x000031e9      0x362 src/usart_basic.o

.debug_line     0x00000000     0x2c2f
 *(.debug_line .debug_line.* .debug_line_end)
 .debug_line    0x00000000      0x16f F:/Program Files (x86)/Atmel/Studio/7.0/Packs/Atmel/ATmega_DFP/1.6.364/gcc/dev/atmega3208/avrxmega3/crtatmega3208.o
 .debug_line    0x0000016f       0x60 atmel_start.o
 .debug_line    0x000001cf      0x9c0 drivers/bluetooth/rn487x/rn487x.o
 .debug_line    0x00000b8f      0x2c6 drivers/tempandhum.o
 .debug_line    0x00000e55      0x244 main.o
 .debug_line    0x00001099       0xa2 src/bod.o
 .debug_line    0x0000113b       0xa6 src/clkctrl.o
 .debug_line    0x000011e1       0xa5 src/cpuint.o
 .debug_line    0x00001286      0x3c3 src/driver_init.o
 .debug_line    0x00001649      0x817 src/i2c_master.o
 .debug_line    0x00001e60      0x528 src/i2c_simple_master.o
 .debug_line    0x00002388       0xa2 src/i2c_types.o
 .debug_line    0x0000242a      0x11c src/slpctrl.o
 .debug_line    0x00002546       0xa2 src/tca.o
 .debug_line    0x000025e8      0x647 src/usart_basic.o

.debug_frame    0x00000000      0xfcc
 *(.debug_frame)
 .debug_frame   0x00000000       0x24 atmel_start.o
 .debug_frame   0x00000024      0x4e0 drivers/bluetooth/rn487x/rn487x.o
 .debug_frame   0x00000504       0xcc drivers/tempandhum.o
 .debug_frame   0x000005d0       0xa4 main.o
 .debug_frame   0x00000674       0x24 src/bod.o
 .debug_frame   0x00000698       0x24 src/clkctrl.o
 .debug_frame   0x000006bc       0x24 src/cpuint.o
 .debug_frame   0x000006e0       0x74 src/driver_init.o
 .debug_frame   0x00000754      0x2d4 src/i2c_master.o
 .debug_frame   0x00000a28      0x1b4 src/i2c_simple_master.o
 .debug_frame   0x00000bdc       0x54 src/i2c_types.o
 .debug_frame   0x00000c30       0x34 src/slpctrl.o
 .debug_frame   0x00000c64       0x24 src/tca.o
 .debug_frame   0x00000c88      0x344 src/usart_basic.o

.debug_str      0x00000000     0x3385
 *(.debug_str)
 .debug_str     0x00000000      0xecd F:/Program Files (x86)/Atmel/Studio/7.0/Packs/Atmel/ATmega_DFP/1.6.364/gcc/dev/atmega3208/avrxmega3/crtatmega3208.o
 .debug_str     0x00000ecd      0x143 atmel_start.o
                                0x17c (size before relaxing)
 .debug_str     0x00001010      0xfbf drivers/bluetooth/rn487x/rn487x.o
                               0x1273 (size before relaxing)
 .debug_str     0x00001fcf      0x112 drivers/tempandhum.o
                                0x2c7 (size before relaxing)
 .debug_str     0x000020e1       0x27 main.o
                                0xd0d (size before relaxing)
 .debug_str     0x00002108       0x16 src/bod.o
                                0x164 (size before relaxing)
 .debug_str     0x0000211e       0x1e src/clkctrl.o
                                0x16c (size before relaxing)
 .debug_str     0x0000213c       0x1c src/cpuint.o
                                0x16a (size before relaxing)
 .debug_str     0x00002158      0x48a src/driver_init.o
                                0x691 (size before relaxing)
 .debug_str     0x000025e2      0x6cf src/i2c_master.o
                                0x98c (size before relaxing)
 .debug_str     0x00002cb1      0x107 src/i2c_simple_master.o
                                0x3ba (size before relaxing)
 .debug_str     0x00002db8       0x63 src/i2c_types.o
                                0x1fa (size before relaxing)
 .debug_str     0x00002e1b       0xb0 src/slpctrl.o
                                0x230 (size before relaxing)
 .debug_str     0x00002ecb        0xd src/tca.o
                                0x16d (size before relaxing)
 .debug_str     0x00002ed8      0x4ad src/usart_basic.o
                                0x6ec (size before relaxing)

.debug_loc      0x00000000     0x360b
 *(.debug_loc)
 .debug_loc     0x00000000     0x1692 drivers/bluetooth/rn487x/rn487x.o
 .debug_loc     0x00001692      0x47e drivers/tempandhum.o
 .debug_loc     0x00001b10      0x1f5 main.o
 .debug_loc     0x00001d05      0x51d src/driver_init.o
 .debug_loc     0x00002222      0x538 src/i2c_master.o
 .debug_loc     0x0000275a      0x97d src/i2c_simple_master.o
 .debug_loc     0x000030d7       0x98 src/i2c_types.o
 .debug_loc     0x0000316f       0x21 src/slpctrl.o
 .debug_loc     0x00003190      0x47b src/usart_basic.o

.debug_macinfo
 *(.debug_macinfo)

.debug_weaknames
 *(.debug_weaknames)

.debug_funcnames
 *(.debug_funcnames)

.debug_typenames
 *(.debug_typenames)

.debug_varnames
 *(.debug_varnames)

.debug_pubtypes
 *(.debug_pubtypes)

.debug_ranges   0x00000000      0x4f0
 *(.debug_ranges)
 .debug_ranges  0x00000000       0x10 atmel_start.o
 .debug_ranges  0x00000010      0x118 drivers/bluetooth/rn487x/rn487x.o
 .debug_ranges  0x00000128       0x28 drivers/tempandhum.o
 .debug_ranges  0x00000150       0x38 main.o
 .debug_ranges  0x00000188       0x10 src/bod.o
 .debug_ranges  0x00000198       0x10 src/clkctrl.o
 .debug_ranges  0x000001a8       0x10 src/cpuint.o
 .debug_ranges  0x000001b8       0x38 src/driver_init.o
 .debug_ranges  0x000001f0      0x138 src/i2c_master.o
 .debug_ranges  0x00000328       0x68 src/i2c_simple_master.o
 .debug_ranges  0x00000390       0x28 src/i2c_types.o
 .debug_ranges  0x000003b8       0x18 src/slpctrl.o
 .debug_ranges  0x000003d0       0x10 src/tca.o
 .debug_ranges  0x000003e0      0x110 src/usart_basic.o

.debug_macro
 *(.debug_macro)
OUTPUT(ble_sensor.elf elf32-avr)
LOAD linker stubs
