Archive member included to satisfy reference by file (symbol)

f:/program files (x86)/atmel/studio/7.0/toolchain/avr8/avr8-gnu-toolchain/bin/../lib/gcc/avr/5.4.0/../../../../avr/lib/avrxmega3\libm.a(addsf3.o)
                              src/i2c_master.o (__subsf3)
f:/program files (x86)/atmel/studio/7.0/toolchain/avr8/avr8-gnu-toolchain/bin/../lib/gcc/avr/5.4.0/../../../../avr/lib/avrxmega3\libm.a(addsf3x.o)
                              f:/program files (x86)/atmel/studio/7.0/toolchain/avr8/avr8-gnu-toolchain/bin/../lib/gcc/avr/5.4.0/../../../../avr/lib/avrxmega3\libm.a(addsf3.o) (__addsf3x)
f:/program files (x86)/atmel/studio/7.0/toolchain/avr8/avr8-gnu-toolchain/bin/../lib/gcc/avr/5.4.0/../../../../avr/lib/avrxmega3\libm.a(divsf3.o)
                              drivers/tempandhum.o (__divsf3)
f:/program files (x86)/atmel/studio/7.0/toolchain/avr8/avr8-gnu-toolchain/bin/../lib/gcc/avr/5.4.0/../../../../avr/lib/avrxmega3\libm.a(divsf3x.o)
                              f:/program files (x86)/atmel/studio/7.0/toolchain/avr8/avr8-gnu-toolchain/bin/../lib/gcc/avr/5.4.0/../../../../avr/lib/avrxmega3\libm.a(divsf3.o) (__divsf3x)
f:/program files (x86)/atmel/studio/7.0/toolchain/avr8/avr8-gnu-toolchain/bin/../lib/gcc/avr/5.4.0/../../../../avr/lib/avrxmega3\libm.a(fixsfsi.o)
                              drivers/tempandhum.o (__fixsfsi)
f:/program files (x86)/atmel/studio/7.0/toolchain/avr8/avr8-gnu-toolchain/bin/../lib/gcc/avr/5.4.0/../../../../avr/lib/avrxmega3\libm.a(fixunssfsi.o)
                              src/i2c_master.o (__fixunssfsi)
f:/program files (x86)/atmel/studio/7.0/toolchain/avr8/avr8-gnu-toolchain/bin/../lib/gcc/avr/5.4.0/../../../../avr/lib/avrxmega3\libm.a(floatsisf.o)
                              src/i2c_master.o (__floatunsisf)
f:/program files (x86)/atmel/studio/7.0/toolchain/avr8/avr8-gnu-toolchain/bin/../lib/gcc/avr/5.4.0/../../../../avr/lib/avrxmega3\libm.a(fp_inf.o)
                              f:/program files (x86)/atmel/studio/7.0/toolchain/avr8/avr8-gnu-toolchain/bin/../lib/gcc/avr/5.4.0/../../../../avr/lib/avrxmega3\libm.a(addsf3x.o) (__fp_inf)
f:/program files (x86)/atmel/studio/7.0/toolchain/avr8/avr8-gnu-toolchain/bin/../lib/gcc/avr/5.4.0/../../../../avr/lib/avrxmega3\libm.a(fp_nan.o)
                              f:/program files (x86)/atmel/studio/7.0/toolchain/avr8/avr8-gnu-toolchain/bin/../lib/gcc/avr/5.4.0/../../../../avr/lib/avrxmega3\libm.a(addsf3x.o) (__fp_nan)
f:/program files (x86)/atmel/studio/7.0/toolchain/avr8/avr8-gnu-toolchain/bin/../lib/gcc/avr/5.4.0/../../../../avr/lib/avrxmega3\libm.a(fp_pscA.o)
                              f:/program files (x86)/atmel/studio/7.0/toolchain/avr8/avr8-gnu-toolchain/bin/../lib/gcc/avr/5.4.0/../../../../avr/lib/avrxmega3\libm.a(addsf3x.o) (__fp_pscA)
f:/program files (x86)/atmel/studio/7.0/toolchain/avr8/avr8-gnu-toolchain/bin/../lib/gcc/avr/5.4.0/../../../../avr/lib/avrxmega3\libm.a(fp_pscB.o)
                              f:/program files (x86)/atmel/studio/7.0/toolchain/avr8/avr8-gnu-toolchain/bin/../lib/gcc/avr/5.4.0/../../../../avr/lib/avrxmega3\libm.a(addsf3x.o) (__fp_pscB)
f:/program files (x86)/atmel/studio/7.0/toolchain/avr8/avr8-gnu-toolchain/bin/../lib/gcc/avr/5.4.0/../../../../avr/lib/avrxmega3\libm.a(fp_round.o)
                              f:/program files (x86)/atmel/studio/7.0/toolchain/avr8/avr8-gnu-toolchain/bin/../lib/gcc/avr/5.4.0/../../../../avr/lib/avrxmega3\libm.a(addsf3.o) (__fp_round)
f:/program files (x86)/atmel/studio/7.0/toolchain/avr8/avr8-gnu-toolchain/bin/../lib/gcc/avr/5.4.0/../../../../avr/lib/avrxmega3\libm.a(fp_split3.o)
                              f:/program files (x86)/atmel/studio/7.0/toolchain/avr8/avr8-gnu-toolchain/bin/../lib/gcc/avr/5.4.0/../../../../avr/lib/avrxmega3\libm.a(addsf3x.o) (__fp_split3)
f:/program files (x86)/atmel/studio/7.0/toolchain/avr8/avr8-gnu-toolchain/bin/../lib/gcc/avr/5.4.0/../../../../avr/lib/avrxmega3\libm.a(fp_zero.o)
                              f:/program files (x86)/atmel/studio/7.0/toolchain/avr8/avr8-gnu-toolchain/bin/../lib/gcc/avr/5.4.0/../../../../avr/lib/avrxmega3\libm.a(addsf3x.o) (__fp_zero)
f:/program files (x86)/atmel/studio/7.0/toolchain/avr8/avr8-gnu-toolchain/bin/../lib/gcc/avr/5.4.0/../../../../avr/lib/avrxmega3\libm.a(mulsf3.o)
                              drivers/tempandhum.o (__mulsf3)
f:/program files (x86)/atmel/studio/7.0/toolchain/avr8/avr8-gnu-toolchain/bin/../lib/gcc/avr/5.4.0/../../../../avr/lib/avrxmega3\libm.a(mulsf3x.o)
                              f:/program files (x86)/atmel/studio/7.0/toolchain/avr8/avr8-gnu-toolchain/bin/../lib/gcc/avr/5.4.0/../../../../avr/lib/avrxmega3\libm.a(mulsf3.o) (__mulsf3x)
f:/program files (x86)/atmel/studio/7.0/toolchain/avr8/avr8-gnu-toolchain/bin/../lib/gcc/avr/5.4.0/avrxmega3\libgcc.a(_exit.o)
                              F:/Program Files (x86)/Atmel/Studio/7.0/Packs/Atmel/ATmega_DFP/1.6.364/gcc/dev/atmega3208/avrxmega3/crtatmega3208.o (exit)
[...]
Memory Configuration

Name             Origin             Length             Attributes
text             0x00000000         0x00008000         xr
data             0x00803000         0x00001000         rw !x
eeprom           0x00810000         0x00000100         rw !x
fuse             0x00820000         0x0000000a         rw !x
lock             0x00830000         0x00000400         rw !x
signature        0x00840000         0x00000400         rw !x
user_signatures  0x00850000         0x00000400         rw !x
*default*        0x00000000         0xffffffff

Linker script and memory map

Address of section .data set to 0x803000
                0x00004000                __RODATA_PM_OFFSET__ = 0x4000
LOAD F:/Program Files (x86)/Atmel/Studio/7.0/Packs/Atmel/ATmega_DFP/1.6.364/gcc/dev/atmega3208/avrxmega3/crtatmega3208.o
LOAD atmel_start.o
LOAD drivers/bluetooth/rn487x/rn487x.o
LOAD drivers/bma253.o
LOAD drivers/mcp9844.o
LOAD drivers/tempandhum.o
LOAD driver_isr.o
LOAD examples/src/i2c_master_example.o
LOAD examples/src/usart_basic_example.o
LOAD main.o
LOAD src/bod.o
LOAD src/clkctrl.o
LOAD src/cpuint.o
LOAD src/driver_init.o
LOAD src/i2c_master.o
LOAD src/i2c_simple_master.o
LOAD src/i2c_types.o
LOAD src/protected_io.o
LOAD src/slpctrl.o
LOAD src/tca.o
LOAD src/usart_basic.o
START GROUP
LOAD f:/program files (x86)/atmel/studio/7.0/toolchain/avr8/avr8-gnu-toolchain/bin/../lib/gcc/avr/5.4.0/../../../../avr/lib/avrxmega3\libm.a
END GROUP
START GROUP
LOAD f:/program files (x86)/atmel/studio/7.0/toolchain/avr8/avr8-gnu-toolchain/bin/../lib/gcc/avr/5.4.0/avrxmega3\libgcc.a
LOAD f:/program files (x86)/atmel/studio/7.0/toolchain/avr8/avr8-gnu-toolchain/bin/../lib/gcc/avr/5.4.0/../../../../avr/lib/avrxmega3\libm.a
LOAD f:/program files (x86)/atmel/studio/7.0/toolchain/avr8/avr8-gnu-toolchain/bin/../lib/gcc/avr/5.4.0/../../../../avr/lib/avrxmega3\libc.a
LOAD F:/Program Files (x86)/Atmel/Studio/7.0/Packs/Atmel/ATmega_DFP/1.6.364/gcc/dev/atmega3208/avrxmega3\libatmega3208.a
END GROUP
                [0x00000000]                __TEXT_REGION_ORIGIN__ = DEFINED (__TEXT_REGION_ORIGIN__)?__TEXT_REGION_ORIGIN__:0x0
                [0x00803000]                __DATA_REGION_ORIGIN__ = DEFINED (__DATA_REGION_ORIGIN__)?__DATA_REGION_ORIGIN__:0x802000
                [0x00008000]                __TEXT_REGION_LENGTH__ = DEFINED (__TEXT_REGION_LENGTH__)?__TEXT_REGION_LENGTH__:0x100000
                [0x00001000]                __DATA_REGION_LENGTH__ = DEFINED (__DATA_REGION_LENGTH__)?__DATA_REGION_LENGTH__:0xffa0
                [0x00000100]                __EEPROM_REGION_LENGTH__ = DEFINED (__EEPROM_REGION_LENGTH__)?__EEPROM_REGION_LENGTH__:0x10000
                [0x0000000a]                __FUSE_REGION_LENGTH__ = DEFINED (__FUSE_REGION_LENGTH__)?__FUSE_REGION_LENGTH__:0x400
                0x00000400                __LOCK_REGION_LENGTH__ = DEFINED (__LOCK_REGION_LENGTH__)?__LOCK_REGION_LENGTH__:0x400
                0x00000400                __SIGNATURE_REGION_LENGTH__ = DEFINED (__SIGNATURE_REGION_LENGTH__)?__SIGNATURE_REGION_LENGTH__:0x400
                0x00000400                __USER_SIGNATURE_REGION_LENGTH__ = DEFINED (__USER_SIGNATURE_REGION_LENGTH__)?__USER_SIGNATURE_REGION_LENGTH__:0x400
                0x00008000                __RODATA_PM_OFFSET__ = DEFINED (__RODATA_PM_OFFSET__)?__RODATA_PM_OFFSET__:0x8000

.hash
 *(.hash)

.dynsym
 *(.dynsym)

.dynstr
 *(.dynstr)

.gnu.version
 *(.gnu.version)

.gnu.version_d
 *(.gnu.version_d)

.gnu.version_r
 *(.gnu.version_r)

.rel.init
 *(.rel.init)

.rela.init
 *(.rela.init)

.rel.text
 *(.rel.text)
 *(.rel.text.*)
 *(.rel.gnu.linkonce.t*)

.rela.text
 *(.rela.text)
 *(.rela.text.*)
 *(.rela.gnu.linkonce.t*)

.rel.fini
 *(.rel.fini)

.rela.fini
 *(.rela.fini)

.rel.rodata
 *(.rel.rodata)
 *(.rel.rodata.*)
 *(.rel.gnu.linkonce.r*)

.rela.rodata
 *(.rela.rodata)
 *(.rela.rodata.*)
 *(.rela.gnu.linkonce.r*)

.rel.data
 *(.rel.data)
 *(.rel.data.*)
 *(.rel.gnu.linkonce.d*)

.rela.data
 *(.rela.data)
 *(.rela.data.*)
 *(.rela.gnu.linkonce.d*)

.rel.ctors
 *(.rel.ctors)

.rela.ctors
 *(.rela.ctors)

.rel.dtors
 *(.rel.dtors)

.rela.dtors
 *(.rela.dtors)

.rel.got
 *(.rel.got)

.rela.got
 *(.rela.got)

.rel.bss
 *(.rel.bss)

.rela.bss
 *(.rela.bss)

.rel.plt
 *(.rel.plt)

.rela.plt
 *(.rela.plt)

.text           0x00000000     0x21e2
 *(.vectors)
 .vectors       0x00000000       0x90 F:/Program Files (x86)/Atmel/Studio/7.0/Packs/Atmel/ATmega_DFP/1.6.364/gcc/dev/atmega3208/avrxmega3/crtatmega3208.o
                0x00000000                __vector_default
                0x00000000                __vectors
 *(.vectors)
 *(.progmem.gcc*)
                0x00000090                . = ALIGN (0x2)
                0x00000090                __trampolines_start = .
 *(.trampolines)
 .trampolines   0x00000090        0x0 linker stubs
 *(.trampolines*)
                0x00000090                __trampolines_end = .
 *libprintf_flt.a:*(.progmem.data)
 *libc.a:*(.progmem.data)
 .progmem.data  0x00000090        0xc f:/program files (x86)/atmel/studio/7.0/toolchain/avr8/avr8-gnu-toolchain/bin/../lib/gcc/avr/5.4.0/../../../../avr/lib/avrxmega3\libc.a(vfscanf_std.o)
 *(.progmem*)
                0x0000009c                . = ALIGN (0x2)
 *(.jumptables)
 *(.jumptables*)
 *(.lowtext)
 *(.lowtext*)
                0x0000009c                __ctors_start = .
 *(.ctors)
                0x0000009c                __ctors_end = .
                0x0000009c                __dtors_start = .
 *(.dtors)
                0x0000009c                __dtors_end = .
 SORT(*)(.ctors)
 SORT(*)(.dtors)
 *(.init0)
 .init0         0x0000009c        0x0 F:/Program Files (x86)/Atmel/Studio/7.0/Packs/Atmel/ATmega_DFP/1.6.364/gcc/dev/atmega3208/avrxmega3/crtatmega3208.o
                0x0000009c                __init
 *(.init0)
 *(.init1)
 *(.init1)
 *(.init2)
 .init2         0x0000009c        0xc F:/Program Files (x86)/Atmel/Studio/7.0/Packs/Atmel/ATmega_DFP/1.6.364/gcc/dev/atmega3208/avrxmega3/crtatmega3208.o
 *(.init2)
 *(.init3)
 *(.init3)
 *(.init4)
 .init4         0x000000a8       0x16 f:/program files (x86)/atmel/studio/7.0/toolchain/avr8/avr8-gnu-toolchain/bin/../lib/gcc/avr/5.4.0/avrxmega3\libgcc.a(_copy_data.o)
                0x000000a8                __do_copy_data
 .init4         0x000000be       0x10 f:/program files (x86)/atmel/studio/7.0/toolchain/avr8/avr8-gnu-toolchain/bin/../lib/gcc/avr/5.4.0/avrxmega3\libgcc.a(_clear_bss.o)
                0x000000be                __do_clear_bss
 *(.init4)
 *(.init5)
 *(.init5)
 *(.init6)
 *(.init6)
 *(.init7)
 *(.init7)
 *(.init8)
 *(.init8)
 *(.init9)
 .init9         0x000000ce        0x8 F:/Program Files (x86)/Atmel/Studio/7.0/Packs/Atmel/ATmega_DFP/1.6.364/gcc/dev/atmega3208/avrxmega3/crtatmega3208.o
 *(.init9)
 *(.text)
 .text          0x000000d6        0x4 F:/Program Files (x86)/Atmel/Studio/7.0/Packs/Atmel/ATmega_DFP/1.6.364/gcc/dev/atmega3208/avrxmega3/crtatmega3208.o
                0x000000d6                __vector_22
                0x000000d6                __vector_28
                0x000000d6                __vector_1
                0x000000d6                __vector_34
                0x000000d6                __vector_24
                0x000000d6                __vector_12
                0x000000d6                __bad_interrupt
                0x000000d6                __vector_6
                0x000000d6                __vector_35
                0x000000d6                __vector_3
                0x000000d6                __vector_23
                0x000000d6                __vector_30
                0x000000d6                __vector_25
                0x000000d6                __vector_11
                0x000000d6                __vector_13
                0x000000d6                __vector_19
                0x000000d6                __vector_7
                0x000000d6                __vector_27
                0x000000d6                __vector_5
                0x000000d6                __vector_33
                0x000000d6                __vector_4
                0x000000d6                __vector_9
                0x000000d6                __vector_2
                0x000000d6                __vector_21
                0x000000d6                __vector_29
                0x000000d6                __vector_8
                0x000000d6                __vector_26
                0x000000d6                __vector_14
                0x000000d6                __vector_10
                0x000000d6                __vector_16
                0x000000d6                __vector_20
                0x000000da                . = ALIGN (0x2)
 *(.text.*)
 .text.atmel_start_init
                0x000000da        0x6 atmel_start.o
                0x000000da                atmel_start_init
 .text.rx487x_shutdown
                0x000000e0        0xa drivers/bluetooth/rn487x/rn487x.o
 .text.rn487x_clear_rx_buff
                0x000000ea       0x1e drivers/bluetooth/rn487x/rn487x.o
 .text.rn487x_usb_cdc_isr
                0x00000108       0x56 drivers/bluetooth/rn487x/rn487x.o
 .text.rn487x_cb_isr
                0x0000015e       0x30 drivers/bluetooth/rn487x/rn487x.o
 .text.rn487x_get_err_from_response
                0x0000018e       0x18 drivers/bluetooth/rn487x/rn487x.o
 .text.rx487x_reboot
                0x000001a6       0x32 drivers/bluetooth/rn487x/rn487x.o
 .text.rn487x_send_ascii_command
                0x000001d8       0xc8 drivers/bluetooth/rn487x/rn487x.o
                0x000001d8                rn487x_send_ascii_command
 .text.rn487x_main_loop
                0x000002a0       0x5c drivers/bluetooth/rn487x/rn487x.o
 .text.rx487x_factory_reset
                0x000002fc        0xe drivers/bluetooth/rn487x/rn487x.o
 .text.rn487x_read_value
                0x0000030a       0xbe drivers/bluetooth/rn487x/rn487x.o
                0x0000030a                rn487x_read_value
 .text.rn487x_write_value
                0x000003c8       0xa0 drivers/bluetooth/rn487x/rn487x.o
                0x000003c8                rn487x_write_value
 .text.rn487x_start_advertising
                0x00000468        0xa drivers/bluetooth/rn487x/rn487x.o
                0x00000468                rn487x_start_advertising
 .text.rn487x_stop_advertising
                0x00000472        0xa drivers/bluetooth/rn487x/rn487x.o
                0x00000472                rn487x_stop_advertising
 .text.rn487x_kill_connection
                0x0000047c        0xa drivers/bluetooth/rn487x/rn487x.o
                0x0000047c                rn487x_kill_connection
 .text.rn487x_register_service
                0x00000486       0x38 drivers/bluetooth/rn487x/rn487x.o
                0x00000486                rn487x_register_service
 .text.rn487x_register_characteristic
                0x000004be       0x44 drivers/bluetooth/rn487x/rn487x.o
                0x000004be                rn487x_register_characteristic
 .text.rn487x_gatt_init
                0x00000502      0x170 drivers/bluetooth/rn487x/rn487x.o
                0x00000502                rn487x_gatt_init
 .text.rn487x_set_address
                0x00000672       0x8a drivers/bluetooth/rn487x/rn487x.o
                0x00000672                rn487x_set_address
 .text.rn487x_set_device_name
                0x000006fc       0x2e drivers/bluetooth/rn487x/rn487x.o
                0x000006fc                rn487x_set_device_name
 .text.rn487x_set_appearance
                0x0000072a       0x2e drivers/bluetooth/rn487x/rn487x.o
                0x0000072a                rn487x_set_appearance
 .text.rn487x_set_connection_params
                0x00000758       0x40 drivers/bluetooth/rn487x/rn487x.o
                0x00000758                rn487x_set_connection_params
 .text.rn487x_set_security
                0x00000798       0x58 drivers/bluetooth/rn487x/rn487x.o
                0x00000798                rn487x_set_security
 .text.rn487x_gap_init
                0x000007f0       0x80 drivers/bluetooth/rn487x/rn487x.o
                0x000007f0                rn487x_gap_init
 .text.rn487x_init
                0x00000870       0x50 drivers/bluetooth/rn487x/rn487x.o
 .text.main     0x000008c0       0xa2 main.o
                0x000008c0                main
 .text.BOD_init
                0x00000962        0x4 src/bod.o
                0x00000962                BOD_init
 .text.CLKCTRL_init
                0x00000966        0x4 src/clkctrl.o
                0x00000966                CLKCTRL_init
 .text.CPUINT_init
                0x0000096a        0x4 src/cpuint.o
                0x0000096a                CPUINT_init
 .text.mcu_init
                0x0000096e       0x92 src/driver_init.o
                0x0000096e                mcu_init
 .text.rx487x_initialization
                0x00000a00       0x22 src/driver_init.o
                0x00000a00                rx487x_initialization
 .text.usb_cdc_initialization
                0x00000a22       0x22 src/driver_init.o
                0x00000a22                usb_cdc_initialization
 .text.system_timer_initialization
                0x00000a44        0x6 src/driver_init.o
                0x00000a44                system_timer_initialization
 .text.i2c_initialization
                0x00000a4a       0x4a src/driver_init.o
                0x00000a4a                i2c_initialization
 .text.system_init
                0x00000a94       0x54 src/driver_init.o
                0x00000a94                system_init
 .text.i2c_do_I2C_RESET
                0x00000ae8       0x20 src/i2c_master.o
 .text.i2c_do_I2C_IDLE
                0x00000b08       0x10 src/i2c_master.o
 .text.i2c_do_I2C_SEND_STOP
                0x00000b18       0x10 src/i2c_master.o
 .text.i2c_do_I2C_SEND_ADR_READ
                0x00000b28       0x1c src/i2c_master.o
 .text.i2c_do_I2C_SEND_RESTART
                0x00000b44        0x6 src/i2c_master.o
 .text.i2c_do_I2C_SEND_RESTART_READ
                0x00000b4a        0x6 src/i2c_master.o
 .text.i2c_do_I2C_SEND_ADR_WRITE
                0x00000b50       0x16 src/i2c_master.o
 .text.i2c_do_I2C_SEND_RESTART_WRITE
                0x00000b66        0x6 src/i2c_master.o
 .text.i2c_do_I2C_DO_ADDRESS_NACK
                0x00000b6c       0x40 src/i2c_master.o
 .text.i2c_do_I2C_RX_DO_ACK
                0x00000bac        0xe src/i2c_master.o
 .text.i2c_do_I2C_TX_DO_ACK
                0x00000bba        0xe src/i2c_master.o
 .text.i2c_do_I2C_DO_NACK_STOP
                0x00000bc8       0x16 src/i2c_master.o
 .text.i2c_do_I2C_DO_NACK_RESTART
                0x00000bde        0xe src/i2c_master.o
 .text.i2c_do_I2C_TX
                0x00000bec       0x6c src/i2c_master.o
 .text.i2c_do_I2C_RX
                0x00000c58       0xba src/i2c_master.o
 .text.i2c_do_I2C_TX_EMPTY
                0x00000d12       0x7a src/i2c_master.o
 .text.i2c_do_I2C_BUS_COLLISION
                0x00000d8c       0x44 src/i2c_master.o
 .text.i2c_do_I2C_BUS_ERROR
                0x00000dd0       0x22 src/i2c_master.o
 .text.i2c_master_isr
                0x00000df2       0x60 src/i2c_master.o
 .text.i2c_init
                0x00000e52        0xe src/i2c_master.o
                0x00000e52                i2c_init
 .text.__vector_15
                0x00000e60       0x48 src/i2c_master.o
                0x00000e60                __vector_15
 .text.SLPCTRL_init
                0x00000ea8        0x4 src/slpctrl.o
                0x00000ea8                SLPCTRL_init
 .text.system_timer_init
                0x00000eac        0x4 src/tca.o
                0x00000eac                system_timer_init
 .text.rx487x_default_rx_isr_cb
                0x00000eb0       0x2a src/usart_basic.o
                0x00000eb0                rx487x_default_rx_isr_cb
 .text.rx487x_default_udre_isr_cb
                0x00000eda       0x3c src/usart_basic.o
                0x00000eda                rx487x_default_udre_isr_cb
 .text.usb_cdc_default_rx_isr_cb
                0x00000f16       0x2a src/usart_basic.o
                0x00000f16                usb_cdc_default_rx_isr_cb
 .text.usb_cdc_default_udre_isr_cb
                0x00000f40       0x3c src/usart_basic.o
                0x00000f40                usb_cdc_default_udre_isr_cb
 .text.rx487x_set_ISR_cb
                0x00000f7c       0x1e src/usart_basic.o
                0x00000f7c                rx487x_set_ISR_cb
 .text.__vector_17
                0x00000f9a       0x52 src/usart_basic.o
                0x00000f9a                __vector_17
 .text.__vector_18
                0x00000fec       0x52 src/usart_basic.o
                0x00000fec                __vector_18
 .text.rx487x_is_tx_ready
                0x0000103e        0x8 src/usart_basic.o
                0x0000103e                rx487x_is_tx_ready
 .text.rx487x_write
                0x00001046       0x38 src/usart_basic.o
                0x00001046                rx487x_write
 .text.rx487x_init
                0x0000107e       0x30 src/usart_basic.o
                0x0000107e                rx487x_init
 .text.rx487x_get_data
                0x000010ae        0x6 src/usart_basic.o
                0x000010ae                rx487x_get_data
 .text.usb_cdc_set_ISR_cb
                0x000010b4       0x1e src/usart_basic.o
                0x000010b4                usb_cdc_set_ISR_cb
 .text.__vector_31
                0x000010d2       0x52 src/usart_basic.o
                0x000010d2                __vector_31
 .text.__vector_32
                0x00001124       0x52 src/usart_basic.o
                0x00001124                __vector_32
 .text.usb_cdc_write
                0x00001176       0x38 src/usart_basic.o
                0x00001176                usb_cdc_write
 .text.usb_cdc_printCHAR
                0x000011ae        0xa src/usart_basic.o
                0x000011ae                usb_cdc_printCHAR
 .text.usb_cdc_init
                0x000011b8       0x40 src/usart_basic.o
                0x000011b8                usb_cdc_init
 .text.usb_cdc_get_data
                0x000011f8        0x6 src/usart_basic.o
                0x000011f8                usb_cdc_get_data
 .text.libgcc.mul
                0x000011fe       0x16 f:/program files (x86)/atmel/studio/7.0/toolchain/avr8/avr8-gnu-toolchain/bin/../lib/gcc/avr/5.4.0/avrxmega3\libgcc.a(_muluhisi3.o)
                0x000011fe                __muluhisi3
 .text.libgcc.mul
                0x00001214       0x1e f:/program files (x86)/atmel/studio/7.0/toolchain/avr8/avr8-gnu-toolchain/bin/../lib/gcc/avr/5.4.0/avrxmega3\libgcc.a(_umulhisi3.o)
                0x00001214                __umulhisi3
 .text.avr-libc
                0x00001232      0x22c f:/program files (x86)/atmel/studio/7.0/toolchain/avr8/avr8-gnu-toolchain/bin/../lib/gcc/avr/5.4.0/../../../../avr/lib/avrxmega3\libc.a(strtol.o)
                0x00001232                strtol
 .text.avr-libc
                0x0000145e       0x12 f:/program files (x86)/atmel/studio/7.0/toolchain/avr8/avr8-gnu-toolchain/bin/../lib/gcc/avr/5.4.0/../../../../avr/lib/avrxmega3\libc.a(isspace.o)
                0x0000145e                isspace
 .text.avr-libc
                0x00001470       0x1e f:/program files (x86)/atmel/studio/7.0/toolchain/avr8/avr8-gnu-toolchain/bin/../lib/gcc/avr/5.4.0/../../../../avr/lib/avrxmega3\libc.a(strncpy.o)
                0x00001470                strncpy
 .text.avr-libc
                0x0000148e       0x34 f:/program files (x86)/atmel/studio/7.0/toolchain/avr8/avr8-gnu-toolchain/bin/../lib/gcc/avr/5.4.0/../../../../avr/lib/avrxmega3\libc.a(strstr.o)
                0x0000148e                strstr
 .text.avr-libc
                0x000014c2       0x2c f:/program files (x86)/atmel/studio/7.0/toolchain/avr8/avr8-gnu-toolchain/bin/../lib/gcc/avr/5.4.0/../../../../avr/lib/avrxmega3\libc.a(printf.o)
                0x000014c2                printf
 .text.avr-libc
                0x000014ee        0xe f:/program files (x86)/atmel/studio/7.0/toolchain/avr8/avr8-gnu-toolchain/bin/../lib/gcc/avr/5.4.0/../../../../avr/lib/avrxmega3\libc.a(putchar.o)
                0x000014ee                putchar
 .text.avr-libc
                0x000014fc       0x60 f:/program files (x86)/atmel/studio/7.0/toolchain/avr8/avr8-gnu-toolchain/bin/../lib/gcc/avr/5.4.0/../../../../avr/lib/avrxmega3\libc.a(puts.o)
                0x000014fc                puts
 .text.avr-libc
                0x0000155c       0x44 f:/program files (x86)/atmel/studio/7.0/toolchain/avr8/avr8-gnu-toolchain/bin/../lib/gcc/avr/5.4.0/../../../../avr/lib/avrxmega3\libc.a(sprintf.o)
                0x0000155c                sprintf
 .text.avr-libc
                0x000015a0       0x32 f:/program files (x86)/atmel/studio/7.0/toolchain/avr8/avr8-gnu-toolchain/bin/../lib/gcc/avr/5.4.0/../../../../avr/lib/avrxmega3\libc.a(sscanf.o)
                0x000015a0                sscanf
 .text.avr-libc
                0x000015d2      0x3c2 f:/program files (x86)/atmel/studio/7.0/toolchain/avr8/avr8-gnu-toolchain/bin/../lib/gcc/avr/5.4.0/../../../../avr/lib/avrxmega3\libc.a(vfprintf_std.o)
                0x000015d2                vfprintf
 .text.avr-libc
                0x00001994      0x55a f:/program files (x86)/atmel/studio/7.0/toolchain/avr8/avr8-gnu-toolchain/bin/../lib/gcc/avr/5.4.0/../../../../avr/lib/avrxmega3\libc.a(vfscanf_std.o)
                0x00001ccc                vfscanf
 .text.avr-libc
                0x00001eee        0x6 f:/program files (x86)/atmel/studio/7.0/toolchain/avr8/avr8-gnu-toolchain/bin/../lib/gcc/avr/5.4.0/../../../../avr/lib/avrxmega3\libc.a(cty_isfalse.o)
                0x00001eee                __ctype_isfalse
                0x00001ef2                __ctype_istrue
 .text.avr-libc
                0x00001ef4       0x16 f:/program files (x86)/atmel/studio/7.0/toolchain/avr8/avr8-gnu-toolchain/bin/../lib/gcc/avr/5.4.0/../../../../avr/lib/avrxmega3\libc.a(strchr_P.o)
                0x00001ef4                strchr_P
 .text.avr-libc
                0x00001f0a       0x16 f:/program files (x86)/atmel/studio/7.0/toolchain/avr8/avr8-gnu-toolchain/bin/../lib/gcc/avr/5.4.0/../../../../avr/lib/avrxmega3\libc.a(strnlen_P.o)
                0x00001f0a                strnlen_P
 .text.avr-libc
                0x00001f20       0x16 f:/program files (x86)/atmel/studio/7.0/toolchain/avr8/avr8-gnu-toolchain/bin/../lib/gcc/avr/5.4.0/../../../../avr/lib/avrxmega3\libc.a(strnlen.o)
                0x00001f20                strnlen
 .text.avr-libc
                0x00001f36       0x7c f:/program files (x86)/atmel/studio/7.0/toolchain/avr8/avr8-gnu-toolchain/bin/../lib/gcc/avr/5.4.0/../../../../avr/lib/avrxmega3\libc.a(fgetc.o)
                0x00001f36                fgetc
 .text.avr-libc
                0x00001fb2       0x78 f:/program files (x86)/atmel/studio/7.0/toolchain/avr8/avr8-gnu-toolchain/bin/../lib/gcc/avr/5.4.0/../../../../avr/lib/avrxmega3\libc.a(fputc.o)
                0x00001fb2                fputc
 .text.avr-libc
                0x0000202a       0x32 f:/program files (x86)/atmel/studio/7.0/toolchain/avr8/avr8-gnu-toolchain/bin/../lib/gcc/avr/5.4.0/../../../../avr/lib/avrxmega3\libc.a(ungetc.o)
                0x0000202a                ungetc
 .text.avr-libc
                0x0000205c       0xbc f:/program files (x86)/atmel/studio/7.0/toolchain/avr8/avr8-gnu-toolchain/bin/../lib/gcc/avr/5.4.0/../../../../avr/lib/avrxmega3\libc.a(ultoa_invert.o)
                0x0000205c                __ultoa_invert
 .text.libgcc.mul
                0x00002118       0x20 f:/program files (x86)/atmel/studio/7.0/toolchain/avr8/avr8-gnu-toolchain/bin/../lib/gcc/avr/5.4.0/avrxmega3\libgcc.a(_mulsi3.o)
                0x00002118                __mulsi3
 .text.libgcc.div
                0x00002138       0x44 f:/program files (x86)/atmel/studio/7.0/toolchain/avr8/avr8-gnu-toolchain/bin/../lib/gcc/avr/5.4.0/avrxmega3\libgcc.a(_udivmodsi4.o)
                0x00002138                __udivmodsi4
 .text.libgcc.prologue
                0x0000217c       0x32 f:/program files (x86)/atmel/studio/7.0/toolchain/avr8/avr8-gnu-toolchain/bin/../lib/gcc/avr/5.4.0/avrxmega3\libgcc.a(_prologue.o)
                0x0000217c                __prologue_saves__
 .text.libgcc.prologue
                0x000021ae       0x30 f:/program files (x86)/atmel/studio/7.0/toolchain/avr8/avr8-gnu-toolchain/bin/../lib/gcc/avr/5.4.0/avrxmega3\libgcc.a(_epilogue.o)
                0x000021ae                __epilogue_restores__
                0x000021de                . = ALIGN (0x2)
 *(.fini9)
 .fini9         0x000021de        0x0 f:/program files (x86)/atmel/studio/7.0/toolchain/avr8/avr8-gnu-toolchain/bin/../lib/gcc/avr/5.4.0/avrxmega3\libgcc.a(_exit.o)
                0x000021de                _exit
                0x000021de                exit
 *(.fini9)
 *(.fini8)
 *(.fini8)
 *(.fini7)
 *(.fini7)
 *(.fini6)
 *(.fini6)
 *(.fini5)
 *(.fini5)
 *(.fini4)
 *(.fini4)
 *(.fini3)
 *(.fini3)
 *(.fini2)
 *(.fini2)
 *(.fini1)
 *(.fini1)
 *(.fini0)
 .fini0         0x000021de        0x4 f:/program files (x86)/atmel/studio/7.0/toolchain/avr8/avr8-gnu-toolchain/bin/../lib/gcc/avr/5.4.0/avrxmega3\libgcc.a(_exit.o)
 *(.fini0)
                0x000021e2                _etext = .

.rodata         0x000061e2      0x16d load address 0x000021e2
 *(.rodata)
 .rodata        0x000061e2        0xa main.o
 *(.rodata*)
 .rodata.str1.1
                0x000061ec      0x163 drivers/bluetooth/rn487x/rn487x.o
 *(.gnu.linkonce.r*)

.data           0x00803000       0x88 load address 0x0000234f
                0x00803000                PROVIDE (__data_start, .)
 *(.data)
 *(.data*)
 .data.temp_and_hum_characteristics
                0x00803000        0x4 drivers/bluetooth/rn487x/rn487x.o
 .data.rn487x_services
                0x00803004        0x2 drivers/bluetooth/rn487x/rn487x.o
 .data.rn487x_gap_ops
                0x00803006        0x6 drivers/bluetooth/rn487x/rn487x.o
 .data.rn487x_gatt_ops
                0x0080300c        0x4 drivers/bluetooth/rn487x/rn487x.o
 .data.rn487x_sys_ops
                0x00803010        0x6 drivers/bluetooth/rn487x/rn487x.o
 .data.temp_and_hum_service
                0x00803016        0x8 drivers/bluetooth/rn487x/rn487x.o
                0x00803016                temp_and_hum_service
 .data.humidity_read_characteristic
                0x0080301e        0x6 drivers/bluetooth/rn487x/rn487x.o
                0x0080301e                humidity_read_characteristic
 .data.temp_read_characteristic
                0x00803024        0x6 drivers/bluetooth/rn487x/rn487x.o
                0x00803024                temp_read_characteristic
 .data.rn487x   0x0080302a       0x10 drivers/bluetooth/rn487x/rn487x.o
                0x0080302a                rn487x
 .data.rn487x_config
                0x0080303a       0x14 drivers/bluetooth/rn487x/rn487x.o
                0x0080303a                rn487x_config
 .data.i2c_fsmStateTable
                0x0080304e       0x24 src/i2c_master.o
                0x0080304e                i2c_fsmStateTable
 .data.usb_cdc_udre_isr_cb
                0x00803072        0x2 src/usart_basic.o
                0x00803072                usb_cdc_udre_isr_cb
 .data.usb_cdc_rx_isr_cb
                0x00803074        0x2 src/usart_basic.o
                0x00803074                usb_cdc_rx_isr_cb
 .data.usb_cdc_stream
                0x00803076        0xe src/usart_basic.o
                0x00803076                usb_cdc_stream
 .data.rx487x_udre_isr_cb
                0x00803084        0x2 src/usart_basic.o
                0x00803084                rx487x_udre_isr_cb
 .data.rx487x_rx_isr_cb
                0x00803086        0x2 src/usart_basic.o
                0x00803086                rx487x_rx_isr_cb
 *(.gnu.linkonce.d*)
                0x00803088                . = ALIGN (0x2)
                0x00803088                _edata = .
                0x00803088                PROVIDE (__data_end, .)

.bss            0x00803088      0x7bc
                0x00803088                PROVIDE (__bss_start, .)
 *(.bss)
 *(.bss*)
 .bss.rn487x_cmd_buff_b
                0x00803088      0x100 drivers/bluetooth/rn487x/rn487x.o
 .bss.rn487x_cmd_buff_a
                0x00803188      0x100 drivers/bluetooth/rn487x/rn487x.o
 .bss.usb_rx_wptr
                0x00803288        0x2 drivers/bluetooth/rn487x/rn487x.o
 .bss.rn487x_usb_rx_buff
                0x0080328a       0x80 drivers/bluetooth/rn487x/rn487x.o
 .bss.rx_wptr   0x0080330a        0x2 drivers/bluetooth/rn487x/rn487x.o
 .bss.rn487x_rx_buff
                0x0080330c      0x100 drivers/bluetooth/rn487x/rn487x.o
 .bss.i2c_status
                0x0080340c       0x24 src/i2c_master.o
                0x0080340c                i2c_status
 .bss.usb_cdc_tx_elements
                0x00803430        0x1 src/usart_basic.o
 .bss.usb_cdc_tx_tail
                0x00803431        0x1 src/usart_basic.o
 .bss.usb_cdc_tx_head
                0x00803432        0x1 src/usart_basic.o
 .bss.usb_cdc_txbuf
                0x00803433      0x100 src/usart_basic.o
 .bss.usb_cdc_rx_elements
                0x00803533        0x1 src/usart_basic.o
 .bss.usb_cdc_rx_tail
                0x00803534        0x1 src/usart_basic.o
 .bss.usb_cdc_rx_head
                0x00803535        0x1 src/usart_basic.o
 .bss.usb_cdc_rxbuf
                0x00803536      0x100 src/usart_basic.o
 .bss.rx487x_tx_elements
                0x00803636        0x1 src/usart_basic.o
 .bss.rx487x_tx_tail
                0x00803637        0x1 src/usart_basic.o
 .bss.rx487x_tx_head
                0x00803638        0x1 src/usart_basic.o
 .bss.rx487x_txbuf
                0x00803639      0x100 src/usart_basic.o
 .bss.rx487x_rx_elements
                0x00803739        0x1 src/usart_basic.o
 .bss.rx487x_rx_tail
                0x0080373a        0x1 src/usart_basic.o
 .bss.rx487x_rx_head
                0x0080373b        0x1 src/usart_basic.o
 .bss.rx487x_rxbuf
                0x0080373c      0x100 src/usart_basic.o
 *(COMMON)
 COMMON         0x0080383c        0x6 f:/program files (x86)/atmel/studio/7.0/toolchain/avr8/avr8-gnu-toolchain/bin/../lib/gcc/avr/5.4.0/../../../../avr/lib/avrxmega3\libc.a(iob.o)
                0x0080383c                __iob
 COMMON         0x00803842        0x2 f:/program files (x86)/atmel/studio/7.0/toolchain/avr8/avr8-gnu-toolchain/bin/../lib/gcc/avr/5.4.0/../../../../avr/lib/avrxmega3\libc.a(errno.o)
                0x00803842                errno
                0x00803844                PROVIDE (__bss_end, .)
                0x0000234f                __data_load_start = LOADADDR (.data)
                0x000023d7                __data_load_end = (__data_load_start + SIZEOF (.data))

.noinit         0x00803844        0x0
                [!provide]                PROVIDE (__noinit_start, .)
 *(.noinit*)
                [!provide]                PROVIDE (__noinit_end, .)
                0x00803844                _end = .
                [!provide]                PROVIDE (__heap_start, .)

.eeprom         0x00810000        0x0
 *(.eeprom*)
                0x00810000                __eeprom_end = .

.fuse
 *(.fuse)
 *(.lfuse)
 *(.hfuse)
 *(.efuse)

.lock
 *(.lock*)

.signature
 *(.signature*)

.user_signatures
 *(.user_signatures*)

.stab
 *(.stab)

.stabstr
 *(.stabstr)

.stab.excl
 *(.stab.excl)

.stab.exclstr
 *(.stab.exclstr)

.stab.index
 *(.stab.index)

.stab.indexstr
 *(.stab.indexstr)

.comment        0x00000000       0x5c
 *(.comment)
 .comment       0x00000000       0x30 atmel_start.o
                                 0x31 (size before relaxing)
 .comment       0x00000030       0x31 drivers/bluetooth/rn487x/rn487x.o
 .comment       0x00000030       0x31 main.o
 .comment       0x00000030       0x31 src/bod.o
 .comment       0x00000030       0x31 src/clkctrl.o
 .comment       0x00000030       0x31 src/cpuint.o
 .comment       0x00000030       0x31 src/driver_init.o
 .comment       0x00000030       0x31 src/i2c_master.o
 .comment       0x00000030       0x31 src/slpctrl.o
 .comment       0x00000030       0x31 src/tca.o
 .comment       0x00000030       0x31 src/usart_basic.o
 .comment       0x00000030       0x31 f:/program files (x86)/atmel/studio/7.0/toolchain/avr8/avr8-gnu-toolchain/bin/../lib/gcc/avr/5.4.0/../../../../avr/lib/avrxmega3\libc.a(strtol.o)
 .comment       0x00000030       0x31 f:/program files (x86)/atmel/studio/7.0/toolchain/avr8/avr8-gnu-toolchain/bin/../lib/gcc/avr/5.4.0/../../../../avr/lib/avrxmega3\libc.a(iob.o)
 .comment       0x00000030       0x31 f:/program files (x86)/atmel/studio/7.0/toolchain/avr8/avr8-gnu-toolchain/bin/../lib/gcc/avr/5.4.0/../../../../avr/lib/avrxmega3\libc.a(printf.o)
 .comment       0x00000030       0x31 f:/program files (x86)/atmel/studio/7.0/toolchain/avr8/avr8-gnu-toolchain/bin/../lib/gcc/avr/5.4.0/../../../../avr/lib/avrxmega3\libc.a(putchar.o)
 .comment       0x00000030       0x31 f:/program files (x86)/atmel/studio/7.0/toolchain/avr8/avr8-gnu-toolchain/bin/../lib/gcc/avr/5.4.0/../../../../avr/lib/avrxmega3\libc.a(puts.o)
 .comment       0x00000030       0x31 f:/program files (x86)/atmel/studio/7.0/toolchain/avr8/avr8-gnu-toolchain/bin/../lib/gcc/avr/5.4.0/../../../../avr/lib/avrxmega3\libc.a(sprintf.o)
 .comment       0x00000030       0x31 f:/program files (x86)/atmel/studio/7.0/toolchain/avr8/avr8-gnu-toolchain/bin/../lib/gcc/avr/5.4.0/../../../../avr/lib/avrxmega3\libc.a(sscanf.o)
 .comment       0x00000030       0x2c f:/program files (x86)/atmel/studio/7.0/toolchain/avr8/avr8-gnu-toolchain/bin/../lib/gcc/avr/5.4.0/../../../../avr/lib/avrxmega3\libc.a(vfprintf_std.o)
                                 0x2d (size before relaxing)
 .comment       0x0000005c       0x2d f:/program files (x86)/atmel/studio/7.0/toolchain/avr8/avr8-gnu-toolchain/bin/../lib/gcc/avr/5.4.0/../../../../avr/lib/avrxmega3\libc.a(vfscanf_std.o)
 .comment       0x0000005c       0x2d f:/program files (x86)/atmel/studio/7.0/toolchain/avr8/avr8-gnu-toolchain/bin/../lib/gcc/avr/5.4.0/../../../../avr/lib/avrxmega3\libc.a(errno.o)
 .comment       0x0000005c       0x31 f:/program files (x86)/atmel/studio/7.0/toolchain/avr8/avr8-gnu-toolchain/bin/../lib/gcc/avr/5.4.0/../../../../avr/lib/avrxmega3\libc.a(fgetc.o)
 .comment       0x0000005c       0x31 f:/program files (x86)/atmel/studio/7.0/toolchain/avr8/avr8-gnu-toolchain/bin/../lib/gcc/avr/5.4.0/../../../../avr/lib/avrxmega3\libc.a(fputc.o)
 .comment       0x0000005c       0x31 f:/program files (x86)/atmel/studio/7.0/toolchain/avr8/avr8-gnu-toolchain/bin/../lib/gcc/avr/5.4.0/../../../../avr/lib/avrxmega3\libc.a(ungetc.o)

.note.gnu.avr.deviceinfo
                0x00000000       0x40
 .note.gnu.avr.deviceinfo
                0x00000000       0x40 F:/Program Files (x86)/Atmel/Studio/7.0/Packs/Atmel/ATmega_DFP/1.6.364/gcc/dev/atmega3208/avrxmega3/crtatmega3208.o

.note.gnu.build-id
 *(.note.gnu.build-id)

.debug
 *(.debug)

.line
 *(.line)

.debug_srcinfo
 *(.debug_srcinfo)

.debug_sfnames
 *(.debug_sfnames)

.debug_aranges  0x00000000      0x478
 *(.debug_aranges)
 .debug_aranges
                0x00000000       0x20 atmel_start.o
 .debug_aranges
                0x00000020       0xe0 drivers/bluetooth/rn487x/rn487x.o
 .debug_aranges
                0x00000100       0x20 main.o
 .debug_aranges
                0x00000120       0x20 src/bod.o
 .debug_aranges
                0x00000140       0x20 src/clkctrl.o
 .debug_aranges
                0x00000160       0x20 src/cpuint.o
 .debug_aranges
                0x00000180       0x48 src/driver_init.o
 .debug_aranges
                0x000001c8      0x148 src/i2c_master.o
 .debug_aranges
                0x00000310       0x28 src/slpctrl.o
 .debug_aranges
                0x00000338       0x20 src/tca.o
 .debug_aranges
                0x00000358      0x120 src/usart_basic.o

.debug_pubnames
 *(.debug_pubnames)

.debug_info     0x00000000     0x6c62
 *(.debug_info .gnu.linkonce.wi.*)
 .debug_info    0x00000000     0x229c F:/Program Files (x86)/Atmel/Studio/7.0/Packs/Atmel/ATmega_DFP/1.6.364/gcc/dev/atmega3208/avrxmega3/crtatmega3208.o
 .debug_info    0x0000229c       0xa1 atmel_start.o
 .debug_info    0x0000233d     0x176d drivers/bluetooth/rn487x/rn487x.o
 .debug_info    0x00003aaa      0x778 main.o
 .debug_info    0x00004222       0x8d src/bod.o
 .debug_info    0x000042af       0x8d src/clkctrl.o
 .debug_info    0x0000433c       0x8d src/cpuint.o
 .debug_info    0x000043c9     0x10c8 src/driver_init.o
 .debug_info    0x00005491      0xc75 src/i2c_master.o
 .debug_info    0x00006106      0x14b src/slpctrl.o
 .debug_info    0x00006251       0x8d src/tca.o
 .debug_info    0x000062de      0x984 src/usart_basic.o

.debug_abbrev   0x00000000     0x313e
 *(.debug_abbrev)
 .debug_abbrev  0x00000000     0x20c2 F:/Program Files (x86)/Atmel/Studio/7.0/Packs/Atmel/ATmega_DFP/1.6.364/gcc/dev/atmega3208/avrxmega3/crtatmega3208.o
 .debug_abbrev  0x000020c2       0x63 atmel_start.o
 .debug_abbrev  0x00002125      0x45f drivers/bluetooth/rn487x/rn487x.o
 .debug_abbrev  0x00002584      0x153 main.o
 .debug_abbrev  0x000026d7       0x51 src/bod.o
 .debug_abbrev  0x00002728       0x51 src/clkctrl.o
 .debug_abbrev  0x00002779       0x51 src/cpuint.o
 .debug_abbrev  0x000027ca      0x1e1 src/driver_init.o
 .debug_abbrev  0x000029ab      0x30a src/i2c_master.o
 .debug_abbrev  0x00002cb5       0xd6 src/slpctrl.o
 .debug_abbrev  0x00002d8b       0x51 src/tca.o
 .debug_abbrev  0x00002ddc      0x362 src/usart_basic.o

.debug_line     0x00000000     0x213c
 *(.debug_line .debug_line.* .debug_line_end)
 .debug_line    0x00000000      0x16f F:/Program Files (x86)/Atmel/Studio/7.0/Packs/Atmel/ATmega_DFP/1.6.364/gcc/dev/atmega3208/avrxmega3/crtatmega3208.o
 .debug_line    0x0000016f       0x60 atmel_start.o
 .debug_line    0x000001cf      0x802 drivers/bluetooth/rn487x/rn487x.o
 .debug_line    0x000009d1      0x19f main.o
 .debug_line    0x00000b70       0xa2 src/bod.o
 .debug_line    0x00000c12       0xa6 src/clkctrl.o
 .debug_line    0x00000cb8       0xa5 src/cpuint.o
 .debug_line    0x00000d5d      0x3c3 src/driver_init.o
 .debug_line    0x00001120      0x817 src/i2c_master.o
 .debug_line    0x00001937      0x11c src/slpctrl.o
 .debug_line    0x00001a53       0xa2 src/tca.o
 .debug_line    0x00001af5      0x647 src/usart_basic.o

.debug_frame    0x00000000      0xbec
 *(.debug_frame)
 .debug_frame   0x00000000       0x24 atmel_start.o
 .debug_frame   0x00000024      0x444 drivers/bluetooth/rn487x/rn487x.o
 .debug_frame   0x00000468       0x34 main.o
 .debug_frame   0x0000049c       0x24 src/bod.o
 .debug_frame   0x000004c0       0x24 src/clkctrl.o
 .debug_frame   0x000004e4       0x24 src/cpuint.o
 .debug_frame   0x00000508       0x74 src/driver_init.o
 .debug_frame   0x0000057c      0x2d4 src/i2c_master.o
 .debug_frame   0x00000850       0x34 src/slpctrl.o
 .debug_frame   0x00000884       0x24 src/tca.o
 .debug_frame   0x000008a8      0x344 src/usart_basic.o

.debug_str      0x00000000     0x305a
 *(.debug_str)
 .debug_str     0x00000000      0xecd F:/Program Files (x86)/Atmel/Studio/7.0/Packs/Atmel/ATmega_DFP/1.6.364/gcc/dev/atmega3208/avrxmega3/crtatmega3208.o
 .debug_str     0x00000ecd      0x143 atmel_start.o
                                0x17c (size before relaxing)
 .debug_str     0x00001010      0xeaa drivers/bluetooth/rn487x/rn487x.o
                               0x1120 (size before relaxing)
 .debug_str     0x00001eba       0x65 main.o
                                0xbf8 (size before relaxing)
 .debug_str     0x00001f1f       0x16 src/bod.o
                                0x164 (size before relaxing)
 .debug_str     0x00001f35       0x1e src/clkctrl.o
                                0x16c (size before relaxing)
 .debug_str     0x00001f53       0x1c src/cpuint.o
                                0x16a (size before relaxing)
 .debug_str     0x00001f6f      0x48a src/driver_init.o
                                0x691 (size before relaxing)
 .debug_str     0x000023f9      0x6f7 src/i2c_master.o
                                0x98c (size before relaxing)
 .debug_str     0x00002af0       0xb0 src/slpctrl.o
                                0x230 (size before relaxing)
 .debug_str     0x00002ba0        0xd src/tca.o
                                0x16d (size before relaxing)
 .debug_str     0x00002bad      0x4ad src/usart_basic.o
                                0x6ec (size before relaxing)

.debug_loc      0x00000000     0x2206
 *(.debug_loc)
 .debug_loc     0x00000000     0x12ce drivers/bluetooth/rn487x/rn487x.o
 .debug_loc     0x000012ce       0x47 main.o
 .debug_loc     0x00001315      0x51d src/driver_init.o
 .debug_loc     0x00001832      0x538 src/i2c_master.o
 .debug_loc     0x00001d6a       0x21 src/slpctrl.o
 .debug_loc     0x00001d8b      0x47b src/usart_basic.o

.debug_macinfo
 *(.debug_macinfo)

.debug_weaknames
 *(.debug_weaknames)

.debug_funcnames
 *(.debug_funcnames)

.debug_typenames
 *(.debug_typenames)

.debug_varnames
 *(.debug_varnames)

.debug_pubtypes
 *(.debug_pubtypes)

.debug_ranges   0x00000000      0x3e0
 *(.debug_ranges)
 .debug_ranges  0x00000000       0x10 atmel_start.o
 .debug_ranges  0x00000010       0xe8 drivers/bluetooth/rn487x/rn487x.o
 .debug_ranges  0x000000f8       0x10 main.o
 .debug_ranges  0x00000108       0x10 src/bod.o
 .debug_ranges  0x00000118       0x10 src/clkctrl.o
 .debug_ranges  0x00000128       0x10 src/cpuint.o
 .debug_ranges  0x00000138       0x38 src/driver_init.o
 .debug_ranges  0x00000170      0x138 src/i2c_master.o
 .debug_ranges  0x000002a8       0x18 src/slpctrl.o
 .debug_ranges  0x000002c0       0x10 src/tca.o
 .debug_ranges  0x000002d0      0x110 src/usart_basic.o

.debug_macro
 *(.debug_macro)
OUTPUT(ble_sensor.elf elf32-avr)
LOAD linker stubs
