Archive member included to satisfy reference by file (symbol)

f:/program files (x86)/atmel/studio/7.0/toolchain/avr8/avr8-gnu-toolchain/bin/../lib/gcc/avr/5.4.0/../../../../avr/lib/avrxmega3\libm.a(addsf3.o)
                              src/i2c_master.o (__subsf3)
f:/program files (x86)/atmel/studio/7.0/toolchain/avr8/avr8-gnu-toolchain/bin/../lib/gcc/avr/5.4.0/../../../../avr/lib/avrxmega3\libm.a(addsf3x.o)
                              f:/program files (x86)/atmel/studio/7.0/toolchain/avr8/avr8-gnu-toolchain/bin/../lib/gcc/avr/5.4.0/../../../../avr/lib/avrxmega3\libm.a(addsf3.o) (__addsf3x)
f:/program files (x86)/atmel/studio/7.0/toolchain/avr8/avr8-gnu-toolchain/bin/../lib/gcc/avr/5.4.0/../../../../avr/lib/avrxmega3\libm.a(divsf3.o)
                              drivers/tempandhum.o (__divsf3)
f:/program files (x86)/atmel/studio/7.0/toolchain/avr8/avr8-gnu-toolchain/bin/../lib/gcc/avr/5.4.0/../../../../avr/lib/avrxmega3\libm.a(divsf3x.o)
                              f:/program files (x86)/atmel/studio/7.0/toolchain/avr8/avr8-gnu-toolchain/bin/../lib/gcc/avr/5.4.0/../../../../avr/lib/avrxmega3\libm.a(divsf3.o) (__divsf3x)
f:/program files (x86)/atmel/studio/7.0/toolchain/avr8/avr8-gnu-toolchain/bin/../lib/gcc/avr/5.4.0/../../../../avr/lib/avrxmega3\libm.a(fixsfsi.o)
                              drivers/tempandhum.o (__fixsfsi)
f:/program files (x86)/atmel/studio/7.0/toolchain/avr8/avr8-gnu-toolchain/bin/../lib/gcc/avr/5.4.0/../../../../avr/lib/avrxmega3\libm.a(fixunssfsi.o)
                              src/i2c_master.o (__fixunssfsi)
f:/program files (x86)/atmel/studio/7.0/toolchain/avr8/avr8-gnu-toolchain/bin/../lib/gcc/avr/5.4.0/../../../../avr/lib/avrxmega3\libm.a(floatsisf.o)
                              src/i2c_master.o (__floatunsisf)
f:/program files (x86)/atmel/studio/7.0/toolchain/avr8/avr8-gnu-toolchain/bin/../lib/gcc/avr/5.4.0/../../../../avr/lib/avrxmega3\libm.a(fp_inf.o)
                              f:/program files (x86)/atmel/studio/7.0/toolchain/avr8/avr8-gnu-toolchain/bin/../lib/gcc/avr/5.4.0/../../../../avr/lib/avrxmega3\libm.a(addsf3x.o) (__fp_inf)
f:/program files (x86)/atmel/studio/7.0/toolchain/avr8/avr8-gnu-toolchain/bin/../lib/gcc/avr/5.4.0/../../../../avr/lib/avrxmega3\libm.a(fp_nan.o)
                              f:/program files (x86)/atmel/studio/7.0/toolchain/avr8/avr8-gnu-toolchain/bin/../lib/gcc/avr/5.4.0/../../../../avr/lib/avrxmega3\libm.a(addsf3x.o) (__fp_nan)
f:/program files (x86)/atmel/studio/7.0/toolchain/avr8/avr8-gnu-toolchain/bin/../lib/gcc/avr/5.4.0/../../../../avr/lib/avrxmega3\libm.a(fp_pscA.o)
                              f:/program files (x86)/atmel/studio/7.0/toolchain/avr8/avr8-gnu-toolchain/bin/../lib/gcc/avr/5.4.0/../../../../avr/lib/avrxmega3\libm.a(addsf3x.o) (__fp_pscA)
f:/program files (x86)/atmel/studio/7.0/toolchain/avr8/avr8-gnu-toolchain/bin/../lib/gcc/avr/5.4.0/../../../../avr/lib/avrxmega3\libm.a(fp_pscB.o)
                              f:/program files (x86)/atmel/studio/7.0/toolchain/avr8/avr8-gnu-toolchain/bin/../lib/gcc/avr/5.4.0/../../../../avr/lib/avrxmega3\libm.a(addsf3x.o) (__fp_pscB)
f:/program files (x86)/atmel/studio/7.0/toolchain/avr8/avr8-gnu-toolchain/bin/../lib/gcc/avr/5.4.0/../../../../avr/lib/avrxmega3\libm.a(fp_round.o)
                              f:/program files (x86)/atmel/studio/7.0/toolchain/avr8/avr8-gnu-toolchain/bin/../lib/gcc/avr/5.4.0/../../../../avr/lib/avrxmega3\libm.a(addsf3.o) (__fp_round)
f:/program files (x86)/atmel/studio/7.0/toolchain/avr8/avr8-gnu-toolchain/bin/../lib/gcc/avr/5.4.0/../../../../avr/lib/avrxmega3\libm.a(fp_split3.o)
                              f:/program files (x86)/atmel/studio/7.0/toolchain/avr8/avr8-gnu-toolchain/bin/../lib/gcc/avr/5.4.0/../../../../avr/lib/avrxmega3\libm.a(addsf3x.o) (__fp_split3)
f:/program files (x86)/atmel/studio/7.0/toolchain/avr8/avr8-gnu-toolchain/bin/../lib/gcc/avr/5.4.0/../../../../avr/lib/avrxmega3\libm.a(fp_zero.o)
                              f:/program files (x86)/atmel/studio/7.0/toolchain/avr8/avr8-gnu-toolchain/bin/../lib/gcc/avr/5.4.0/../../../../avr/lib/avrxmega3\libm.a(addsf3x.o) (__fp_zero)
f:/program files (x86)/atmel/studio/7.0/toolchain/avr8/avr8-gnu-toolchain/bin/../lib/gcc/avr/5.4.0/../../../../avr/lib/avrxmega3\libm.a(mulsf3.o)
                              drivers/tempandhum.o (__mulsf3)
f:/program files (x86)/atmel/studio/7.0/toolchain/avr8/avr8-gnu-toolchain/bin/../lib/gcc/avr/5.4.0/../../../../avr/lib/avrxmega3\libm.a(mulsf3x.o)
                              f:/program files (x86)/atmel/studio/7.0/toolchain/avr8/avr8-gnu-toolchain/bin/../lib/gcc/avr/5.4.0/../../../../avr/lib/avrxmega3\libm.a(mulsf3.o) (__mulsf3x)
f:/program files (x86)/atmel/studio/7.0/toolchain/avr8/avr8-gnu-toolchain/bin/../lib/gcc/avr/5.4.0/avrxmega3\libgcc.a(_exit.o)
                              F:/Program Files (x86)/Atmel/Studio/7.0/Packs/Atmel/ATmega_DFP/1.6.364/gcc/dev/atmega3208/avrxmega3/crtatmega3208.o (exit)
[...]
Memory Configuration

Name             Origin             Length             Attributes
text             0x00000000         0x00008000         xr
data             0x00803000         0x00001000         rw !x
eeprom           0x00810000         0x00000100         rw !x
fuse             0x00820000         0x0000000a         rw !x
lock             0x00830000         0x00000400         rw !x
signature        0x00840000         0x00000400         rw !x
user_signatures  0x00850000         0x00000400         rw !x
*default*        0x00000000         0xffffffff

Linker script and memory map

Address of section .data set to 0x803000
                0x00004000                __RODATA_PM_OFFSET__ = 0x4000
LOAD F:/Program Files (x86)/Atmel/Studio/7.0/Packs/Atmel/ATmega_DFP/1.6.364/gcc/dev/atmega3208/avrxmega3/crtatmega3208.o
LOAD atmel_start.o
LOAD drivers/bluetooth/rn487x/rn487x.o
LOAD drivers/bma253.o
LOAD drivers/mcp9844.o
LOAD drivers/tempandhum.o
LOAD driver_isr.o
LOAD examples/src/i2c_master_example.o
LOAD examples/src/usart_basic_example.o
LOAD main.o
LOAD src/bod.o
LOAD src/clkctrl.o
LOAD src/cpuint.o
LOAD src/driver_init.o
LOAD src/i2c_master.o
LOAD src/i2c_simple_master.o
LOAD src/i2c_types.o
LOAD src/protected_io.o
LOAD src/slpctrl.o
LOAD src/tca.o
LOAD src/usart_basic.o
START GROUP
LOAD f:/program files (x86)/atmel/studio/7.0/toolchain/avr8/avr8-gnu-toolchain/bin/../lib/gcc/avr/5.4.0/../../../../avr/lib/avrxmega3\libm.a
END GROUP
START GROUP
LOAD f:/program files (x86)/atmel/studio/7.0/toolchain/avr8/avr8-gnu-toolchain/bin/../lib/gcc/avr/5.4.0/avrxmega3\libgcc.a
LOAD f:/program files (x86)/atmel/studio/7.0/toolchain/avr8/avr8-gnu-toolchain/bin/../lib/gcc/avr/5.4.0/../../../../avr/lib/avrxmega3\libm.a
LOAD f:/program files (x86)/atmel/studio/7.0/toolchain/avr8/avr8-gnu-toolchain/bin/../lib/gcc/avr/5.4.0/../../../../avr/lib/avrxmega3\libc.a
LOAD F:/Program Files (x86)/Atmel/Studio/7.0/Packs/Atmel/ATmega_DFP/1.6.364/gcc/dev/atmega3208/avrxmega3\libatmega3208.a
END GROUP
                [0x00000000]                __TEXT_REGION_ORIGIN__ = DEFINED (__TEXT_REGION_ORIGIN__)?__TEXT_REGION_ORIGIN__:0x0
                [0x00803000]                __DATA_REGION_ORIGIN__ = DEFINED (__DATA_REGION_ORIGIN__)?__DATA_REGION_ORIGIN__:0x802000
                [0x00008000]                __TEXT_REGION_LENGTH__ = DEFINED (__TEXT_REGION_LENGTH__)?__TEXT_REGION_LENGTH__:0x100000
                [0x00001000]                __DATA_REGION_LENGTH__ = DEFINED (__DATA_REGION_LENGTH__)?__DATA_REGION_LENGTH__:0xffa0
                [0x00000100]                __EEPROM_REGION_LENGTH__ = DEFINED (__EEPROM_REGION_LENGTH__)?__EEPROM_REGION_LENGTH__:0x10000
                [0x0000000a]                __FUSE_REGION_LENGTH__ = DEFINED (__FUSE_REGION_LENGTH__)?__FUSE_REGION_LENGTH__:0x400
                0x00000400                __LOCK_REGION_LENGTH__ = DEFINED (__LOCK_REGION_LENGTH__)?__LOCK_REGION_LENGTH__:0x400
                0x00000400                __SIGNATURE_REGION_LENGTH__ = DEFINED (__SIGNATURE_REGION_LENGTH__)?__SIGNATURE_REGION_LENGTH__:0x400
                0x00000400                __USER_SIGNATURE_REGION_LENGTH__ = DEFINED (__USER_SIGNATURE_REGION_LENGTH__)?__USER_SIGNATURE_REGION_LENGTH__:0x400
                0x00008000                __RODATA_PM_OFFSET__ = DEFINED (__RODATA_PM_OFFSET__)?__RODATA_PM_OFFSET__:0x8000

.hash
 *(.hash)

.dynsym
 *(.dynsym)

.dynstr
 *(.dynstr)

.gnu.version
 *(.gnu.version)

.gnu.version_d
 *(.gnu.version_d)

.gnu.version_r
 *(.gnu.version_r)

.rel.init
 *(.rel.init)

.rela.init
 *(.rela.init)

.rel.text
 *(.rel.text)
 *(.rel.text.*)
 *(.rel.gnu.linkonce.t*)

.rela.text
 *(.rela.text)
 *(.rela.text.*)
 *(.rela.gnu.linkonce.t*)

.rel.fini
 *(.rel.fini)

.rela.fini
 *(.rela.fini)

.rel.rodata
 *(.rel.rodata)
 *(.rel.rodata.*)
 *(.rel.gnu.linkonce.r*)

.rela.rodata
 *(.rela.rodata)
 *(.rela.rodata.*)
 *(.rela.gnu.linkonce.r*)

.rel.data
 *(.rel.data)
 *(.rel.data.*)
 *(.rel.gnu.linkonce.d*)

.rela.data
 *(.rela.data)
 *(.rela.data.*)
 *(.rela.gnu.linkonce.d*)

.rel.ctors
 *(.rel.ctors)

.rela.ctors
 *(.rela.ctors)

.rel.dtors
 *(.rel.dtors)

.rela.dtors
 *(.rela.dtors)

.rel.got
 *(.rel.got)

.rela.got
 *(.rela.got)

.rel.bss
 *(.rel.bss)

.rela.bss
 *(.rela.bss)

.rel.plt
 *(.rel.plt)

.rela.plt
 *(.rela.plt)

.text           0x00000000     0x1b9e
 *(.vectors)
 .vectors       0x00000000       0x90 F:/Program Files (x86)/Atmel/Studio/7.0/Packs/Atmel/ATmega_DFP/1.6.364/gcc/dev/atmega3208/avrxmega3/crtatmega3208.o
                0x00000000                __vector_default
                0x00000000                __vectors
 *(.vectors)
 *(.progmem.gcc*)
                0x00000090                . = ALIGN (0x2)
                0x00000090                __trampolines_start = .
 *(.trampolines)
 .trampolines   0x00000090        0x0 linker stubs
 *(.trampolines*)
                0x00000090                __trampolines_end = .
 *libprintf_flt.a:*(.progmem.data)
 *libc.a:*(.progmem.data)
 *(.progmem*)
                0x00000090                . = ALIGN (0x2)
 *(.jumptables)
 *(.jumptables*)
 *(.lowtext)
 *(.lowtext*)
                0x00000090                __ctors_start = .
 *(.ctors)
                0x00000090                __ctors_end = .
                0x00000090                __dtors_start = .
 *(.dtors)
                0x00000090                __dtors_end = .
 SORT(*)(.ctors)
 SORT(*)(.dtors)
 *(.init0)
 .init0         0x00000090        0x0 F:/Program Files (x86)/Atmel/Studio/7.0/Packs/Atmel/ATmega_DFP/1.6.364/gcc/dev/atmega3208/avrxmega3/crtatmega3208.o
                0x00000090                __init
 *(.init0)
 *(.init1)
 *(.init1)
 *(.init2)
 .init2         0x00000090        0xc F:/Program Files (x86)/Atmel/Studio/7.0/Packs/Atmel/ATmega_DFP/1.6.364/gcc/dev/atmega3208/avrxmega3/crtatmega3208.o
 *(.init2)
 *(.init3)
 *(.init3)
 *(.init4)
 .init4         0x0000009c       0x16 f:/program files (x86)/atmel/studio/7.0/toolchain/avr8/avr8-gnu-toolchain/bin/../lib/gcc/avr/5.4.0/avrxmega3\libgcc.a(_copy_data.o)
                0x0000009c                __do_copy_data
 .init4         0x000000b2       0x10 f:/program files (x86)/atmel/studio/7.0/toolchain/avr8/avr8-gnu-toolchain/bin/../lib/gcc/avr/5.4.0/avrxmega3\libgcc.a(_clear_bss.o)
                0x000000b2                __do_clear_bss
 *(.init4)
 *(.init5)
 *(.init5)
 *(.init6)
 *(.init6)
 *(.init7)
 *(.init7)
 *(.init8)
 *(.init8)
 *(.init9)
 .init9         0x000000c2        0x8 F:/Program Files (x86)/Atmel/Studio/7.0/Packs/Atmel/ATmega_DFP/1.6.364/gcc/dev/atmega3208/avrxmega3/crtatmega3208.o
 *(.init9)
 *(.text)
 .text          0x000000ca        0x4 F:/Program Files (x86)/Atmel/Studio/7.0/Packs/Atmel/ATmega_DFP/1.6.364/gcc/dev/atmega3208/avrxmega3/crtatmega3208.o
                0x000000ca                __vector_22
                0x000000ca                __vector_28
                0x000000ca                __vector_1
                0x000000ca                __vector_34
                0x000000ca                __vector_24
                0x000000ca                __vector_12
                0x000000ca                __bad_interrupt
                0x000000ca                __vector_6
                0x000000ca                __vector_35
                0x000000ca                __vector_3
                0x000000ca                __vector_23
                0x000000ca                __vector_30
                0x000000ca                __vector_25
                0x000000ca                __vector_11
                0x000000ca                __vector_13
                0x000000ca                __vector_19
                0x000000ca                __vector_7
                0x000000ca                __vector_27
                0x000000ca                __vector_5
                0x000000ca                __vector_33
                0x000000ca                __vector_4
                0x000000ca                __vector_9
                0x000000ca                __vector_2
                0x000000ca                __vector_21
                0x000000ca                __vector_29
                0x000000ca                __vector_8
                0x000000ca                __vector_26
                0x000000ca                __vector_14
                0x000000ca                __vector_10
                0x000000ca                __vector_16
                0x000000ca                __vector_20
                0x000000ce                . = ALIGN (0x2)
 *(.text.*)
 .text.atmel_start_init
                0x000000ce        0x6 atmel_start.o
                0x000000ce                atmel_start_init
 .text.rx487x_shutdown
                0x000000d4        0xa drivers/bluetooth/rn487x/rn487x.o
 .text.rn487x_init
                0x000000de       0x48 drivers/bluetooth/rn487x/rn487x.o
 .text.rn487x_cb_isr
                0x00000126       0x30 drivers/bluetooth/rn487x/rn487x.o
 .text.rn487x_get_err_from_response
                0x00000156       0x18 drivers/bluetooth/rn487x/rn487x.o
 .text.rn487x_clear_rx_buff
                0x0000016e       0x1e drivers/bluetooth/rn487x/rn487x.o
 .text.rx487x_reboot
                0x0000018c       0x32 drivers/bluetooth/rn487x/rn487x.o
 .text.rn487x_send_ascii_command
                0x000001be       0xc8 drivers/bluetooth/rn487x/rn487x.o
                0x000001be                rn487x_send_ascii_command
 .text.rn487x_write_value
                0x00000286      0x10a drivers/bluetooth/rn487x/rn487x.o
 .text.rn487x_read_value
                0x00000390       0xb4 drivers/bluetooth/rn487x/rn487x.o
 .text.rn487x_register_characteristic
                0x00000444       0x5c drivers/bluetooth/rn487x/rn487x.o
 .text.rn487x_register_service
                0x000004a0       0x58 drivers/bluetooth/rn487x/rn487x.o
 .text.rn487x_gatt_init
                0x000004f8      0x1a2 drivers/bluetooth/rn487x/rn487x.o
 .text.rx487x_factory_reset
                0x0000069a        0xe drivers/bluetooth/rn487x/rn487x.o
 .text.main     0x000006a8       0xb6 main.o
                0x000006a8                main
 .text.BOD_init
                0x0000075e        0x4 src/bod.o
                0x0000075e                BOD_init
 .text.CLKCTRL_init
                0x00000762        0x4 src/clkctrl.o
                0x00000762                CLKCTRL_init
 .text.CPUINT_init
                0x00000766        0x4 src/cpuint.o
                0x00000766                CPUINT_init
 .text.mcu_init
                0x0000076a       0x92 src/driver_init.o
                0x0000076a                mcu_init
 .text.rx487x_initialization
                0x000007fc       0x22 src/driver_init.o
                0x000007fc                rx487x_initialization
 .text.usb_cdc_initialization
                0x0000081e       0x22 src/driver_init.o
                0x0000081e                usb_cdc_initialization
 .text.system_timer_initialization
                0x00000840        0x6 src/driver_init.o
                0x00000840                system_timer_initialization
 .text.i2c_initialization
                0x00000846       0x4a src/driver_init.o
                0x00000846                i2c_initialization
 .text.system_init
                0x00000890       0x54 src/driver_init.o
                0x00000890                system_init
 .text.i2c_do_I2C_RESET
                0x000008e4       0x20 src/i2c_master.o
 .text.i2c_do_I2C_IDLE
                0x00000904       0x10 src/i2c_master.o
 .text.i2c_do_I2C_SEND_STOP
                0x00000914       0x10 src/i2c_master.o
 .text.i2c_do_I2C_SEND_ADR_READ
                0x00000924       0x1c src/i2c_master.o
 .text.i2c_do_I2C_SEND_RESTART
                0x00000940        0x6 src/i2c_master.o
 .text.i2c_do_I2C_SEND_RESTART_READ
                0x00000946        0x6 src/i2c_master.o
 .text.i2c_do_I2C_SEND_ADR_WRITE
                0x0000094c       0x16 src/i2c_master.o
 .text.i2c_do_I2C_SEND_RESTART_WRITE
                0x00000962        0x6 src/i2c_master.o
 .text.i2c_do_I2C_DO_ADDRESS_NACK
                0x00000968       0x40 src/i2c_master.o
 .text.i2c_do_I2C_RX_DO_ACK
                0x000009a8        0xe src/i2c_master.o
 .text.i2c_do_I2C_TX_DO_ACK
                0x000009b6        0xe src/i2c_master.o
 .text.i2c_do_I2C_DO_NACK_STOP
                0x000009c4       0x16 src/i2c_master.o
 .text.i2c_do_I2C_DO_NACK_RESTART
                0x000009da        0xe src/i2c_master.o
 .text.i2c_do_I2C_TX
                0x000009e8       0x6c src/i2c_master.o
 .text.i2c_do_I2C_RX
                0x00000a54       0xba src/i2c_master.o
 .text.i2c_do_I2C_TX_EMPTY
                0x00000b0e       0x7a src/i2c_master.o
 .text.i2c_do_I2C_BUS_COLLISION
                0x00000b88       0x44 src/i2c_master.o
 .text.i2c_do_I2C_BUS_ERROR
                0x00000bcc       0x22 src/i2c_master.o
 .text.i2c_master_isr
                0x00000bee       0x60 src/i2c_master.o
 .text.i2c_init
                0x00000c4e        0xe src/i2c_master.o
                0x00000c4e                i2c_init
 .text.__vector_15
                0x00000c5c       0x48 src/i2c_master.o
                0x00000c5c                __vector_15
 .text.SLPCTRL_init
                0x00000ca4        0x4 src/slpctrl.o
                0x00000ca4                SLPCTRL_init
 .text.system_timer_init
                0x00000ca8        0x4 src/tca.o
                0x00000ca8                system_timer_init
 .text.rx487x_default_rx_isr_cb
                0x00000cac       0x2a src/usart_basic.o
                0x00000cac                rx487x_default_rx_isr_cb
 .text.rx487x_default_udre_isr_cb
                0x00000cd6       0x3c src/usart_basic.o
                0x00000cd6                rx487x_default_udre_isr_cb
 .text.usb_cdc_default_rx_isr_cb
                0x00000d12       0x2a src/usart_basic.o
                0x00000d12                usb_cdc_default_rx_isr_cb
 .text.usb_cdc_default_udre_isr_cb
                0x00000d3c       0x3c src/usart_basic.o
                0x00000d3c                usb_cdc_default_udre_isr_cb
 .text.rx487x_set_ISR_cb
                0x00000d78       0x1e src/usart_basic.o
                0x00000d78                rx487x_set_ISR_cb
 .text.__vector_17
                0x00000d96       0x52 src/usart_basic.o
                0x00000d96                __vector_17
 .text.__vector_18
                0x00000de8       0x52 src/usart_basic.o
                0x00000de8                __vector_18
 .text.rx487x_is_tx_ready
                0x00000e3a        0x8 src/usart_basic.o
                0x00000e3a                rx487x_is_tx_ready
 .text.rx487x_write
                0x00000e42       0x38 src/usart_basic.o
                0x00000e42                rx487x_write
 .text.rx487x_init
                0x00000e7a       0x30 src/usart_basic.o
                0x00000e7a                rx487x_init
 .text.rx487x_get_data
                0x00000eaa        0x6 src/usart_basic.o
                0x00000eaa                rx487x_get_data
 .text.__vector_31
                0x00000eb0       0x52 src/usart_basic.o
                0x00000eb0                __vector_31
 .text.__vector_32
                0x00000f02       0x52 src/usart_basic.o
                0x00000f02                __vector_32
 .text.usb_cdc_write
                0x00000f54       0x38 src/usart_basic.o
                0x00000f54                usb_cdc_write
 .text.usb_cdc_printCHAR
                0x00000f8c        0xa src/usart_basic.o
                0x00000f8c                usb_cdc_printCHAR
 .text.usb_cdc_init
                0x00000f96       0x40 src/usart_basic.o
                0x00000f96                usb_cdc_init
 .text.libgcc.mul
                0x00000fd6       0x16 f:/program files (x86)/atmel/studio/7.0/toolchain/avr8/avr8-gnu-toolchain/bin/../lib/gcc/avr/5.4.0/avrxmega3\libgcc.a(_muluhisi3.o)
                0x00000fd6                __muluhisi3
 .text.libgcc.mul
                0x00000fec       0x1e f:/program files (x86)/atmel/studio/7.0/toolchain/avr8/avr8-gnu-toolchain/bin/../lib/gcc/avr/5.4.0/avrxmega3\libgcc.a(_umulhisi3.o)
                0x00000fec                __umulhisi3
 .text.avr-libc
                0x0000100a      0x242 f:/program files (x86)/atmel/studio/7.0/toolchain/avr8/avr8-gnu-toolchain/bin/../lib/gcc/avr/5.4.0/../../../../avr/lib/avrxmega3\libc.a(malloc.o)
                0x0000100a                malloc
                0x0000113a                free
 .text.avr-libc
                0x0000124c      0x22c f:/program files (x86)/atmel/studio/7.0/toolchain/avr8/avr8-gnu-toolchain/bin/../lib/gcc/avr/5.4.0/../../../../avr/lib/avrxmega3\libc.a(strtol.o)
                0x0000124c                strtol
 .text.avr-libc
                0x00001478       0x12 f:/program files (x86)/atmel/studio/7.0/toolchain/avr8/avr8-gnu-toolchain/bin/../lib/gcc/avr/5.4.0/../../../../avr/lib/avrxmega3\libc.a(isspace.o)
                0x00001478                isspace
 .text.avr-libc
                0x0000148a       0x1e f:/program files (x86)/atmel/studio/7.0/toolchain/avr8/avr8-gnu-toolchain/bin/../lib/gcc/avr/5.4.0/../../../../avr/lib/avrxmega3\libc.a(strncpy.o)
                0x0000148a                strncpy
 .text.avr-libc
                0x000014a8       0x34 f:/program files (x86)/atmel/studio/7.0/toolchain/avr8/avr8-gnu-toolchain/bin/../lib/gcc/avr/5.4.0/../../../../avr/lib/avrxmega3\libc.a(strstr.o)
                0x000014a8                strstr
 .text.avr-libc
                0x000014dc       0x2c f:/program files (x86)/atmel/studio/7.0/toolchain/avr8/avr8-gnu-toolchain/bin/../lib/gcc/avr/5.4.0/../../../../avr/lib/avrxmega3\libc.a(printf.o)
                0x000014dc                printf
 .text.avr-libc
                0x00001508       0x60 f:/program files (x86)/atmel/studio/7.0/toolchain/avr8/avr8-gnu-toolchain/bin/../lib/gcc/avr/5.4.0/../../../../avr/lib/avrxmega3\libc.a(puts.o)
                0x00001508                puts
 .text.avr-libc
                0x00001568       0x44 f:/program files (x86)/atmel/studio/7.0/toolchain/avr8/avr8-gnu-toolchain/bin/../lib/gcc/avr/5.4.0/../../../../avr/lib/avrxmega3\libc.a(sprintf.o)
                0x00001568                sprintf
 .text.avr-libc
                0x000015ac      0x3c2 f:/program files (x86)/atmel/studio/7.0/toolchain/avr8/avr8-gnu-toolchain/bin/../lib/gcc/avr/5.4.0/../../../../avr/lib/avrxmega3\libc.a(vfprintf_std.o)
                0x000015ac                vfprintf
 .text.avr-libc
                0x0000196e        0x6 f:/program files (x86)/atmel/studio/7.0/toolchain/avr8/avr8-gnu-toolchain/bin/../lib/gcc/avr/5.4.0/../../../../avr/lib/avrxmega3\libc.a(cty_isfalse.o)
                0x0000196e                __ctype_isfalse
                0x00001972                __ctype_istrue
 .text.avr-libc
                0x00001974       0x16 f:/program files (x86)/atmel/studio/7.0/toolchain/avr8/avr8-gnu-toolchain/bin/../lib/gcc/avr/5.4.0/../../../../avr/lib/avrxmega3\libc.a(strnlen_P.o)
                0x00001974                strnlen_P
 .text.avr-libc
                0x0000198a       0x16 f:/program files (x86)/atmel/studio/7.0/toolchain/avr8/avr8-gnu-toolchain/bin/../lib/gcc/avr/5.4.0/../../../../avr/lib/avrxmega3\libc.a(strnlen.o)
                0x0000198a                strnlen
 .text.avr-libc
                0x000019a0       0x78 f:/program files (x86)/atmel/studio/7.0/toolchain/avr8/avr8-gnu-toolchain/bin/../lib/gcc/avr/5.4.0/../../../../avr/lib/avrxmega3\libc.a(fputc.o)
                0x000019a0                fputc
 .text.avr-libc
                0x00001a18       0xbc f:/program files (x86)/atmel/studio/7.0/toolchain/avr8/avr8-gnu-toolchain/bin/../lib/gcc/avr/5.4.0/../../../../avr/lib/avrxmega3\libc.a(ultoa_invert.o)
                0x00001a18                __ultoa_invert
 .text.libgcc.mul
                0x00001ad4       0x20 f:/program files (x86)/atmel/studio/7.0/toolchain/avr8/avr8-gnu-toolchain/bin/../lib/gcc/avr/5.4.0/avrxmega3\libgcc.a(_mulsi3.o)
                0x00001ad4                __mulsi3
 .text.libgcc.div
                0x00001af4       0x44 f:/program files (x86)/atmel/studio/7.0/toolchain/avr8/avr8-gnu-toolchain/bin/../lib/gcc/avr/5.4.0/avrxmega3\libgcc.a(_udivmodsi4.o)
                0x00001af4                __udivmodsi4
 .text.libgcc.prologue
                0x00001b38       0x32 f:/program files (x86)/atmel/studio/7.0/toolchain/avr8/avr8-gnu-toolchain/bin/../lib/gcc/avr/5.4.0/avrxmega3\libgcc.a(_prologue.o)
                0x00001b38                __prologue_saves__
 .text.libgcc.prologue
                0x00001b6a       0x30 f:/program files (x86)/atmel/studio/7.0/toolchain/avr8/avr8-gnu-toolchain/bin/../lib/gcc/avr/5.4.0/avrxmega3\libgcc.a(_epilogue.o)
                0x00001b6a                __epilogue_restores__
                0x00001b9a                . = ALIGN (0x2)
 *(.fini9)
 .fini9         0x00001b9a        0x0 f:/program files (x86)/atmel/studio/7.0/toolchain/avr8/avr8-gnu-toolchain/bin/../lib/gcc/avr/5.4.0/avrxmega3\libgcc.a(_exit.o)
                0x00001b9a                _exit
                0x00001b9a                exit
 *(.fini9)
 *(.fini8)
 *(.fini8)
 *(.fini7)
 *(.fini7)
 *(.fini6)
 *(.fini6)
 *(.fini5)
 *(.fini5)
 *(.fini4)
 *(.fini4)
 *(.fini3)
 *(.fini3)
 *(.fini2)
 *(.fini2)
 *(.fini1)
 *(.fini1)
 *(.fini0)
 .fini0         0x00001b9a        0x4 f:/program files (x86)/atmel/studio/7.0/toolchain/avr8/avr8-gnu-toolchain/bin/../lib/gcc/avr/5.4.0/avrxmega3\libgcc.a(_exit.o)
 *(.fini0)
                0x00001b9e                _etext = .

.rodata         0x00005b9e      0x137 load address 0x00001b9e
 *(.rodata)
 .rodata        0x00005b9e        0xa main.o
 *(.rodata*)
 .rodata.str1.1
                0x00005ba8      0x10e drivers/bluetooth/rn487x/rn487x.o
 .rodata.str1.1
                0x00005cb6       0x1f main.o
 *(.gnu.linkonce.r*)

.data           0x00803000       0x90 load address 0x00001cd5
                0x00803000                PROVIDE (__data_start, .)
 *(.data)
 .data          0x00803000        0x6 f:/program files (x86)/atmel/studio/7.0/toolchain/avr8/avr8-gnu-toolchain/bin/../lib/gcc/avr/5.4.0/../../../../avr/lib/avrxmega3\libc.a(malloc.o)
                0x00803000                __malloc_heap_end
                0x00803002                __malloc_heap_start
                0x00803004                __malloc_margin
 *(.data*)
 .data.temp_and_hum_characteristics
                0x00803006        0x4 drivers/bluetooth/rn487x/rn487x.o
 .data.rn487x_services
                0x0080300a        0x2 drivers/bluetooth/rn487x/rn487x.o
 .data.rn487x_gatt_ops
                0x0080300c        0xa drivers/bluetooth/rn487x/rn487x.o
 .data.rn487x_sys_ops
                0x00803016        0x6 drivers/bluetooth/rn487x/rn487x.o
 .data.temp_and_hum_service
                0x0080301c        0x8 drivers/bluetooth/rn487x/rn487x.o
                0x0080301c                temp_and_hum_service
 .data.humidity_read_characteristic
                0x00803024        0x8 drivers/bluetooth/rn487x/rn487x.o
                0x00803024                humidity_read_characteristic
 .data.temp_read_characteristic
                0x0080302c        0x8 drivers/bluetooth/rn487x/rn487x.o
                0x0080302c                temp_read_characteristic
 .data.rn487x   0x00803034       0x22 drivers/bluetooth/rn487x/rn487x.o
                0x00803034                rn487x
 .data.i2c_fsmStateTable
                0x00803056       0x24 src/i2c_master.o
                0x00803056                i2c_fsmStateTable
 .data.usb_cdc_udre_isr_cb
                0x0080307a        0x2 src/usart_basic.o
                0x0080307a                usb_cdc_udre_isr_cb
 .data.usb_cdc_rx_isr_cb
                0x0080307c        0x2 src/usart_basic.o
                0x0080307c                usb_cdc_rx_isr_cb
 .data.usb_cdc_stream
                0x0080307e        0xe src/usart_basic.o
                0x0080307e                usb_cdc_stream
 .data.rx487x_udre_isr_cb
                0x0080308c        0x2 src/usart_basic.o
                0x0080308c                rx487x_udre_isr_cb
 .data.rx487x_rx_isr_cb
                0x0080308e        0x2 src/usart_basic.o
                0x0080308e                rx487x_rx_isr_cb
 *(.gnu.linkonce.d*)
                0x00803090                . = ALIGN (0x2)
                0x00803090                _edata = .
                0x00803090                PROVIDE (__data_end, .)

.bss            0x00803090      0x554
                0x00803090                PROVIDE (__bss_start, .)
 *(.bss)
 *(.bss*)
 .bss.rn487x_gap_ops
                0x00803090       0x16 drivers/bluetooth/rn487x/rn487x.o
 .bss.rx_wptr   0x008030a6        0x2 drivers/bluetooth/rn487x/rn487x.o
 .bss.rn487x_rx_buff
                0x008030a8      0x100 drivers/bluetooth/rn487x/rn487x.o
 .bss.i2c_status
                0x008031a8       0x24 src/i2c_master.o
                0x008031a8                i2c_status
 .bss.usb_cdc_tx_elements
                0x008031cc        0x1 src/usart_basic.o
 .bss.usb_cdc_tx_tail
                0x008031cd        0x1 src/usart_basic.o
 .bss.usb_cdc_tx_head
                0x008031ce        0x1 src/usart_basic.o
 .bss.usb_cdc_txbuf
                0x008031cf      0x100 src/usart_basic.o
 .bss.usb_cdc_rx_elements
                0x008032cf        0x1 src/usart_basic.o
 .bss.usb_cdc_rx_tail
                0x008032d0        0x1 src/usart_basic.o
 .bss.usb_cdc_rx_head
                0x008032d1        0x1 src/usart_basic.o
 .bss.usb_cdc_rxbuf
                0x008032d2      0x100 src/usart_basic.o
 .bss.rx487x_tx_elements
                0x008033d2        0x1 src/usart_basic.o
 .bss.rx487x_tx_tail
                0x008033d3        0x1 src/usart_basic.o
 .bss.rx487x_tx_head
                0x008033d4        0x1 src/usart_basic.o
 .bss.rx487x_txbuf
                0x008033d5      0x100 src/usart_basic.o
 .bss.rx487x_rx_elements
                0x008034d5        0x1 src/usart_basic.o
 .bss.rx487x_rx_tail
                0x008034d6        0x1 src/usart_basic.o
 .bss.rx487x_rx_head
                0x008034d7        0x1 src/usart_basic.o
 .bss.rx487x_rxbuf
                0x008034d8      0x100 src/usart_basic.o
 *(COMMON)
 COMMON         0x008035d8        0x4 f:/program files (x86)/atmel/studio/7.0/toolchain/avr8/avr8-gnu-toolchain/bin/../lib/gcc/avr/5.4.0/../../../../avr/lib/avrxmega3\libc.a(malloc.o)
                0x008035d8                __brkval
                0x008035da                __flp
 COMMON         0x008035dc        0x6 f:/program files (x86)/atmel/studio/7.0/toolchain/avr8/avr8-gnu-toolchain/bin/../lib/gcc/avr/5.4.0/../../../../avr/lib/avrxmega3\libc.a(iob.o)
                0x008035dc                __iob
 COMMON         0x008035e2        0x2 f:/program files (x86)/atmel/studio/7.0/toolchain/avr8/avr8-gnu-toolchain/bin/../lib/gcc/avr/5.4.0/../../../../avr/lib/avrxmega3\libc.a(errno.o)
                0x008035e2                errno
                0x008035e4                PROVIDE (__bss_end, .)
                0x00001cd5                __data_load_start = LOADADDR (.data)
                0x00001d65                __data_load_end = (__data_load_start + SIZEOF (.data))

.noinit         0x008035e4        0x0
                [!provide]                PROVIDE (__noinit_start, .)
 *(.noinit*)
                [!provide]                PROVIDE (__noinit_end, .)
                0x008035e4                _end = .
                0x008035e4                PROVIDE (__heap_start, .)

.eeprom         0x00810000        0x0
 *(.eeprom*)
                0x00810000                __eeprom_end = .

.fuse
 *(.fuse)
 *(.lfuse)
 *(.hfuse)
 *(.efuse)

.lock
 *(.lock*)

.signature
 *(.signature*)

.user_signatures
 *(.user_signatures*)

.stab
 *(.stab)

.stabstr
 *(.stabstr)

.stab.excl
 *(.stab.excl)

.stab.exclstr
 *(.stab.exclstr)

.stab.index
 *(.stab.index)

.stab.indexstr
 *(.stab.indexstr)

.comment        0x00000000       0x5c
 *(.comment)
 .comment       0x00000000       0x30 atmel_start.o
                                 0x31 (size before relaxing)
 .comment       0x00000030       0x31 drivers/bluetooth/rn487x/rn487x.o
 .comment       0x00000030       0x31 main.o
 .comment       0x00000030       0x31 src/bod.o
 .comment       0x00000030       0x31 src/clkctrl.o
 .comment       0x00000030       0x31 src/cpuint.o
 .comment       0x00000030       0x31 src/driver_init.o
 .comment       0x00000030       0x31 src/i2c_master.o
 .comment       0x00000030       0x31 src/slpctrl.o
 .comment       0x00000030       0x31 src/tca.o
 .comment       0x00000030       0x31 src/usart_basic.o
 .comment       0x00000030       0x31 f:/program files (x86)/atmel/studio/7.0/toolchain/avr8/avr8-gnu-toolchain/bin/../lib/gcc/avr/5.4.0/../../../../avr/lib/avrxmega3\libc.a(malloc.o)
 .comment       0x00000030       0x31 f:/program files (x86)/atmel/studio/7.0/toolchain/avr8/avr8-gnu-toolchain/bin/../lib/gcc/avr/5.4.0/../../../../avr/lib/avrxmega3\libc.a(strtol.o)
 .comment       0x00000030       0x31 f:/program files (x86)/atmel/studio/7.0/toolchain/avr8/avr8-gnu-toolchain/bin/../lib/gcc/avr/5.4.0/../../../../avr/lib/avrxmega3\libc.a(iob.o)
 .comment       0x00000030       0x31 f:/program files (x86)/atmel/studio/7.0/toolchain/avr8/avr8-gnu-toolchain/bin/../lib/gcc/avr/5.4.0/../../../../avr/lib/avrxmega3\libc.a(printf.o)
 .comment       0x00000030       0x31 f:/program files (x86)/atmel/studio/7.0/toolchain/avr8/avr8-gnu-toolchain/bin/../lib/gcc/avr/5.4.0/../../../../avr/lib/avrxmega3\libc.a(puts.o)
 .comment       0x00000030       0x31 f:/program files (x86)/atmel/studio/7.0/toolchain/avr8/avr8-gnu-toolchain/bin/../lib/gcc/avr/5.4.0/../../../../avr/lib/avrxmega3\libc.a(sprintf.o)
 .comment       0x00000030       0x2c f:/program files (x86)/atmel/studio/7.0/toolchain/avr8/avr8-gnu-toolchain/bin/../lib/gcc/avr/5.4.0/../../../../avr/lib/avrxmega3\libc.a(vfprintf_std.o)
                                 0x2d (size before relaxing)
 .comment       0x0000005c       0x2d f:/program files (x86)/atmel/studio/7.0/toolchain/avr8/avr8-gnu-toolchain/bin/../lib/gcc/avr/5.4.0/../../../../avr/lib/avrxmega3\libc.a(errno.o)
 .comment       0x0000005c       0x31 f:/program files (x86)/atmel/studio/7.0/toolchain/avr8/avr8-gnu-toolchain/bin/../lib/gcc/avr/5.4.0/../../../../avr/lib/avrxmega3\libc.a(fputc.o)

.note.gnu.avr.deviceinfo
                0x00000000       0x40
 .note.gnu.avr.deviceinfo
                0x00000000       0x40 F:/Program Files (x86)/Atmel/Studio/7.0/Packs/Atmel/ATmega_DFP/1.6.364/gcc/dev/atmega3208/avrxmega3/crtatmega3208.o

.note.gnu.build-id
 *(.note.gnu.build-id)

.debug
 *(.debug)

.line
 *(.line)

.debug_srcinfo
 *(.debug_srcinfo)

.debug_sfnames
 *(.debug_sfnames)

.debug_aranges  0x00000000      0x430
 *(.debug_aranges)
 .debug_aranges
                0x00000000       0x20 atmel_start.o
 .debug_aranges
                0x00000020       0x80 drivers/bluetooth/rn487x/rn487x.o
 .debug_aranges
                0x000000a0       0x38 main.o
 .debug_aranges
                0x000000d8       0x20 src/bod.o
 .debug_aranges
                0x000000f8       0x20 src/clkctrl.o
 .debug_aranges
                0x00000118       0x20 src/cpuint.o
 .debug_aranges
                0x00000138       0x48 src/driver_init.o
 .debug_aranges
                0x00000180      0x148 src/i2c_master.o
 .debug_aranges
                0x000002c8       0x28 src/slpctrl.o
 .debug_aranges
                0x000002f0       0x20 src/tca.o
 .debug_aranges
                0x00000310      0x120 src/usart_basic.o

.debug_pubnames
 *(.debug_pubnames)

.debug_info     0x00000000     0x6e52
 *(.debug_info .gnu.linkonce.wi.*)
 .debug_info    0x00000000     0x229c F:/Program Files (x86)/Atmel/Studio/7.0/Packs/Atmel/ATmega_DFP/1.6.364/gcc/dev/atmega3208/avrxmega3/crtatmega3208.o
 .debug_info    0x0000229c       0xa1 atmel_start.o
 .debug_info    0x0000233d     0x1383 drivers/bluetooth/rn487x/rn487x.o
 .debug_info    0x000036c0      0xd52 main.o
 .debug_info    0x00004412       0x8d src/bod.o
 .debug_info    0x0000449f       0x8d src/clkctrl.o
 .debug_info    0x0000452c       0x8d src/cpuint.o
 .debug_info    0x000045b9     0x10c8 src/driver_init.o
 .debug_info    0x00005681      0xc75 src/i2c_master.o
 .debug_info    0x000062f6      0x14b src/slpctrl.o
 .debug_info    0x00006441       0x8d src/tca.o
 .debug_info    0x000064ce      0x984 src/usart_basic.o

.debug_abbrev   0x00000000     0x326f
 *(.debug_abbrev)
 .debug_abbrev  0x00000000     0x20c2 F:/Program Files (x86)/Atmel/Studio/7.0/Packs/Atmel/ATmega_DFP/1.6.364/gcc/dev/atmega3208/avrxmega3/crtatmega3208.o
 .debug_abbrev  0x000020c2       0x63 atmel_start.o
 .debug_abbrev  0x00002125      0x3ed drivers/bluetooth/rn487x/rn487x.o
 .debug_abbrev  0x00002512      0x2f6 main.o
 .debug_abbrev  0x00002808       0x51 src/bod.o
 .debug_abbrev  0x00002859       0x51 src/clkctrl.o
 .debug_abbrev  0x000028aa       0x51 src/cpuint.o
 .debug_abbrev  0x000028fb      0x1e1 src/driver_init.o
 .debug_abbrev  0x00002adc      0x30a src/i2c_master.o
 .debug_abbrev  0x00002de6       0xd6 src/slpctrl.o
 .debug_abbrev  0x00002ebc       0x51 src/tca.o
 .debug_abbrev  0x00002f0d      0x362 src/usart_basic.o

.debug_line     0x00000000     0x2162
 *(.debug_line .debug_line.* .debug_line_end)
 .debug_line    0x00000000      0x16f F:/Program Files (x86)/Atmel/Studio/7.0/Packs/Atmel/ATmega_DFP/1.6.364/gcc/dev/atmega3208/avrxmega3/crtatmega3208.o
 .debug_line    0x0000016f       0x60 atmel_start.o
 .debug_line    0x000001cf      0x5cd drivers/bluetooth/rn487x/rn487x.o
 .debug_line    0x0000079c      0x3fa main.o
 .debug_line    0x00000b96       0xa2 src/bod.o
 .debug_line    0x00000c38       0xa6 src/clkctrl.o
 .debug_line    0x00000cde       0xa5 src/cpuint.o
 .debug_line    0x00000d83      0x3c3 src/driver_init.o
 .debug_line    0x00001146      0x817 src/i2c_master.o
 .debug_line    0x0000195d      0x11c src/slpctrl.o
 .debug_line    0x00001a79       0xa2 src/tca.o
 .debug_line    0x00001b1b      0x647 src/usart_basic.o

.debug_frame    0x00000000      0xa24
 *(.debug_frame)
 .debug_frame   0x00000000       0x24 atmel_start.o
 .debug_frame   0x00000024      0x24c drivers/bluetooth/rn487x/rn487x.o
 .debug_frame   0x00000270       0x64 main.o
 .debug_frame   0x000002d4       0x24 src/bod.o
 .debug_frame   0x000002f8       0x24 src/clkctrl.o
 .debug_frame   0x0000031c       0x24 src/cpuint.o
 .debug_frame   0x00000340       0x74 src/driver_init.o
 .debug_frame   0x000003b4      0x2d4 src/i2c_master.o
 .debug_frame   0x00000688       0x34 src/slpctrl.o
 .debug_frame   0x000006bc       0x24 src/tca.o
 .debug_frame   0x000006e0      0x344 src/usart_basic.o

.debug_str      0x00000000     0x306e
 *(.debug_str)
 .debug_str     0x00000000      0xecd F:/Program Files (x86)/Atmel/Studio/7.0/Packs/Atmel/ATmega_DFP/1.6.364/gcc/dev/atmega3208/avrxmega3/crtatmega3208.o
 .debug_str     0x00000ecd      0x143 atmel_start.o
                                0x17c (size before relaxing)
 .debug_str     0x00001010      0xe3b drivers/bluetooth/rn487x/rn487x.o
                               0x1074 (size before relaxing)
 .debug_str     0x00001e4b      0x10a main.o
                                0xe61 (size before relaxing)
 .debug_str     0x00001f55       0x16 src/bod.o
                                0x164 (size before relaxing)
 .debug_str     0x00001f6b       0x1e src/clkctrl.o
                                0x16c (size before relaxing)
 .debug_str     0x00001f89       0x1c src/cpuint.o
                                0x16a (size before relaxing)
 .debug_str     0x00001fa5      0x468 src/driver_init.o
                                0x691 (size before relaxing)
 .debug_str     0x0000240d      0x6f7 src/i2c_master.o
                                0x98c (size before relaxing)
 .debug_str     0x00002b04       0xb0 src/slpctrl.o
                                0x230 (size before relaxing)
 .debug_str     0x00002bb4        0xd src/tca.o
                                0x16d (size before relaxing)
 .debug_str     0x00002bc1      0x4ad src/usart_basic.o
                                0x6ec (size before relaxing)

.debug_loc      0x00000000     0x1b31
 *(.debug_loc)
 .debug_loc     0x00000000      0x9bf drivers/bluetooth/rn487x/rn487x.o
 .debug_loc     0x000009bf      0x281 main.o
 .debug_loc     0x00000c40      0x51d src/driver_init.o
 .debug_loc     0x0000115d      0x538 src/i2c_master.o
 .debug_loc     0x00001695       0x21 src/slpctrl.o
 .debug_loc     0x000016b6      0x47b src/usart_basic.o

.debug_macinfo
 *(.debug_macinfo)

.debug_weaknames
 *(.debug_weaknames)

.debug_funcnames
 *(.debug_funcnames)

.debug_typenames
 *(.debug_typenames)

.debug_varnames
 *(.debug_varnames)

.debug_pubtypes
 *(.debug_pubtypes)

.debug_ranges   0x00000000      0x380
 *(.debug_ranges)
 .debug_ranges  0x00000000       0x10 atmel_start.o
 .debug_ranges  0x00000010       0x70 drivers/bluetooth/rn487x/rn487x.o
 .debug_ranges  0x00000080       0x28 main.o
 .debug_ranges  0x000000a8       0x10 src/bod.o
 .debug_ranges  0x000000b8       0x10 src/clkctrl.o
 .debug_ranges  0x000000c8       0x10 src/cpuint.o
 .debug_ranges  0x000000d8       0x38 src/driver_init.o
 .debug_ranges  0x00000110      0x138 src/i2c_master.o
 .debug_ranges  0x00000248       0x18 src/slpctrl.o
 .debug_ranges  0x00000260       0x10 src/tca.o
 .debug_ranges  0x00000270      0x110 src/usart_basic.o

.debug_macro
 *(.debug_macro)
OUTPUT(ble_sensor.elf elf32-avr)
LOAD linker stubs
